
> test
> vitest


[7m[1m[34m DEV [39m[22m[27m [34mv1.6.1[39m [90mC:/Users/ahmat/OneDrive/Bureau/Application-de-gestion-juridique/frontend[39m

 [33mÔØ»[39m tests/unit/composables/useLawyer.test.ts [2m ([22m[2m22 tests[22m [2m|[22m [31m11 failed[39m[2m)[22m[90m 41[2mms[22m[39m
[31m   [33mÔØ»[31m tests/unit/composables/useLawyer.test.ts[2m > [22museLawyer Composable[2m > [22mGet Lawyers[2m > [22mshould fetch all lawyers[39m
[31m     ÔåÆ useApi is not defined[39m
[31m   [33mÔØ»[31m tests/unit/composables/useLawyer.test.ts[2m > [22museLawyer Composable[2m > [22mGet Lawyers[2m > [22mshould fetch lawyers with filters[39m
[31m     ÔåÆ useApi is not defined[39m
[31m   [33mÔØ»[31m tests/unit/composables/useLawyer.test.ts[2m > [22museLawyer Composable[2m > [22mGet Lawyer by ID[2m > [22mshould fetch lawyer profile[39m
[31m     ÔåÆ useApi is not defined[39m
[31m   [33mÔØ»[31m tests/unit/composables/useLawyer.test.ts[2m > [22museLawyer Composable[2m > [22mGet Lawyer by ID[2m > [22mshould handle not found error[39m
[31m     ÔåÆ useApi is not defined[39m
[31m   [33mÔØ»[31m tests/unit/composables/useLawyer.test.ts[2m > [22museLawyer Composable[2m > [22mLawyer Requests[2m > [22mshould create lawyer request successfully[39m
[31m     ÔåÆ useApi is not defined[39m
[31m   [33mÔØ»[31m tests/unit/composables/useLawyer.test.ts[2m > [22museLawyer Composable[2m > [22mLawyer Requests[2m > [22mshould handle validation errors[39m
[31m     ÔåÆ useApi is not defined[39m
[31m   [33mÔØ»[31m tests/unit/composables/useLawyer.test.ts[2m > [22museLawyer Composable[2m > [22mUpdate Lawyer Profile[2m > [22mshould update profile successfully[39m
[31m     ÔåÆ useApi is not defined[39m
[31m   [33mÔØ»[31m tests/unit/composables/useLawyer.test.ts[2m > [22museLawyer Composable[2m > [22mLawyer Availability[2m > [22mshould check lawyer availability[39m
[31m     ÔåÆ useApi is not defined[39m
[31m   [33mÔØ»[31m tests/unit/composables/useLawyer.test.ts[2m > [22museLawyer Composable[2m > [22mLawyer Availability[2m > [22mshould handle unavailable slots[39m
[31m     ÔåÆ useApi is not defined[39m
[31m   [33mÔØ»[31m tests/unit/composables/useLawyer.test.ts[2m > [22museLawyer Composable[2m > [22mEdge Cases[2m > [22mshould handle empty lawyers list[39m
[31m     ÔåÆ useApi is not defined[39m
[31m   [33mÔØ»[31m tests/unit/composables/useLawyer.test.ts[2m > [22museLawyer Composable[2m > [22mEdge Cases[2m > [22mshould handle unauthorized access[39m
[31m     ÔåÆ useApi is not defined[39m
 [33mÔØ»[39m tests/unit/composables/useDocument.test.ts [2m ([22m[2m22 tests[22m [2m|[22m [31m1 failed[39m[2m)[22m[90m 46[2mms[22m[39m
[31m   [33mÔØ»[31m tests/unit/composables/useDocument.test.ts[2m > [22museDocument Composable[2m > [22mEdge Cases[2m > [22mshould handle network errors during upload[39m
[31m     ÔåÆ expected true to be false // Object.is equality[39m
[90mstdout[2m | tests/unit/composables/useDocument.test.ts[2m > [22m[2museDocument Composable[2m > [22m[2mUpload Document[2m > [22m[2mshould upload document successfully[22m[39m
Tentative d'upload vers: http://localhost:3000/api/documents
FormData - file: File {}
FormData - case_id: case-1

[90mstdout[2m | tests/unit/composables/useDocument.test.ts[2m > [22m[2museDocument Composable[2m > [22m[2mUpload Document[2m > [22m[2mshould handle upload errors[22m[39m
Tentative d'upload vers: http://localhost:3000/api/documents

node.exe : [90mstderr[2m | tests/unit/composables/useDocument.test.ts[2m > [22m[2museDocument Composable[2m > [22m[2mUpload Document[2m > [22m[2mshould handle upload 
errors[22m[39m
Au caractère C:\Program Files\nodejs\npm.ps1:29 : 3
+   & $NODE_EXE $NPM_CLI_JS $args
+   ~~~~~~~~~~~~~~~~~~~~~~~~~~~~~
    + CategoryInfo          : NotSpecified: ([90mstderr[2m...rrors[22m[39m:String) [], RemoteException
    + FullyQualifiedErrorId : NativeCommandError
 
D├®tails erreur 404: [90mundefined[39m

[90mstdout[2m | tests/unit/composables/useDocument.test.ts[2m > [22m[2museDocument Composable[2m > [22m[2mUpload Document[2m > [22m[2mshould handle file size validation error[22m[39m
Tentative d'upload vers: http://localhost:3000/api/documents

[90mstderr[2m | tests/unit/composables/useDocument.test.ts[2m > [22m[2museDocument Composable[2m > [22m[2mUpload Document[2m > [22m[2mshould handle file size 
validation error[22m[39m
D├®tails erreur 404: [90mundefined[39m

[90mstderr[2m | tests/unit/composables/useDocument.test.ts[2m > [22m[2museDocument Composable[2m > [22m[2mDelete Document[2m > [22m[2mshould handle unauthorized 
delete[22m[39m
Erreur suppression document: Error: Forbidden
    at Module.mockFetchError [90m(C:\Users\ahmat\OneDrive\Bureau\Application-de-gestion-juridique\frontend\[39mtests\helpers\test-utils.ts:67:22[90m)[39m
    at [90mC:\Users\ahmat\OneDrive\Bureau\Application-de-gestion-juridique\frontend\[39mtests\unit\composables\useDocument.test.ts:183:7
    at [90mfile:///C:/Users/ahmat/OneDrive/Bureau/Application-de-gestion-juridique/frontend/[39mnode_modules/[4m@vitest[24m/runner/dist/index.js:135:14
    at [90mfile:///C:/Users/ahmat/OneDrive/Bureau/Application-de-gestion-juridique/frontend/[39mnode_modules/[4m@vitest[24m/runner/dist/index.js:60:26
    at runTest [90m(file:///C:/Users/ahmat/OneDrive/Bureau/Application-de-gestion-juridique/frontend/[39mnode_modules/[4m@vitest[24m/runner/dist/index.js:781:17[90m)[39m
    at runSuite [90m(file:///C:/Users/ahmat/OneDrive/Bureau/Application-de-gestion-juridique/frontend/[39mnode_modules/[4m@vitest[24m/runner/dist/index.js:909:15[90m)[39m
    at runSuite [90m(file:///C:/Users/ahmat/OneDrive/Bureau/Application-de-gestion-juridique/frontend/[39mnode_modules/[4m@vitest[24m/runner/dist/index.js:909:15[90m)[39m
    at runSuite [90m(file:///C:/Users/ahmat/OneDrive/Bureau/Application-de-gestion-juridique/frontend/[39mnode_modules/[4m@vitest[24m/runner/dist/index.js:909:15[90m)[39m
    at runFiles [90m(file:///C:/Users/ahmat/OneDrive/Bureau/Application-de-gestion-juridique/frontend/[39mnode_modules/[4m@vitest[24m/runner/dist/index.js:958:5[90m)[39m
    at startTests [90m(file:///C:/Users/ahmat/OneDrive/Bureau/Application-de-gestion-juridique/frontend/[39mnode_modules/[4m@vitest[24m/runner/dist/index.js:967:3[90m)[39m 
{
  status: [33m403[39m,
  statusCode: [33m403[39m,
  data: { message: [32m'Forbidden'[39m }
}

[90mstdout[2m | tests/unit/composables/useDocument.test.ts[2m > [22m[2museDocument Composable[2m > [22m[2mEdge Cases[2m > [22m[2mshould handle network errors during upload[22m[39m
Tentative d'upload vers: http://localhost:3000/api/documents

 [32mÔ£ô[39m tests/unit/composables/useAppointment.test.ts [2m ([22m[2m17 tests[22m[2m)[22m[90m 48[2mms[22m[39m
[90mstderr[2m | tests/unit/composables/useAppointment.test.ts[2m > [22m[2museAppointment Composable[2m > [22m[2mCreate Appointment[2m > [22m[2mshould handle 
validation errors[22m[39m
Error creating appointment: Error: Validation error
    at Module.mockFetchError [90m(C:\Users\ahmat\OneDrive\Bureau\Application-de-gestion-juridique\frontend\[39mtests\helpers\test-utils.ts:67:22[90m)[39m
    at [90mC:\Users\ahmat\OneDrive\Bureau\Application-de-gestion-juridique\frontend\[39mtests\unit\composables\useAppointment.test.ts:61:7
    at [90mfile:///C:/Users/ahmat/OneDrive/Bureau/Application-de-gestion-juridique/frontend/[39mnode_modules/[4m@vitest[24m/runner/dist/index.js:135:14
    at [90mfile:///C:/Users/ahmat/OneDrive/Bureau/Application-de-gestion-juridique/frontend/[39mnode_modules/[4m@vitest[24m/runner/dist/index.js:60:26
    at runTest [90m(file:///C:/Users/ahmat/OneDrive/Bureau/Application-de-gestion-juridique/frontend/[39mnode_modules/[4m@vitest[24m/runner/dist/index.js:781:17[90m)[39m
    at runSuite [90m(file:///C:/Users/ahmat/OneDrive/Bureau/Application-de-gestion-juridique/frontend/[39mnode_modules/[4m@vitest[24m/runner/dist/index.js:909:15[90m)[39m
    at runSuite [90m(file:///C:/Users/ahmat/OneDrive/Bureau/Application-de-gestion-juridique/frontend/[39mnode_modules/[4m@vitest[24m/runner/dist/index.js:909:15[90m)[39m
    at runSuite [90m(file:///C:/Users/ahmat/OneDrive/Bureau/Application-de-gestion-juridique/frontend/[39mnode_modules/[4m@vitest[24m/runner/dist/index.js:909:15[90m)[39m
    at runFiles [90m(file:///C:/Users/ahmat/OneDrive/Bureau/Application-de-gestion-juridique/frontend/[39mnode_modules/[4m@vitest[24m/runner/dist/index.js:958:5[90m)[39m
    at startTests [90m(file:///C:/Users/ahmat/OneDrive/Bureau/Application-de-gestion-juridique/frontend/[39mnode_modules/[4m@vitest[24m/runner/dist/index.js:967:3[90m)[39m 
{
  status: [33m400[39m,
  statusCode: [33m400[39m,
  data: { message: [32m'Validation error'[39m }
}

[90mstderr[2m | tests/unit/composables/useAppointment.test.ts[2m > [22m[2museAppointment Composable[2m > [22m[2mCreate Appointment[2m > [22m[2mshould handle conflict 
errors[22m[39m
Error creating appointment: Error: Time slot already booked
    at Module.mockFetchError [90m(C:\Users\ahmat\OneDrive\Bureau\Application-de-gestion-juridique\frontend\[39mtests\helpers\test-utils.ts:67:22[90m)[39m
    at [90mC:\Users\ahmat\OneDrive\Bureau\Application-de-gestion-juridique\frontend\[39mtests\unit\composables\useAppointment.test.ts:71:7
    at [90mfile:///C:/Users/ahmat/OneDrive/Bureau/Application-de-gestion-juridique/frontend/[39mnode_modules/[4m@vitest[24m/runner/dist/index.js:135:14
    at [90mfile:///C:/Users/ahmat/OneDrive/Bureau/Application-de-gestion-juridique/frontend/[39mnode_modules/[4m@vitest[24m/runner/dist/index.js:60:26
    at runTest [90m(file:///C:/Users/ahmat/OneDrive/Bureau/Application-de-gestion-juridique/frontend/[39mnode_modules/[4m@vitest[24m/runner/dist/index.js:781:17[90m)[39m
    at runSuite [90m(file:///C:/Users/ahmat/OneDrive/Bureau/Application-de-gestion-juridique/frontend/[39mnode_modules/[4m@vitest[24m/runner/dist/index.js:909:15[90m)[39m
    at runSuite [90m(file:///C:/Users/ahmat/OneDrive/Bureau/Application-de-gestion-juridique/frontend/[39mnode_modules/[4m@vitest[24m/runner/dist/index.js:909:15[90m)[39m
    at runSuite [90m(file:///C:/Users/ahmat/OneDrive/Bureau/Application-de-gestion-juridique/frontend/[39mnode_modules/[4m@vitest[24m/runner/dist/index.js:909:15[90m)[39m
    at runFiles [90m(file:///C:/Users/ahmat/OneDrive/Bureau/Application-de-gestion-juridique/frontend/[39mnode_modules/[4m@vitest[24m/runner/dist/index.js:958:5[90m)[39m
    at startTests [90m(file:///C:/Users/ahmat/OneDrive/Bureau/Application-de-gestion-juridique/frontend/[39mnode_modules/[4m@vitest[24m/runner/dist/index.js:967:3[90m)[39m 
{
  status: [33m409[39m,
  statusCode: [33m409[39m,
  data: { message: [32m'Time slot already booked'[39m }
}

[90mstderr[2m | tests/unit/composables/useAppointment.test.ts[2m > [22m[2museAppointment Composable[2m > [22m[2mUpdate Appointment[2m > [22m[2mshould handle not found 
errors[22m[39m
Error updating appointment: Error: Appointment not found
    at Module.mockFetchError [90m(C:\Users\ahmat\OneDrive\Bureau\Application-de-gestion-juridique\frontend\[39mtests\helpers\test-utils.ts:67:22[90m)[39m
    at [90mC:\Users\ahmat\OneDrive\Bureau\Application-de-gestion-juridique\frontend\[39mtests\unit\composables\useAppointment.test.ts:159:7
    at [90mfile:///C:/Users/ahmat/OneDrive/Bureau/Application-de-gestion-juridique/frontend/[39mnode_modules/[4m@vitest[24m/runner/dist/index.js:135:14
    at [90mfile:///C:/Users/ahmat/OneDrive/Bureau/Application-de-gestion-juridique/frontend/[39mnode_modules/[4m@vitest[24m/runner/dist/index.js:60:26
    at runTest [90m(file:///C:/Users/ahmat/OneDrive/Bureau/Application-de-gestion-juridique/frontend/[39mnode_modules/[4m@vitest[24m/runner/dist/index.js:781:17[90m)[39m
    at runSuite [90m(file:///C:/Users/ahmat/OneDrive/Bureau/Application-de-gestion-juridique/frontend/[39mnode_modules/[4m@vitest[24m/runner/dist/index.js:909:15[90m)[39m
    at runSuite [90m(file:///C:/Users/ahmat/OneDrive/Bureau/Application-de-gestion-juridique/frontend/[39mnode_modules/[4m@vitest[24m/runner/dist/index.js:909:15[90m)[39m
    at runSuite [90m(file:///C:/Users/ahmat/OneDrive/Bureau/Application-de-gestion-juridique/frontend/[39mnode_modules/[4m@vitest[24m/runner/dist/index.js:909:15[90m)[39m
    at runFiles [90m(file:///C:/Users/ahmat/OneDrive/Bureau/Application-de-gestion-juridique/frontend/[39mnode_modules/[4m@vitest[24m/runner/dist/index.js:958:5[90m)[39m
    at startTests [90m(file:///C:/Users/ahmat/OneDrive/Bureau/Application-de-gestion-juridique/frontend/[39mnode_modules/[4m@vitest[24m/runner/dist/index.js:967:3[90m)[39m 
{
  status: [33m404[39m,
  statusCode: [33m404[39m,
  data: { message: [32m'Appointment not found'[39m }
}

[90mstderr[2m | tests/unit/composables/useAppointment.test.ts[2m > [22m[2museAppointment Composable[2m > [22m[2mEdge Cases[2m > [22m[2mshould handle unauthorized 
access[22m[39m
Error fetching appointments: Error: Unauthorized
    at Module.mockFetchError [90m(C:\Users\ahmat\OneDrive\Bureau\Application-de-gestion-juridique\frontend\[39mtests\helpers\test-utils.ts:67:22[90m)[39m
    at [90mC:\Users\ahmat\OneDrive\Bureau\Application-de-gestion-juridique\frontend\[39mtests\unit\composables\useAppointment.test.ts:271:7
    at [90mfile:///C:/Users/ahmat/OneDrive/Bureau/Application-de-gestion-juridique/frontend/[39mnode_modules/[4m@vitest[24m/runner/dist/index.js:135:14
    at [90mfile:///C:/Users/ahmat/OneDrive/Bureau/Application-de-gestion-juridique/frontend/[39mnode_modules/[4m@vitest[24m/runner/dist/index.js:60:26
    at runTest [90m(file:///C:/Users/ahmat/OneDrive/Bureau/Application-de-gestion-juridique/frontend/[39mnode_modules/[4m@vitest[24m/runner/dist/index.js:781:17[90m)[39m
    at runSuite [90m(file:///C:/Users/ahmat/OneDrive/Bureau/Application-de-gestion-juridique/frontend/[39mnode_modules/[4m@vitest[24m/runner/dist/index.js:909:15[90m)[39m
    at runSuite [90m(file:///C:/Users/ahmat/OneDrive/Bureau/Application-de-gestion-juridique/frontend/[39mnode_modules/[4m@vitest[24m/runner/dist/index.js:909:15[90m)[39m
    at runSuite [90m(file:///C:/Users/ahmat/OneDrive/Bureau/Application-de-gestion-juridique/frontend/[39mnode_modules/[4m@vitest[24m/runner/dist/index.js:909:15[90m)[39m
    at runFiles [90m(file:///C:/Users/ahmat/OneDrive/Bureau/Application-de-gestion-juridique/frontend/[39mnode_modules/[4m@vitest[24m/runner/dist/index.js:958:5[90m)[39m
    at startTests [90m(file:///C:/Users/ahmat/OneDrive/Bureau/Application-de-gestion-juridique/frontend/[39mnode_modules/[4m@vitest[24m/runner/dist/index.js:967:3[90m)[39m 
{
  status: [33m401[39m,
  statusCode: [33m401[39m,
  data: { message: [32m'Unauthorized'[39m }
}

[90mstderr[2m | tests/unit/composables/useAppointment.test.ts[2m > [22m[2museAppointment Composable[2m > [22m[2mEdge Cases[2m > [22m[2mshould handle network 
timeouts[22m[39m
Error creating appointment: Error: Network timeout
    at [90mC:\Users\ahmat\OneDrive\Bureau\Application-de-gestion-juridique\frontend\[39mtests\unit\composables\useAppointment.test.ts:281:26
    at [90mfile:///C:/Users/ahmat/OneDrive/Bureau/Application-de-gestion-juridique/frontend/[39mnode_modules/[4m@vitest[24m/runner/dist/index.js:135:14
    at [90mfile:///C:/Users/ahmat/OneDrive/Bureau/Application-de-gestion-juridique/frontend/[39mnode_modules/[4m@vitest[24m/runner/dist/index.js:60:26
    at runTest [90m(file:///C:/Users/ahmat/OneDrive/Bureau/Application-de-gestion-juridique/frontend/[39mnode_modules/[4m@vitest[24m/runner/dist/index.js:781:17[90m)[39m
    at runSuite [90m(file:///C:/Users/ahmat/OneDrive/Bureau/Application-de-gestion-juridique/frontend/[39mnode_modules/[4m@vitest[24m/runner/dist/index.js:909:15[90m)[39m
    at runSuite [90m(file:///C:/Users/ahmat/OneDrive/Bureau/Application-de-gestion-juridique/frontend/[39mnode_modules/[4m@vitest[24m/runner/dist/index.js:909:15[90m)[39m
    at runSuite [90m(file:///C:/Users/ahmat/OneDrive/Bureau/Application-de-gestion-juridique/frontend/[39mnode_modules/[4m@vitest[24m/runner/dist/index.js:909:15[90m)[39m
    at runFiles [90m(file:///C:/Users/ahmat/OneDrive/Bureau/Application-de-gestion-juridique/frontend/[39mnode_modules/[4m@vitest[24m/runner/dist/index.js:958:5[90m)[39m
    at startTests [90m(file:///C:/Users/ahmat/OneDrive/Bureau/Application-de-gestion-juridique/frontend/[39mnode_modules/[4m@vitest[24m/runner/dist/index.js:967:3[90m)[39m
    at [90mfile:///C:/Users/ahmat/OneDrive/Bureau/Application-de-gestion-juridique/frontend/[39mnode_modules/[4mvitest[24m/dist/chunks/runtime-runBaseTests.oAvMKtQC.js:116:7 
{
  code: [32m'ETIMEDOUT'[39m
}

 [33mÔØ»[39m tests/unit/composables/useApi.test.ts [2m ([22m[2m23 tests[22m [2m|[22m [31m8 failed[39m[2m)[22m[90m 59[2mms[22m[39m
[31m   [33mÔØ»[31m tests/unit/composables/useApi.test.ts[2m > [22museApi Composable[2m > [22mError Handling[2m > [22mshould handle 401 errors with TOKEN_EXPIRED code[39m
[31m     ÔåÆ Token expired[39m
[31m   [33mÔØ»[31m tests/unit/composables/useApi.test.ts[2m > [22museApi Composable[2m > [22mError Handling[2m > [22mshould clear auth and redirect on 401 without refresh[39m
[31m     ÔåÆ promise resolved "{ data: 'success' }" instead of rejecting[39m
[31m   [33mÔØ»[31m tests/unit/composables/useApi.test.ts[2m > [22museApi Composable[2m > [22mError Handling[2m > [22mshould clear auth and redirect on 401 without TOKEN_EXPIRED code[39m
[31m     ÔåÆ expected "spy" to be called at least once[39m
[31m   [33mÔØ»[31m tests/unit/composables/useApi.test.ts[2m > [22museApi Composable[2m > [22mError Handling[2m > [22mshould handle network errors[39m
[31m     ÔåÆ expected [Function] to throw error including 'Network error' but got 'Internal Server Error'[39m
[31m   [33mÔØ»[31m tests/unit/composables/useApi.test.ts[2m > [22museApi Composable[2m > [22mRequest Options[2m > [22mshould pass through custom options[39m
[31m     ÔåÆ Network error[39m
[31m   [33mÔØ»[31m tests/unit/composables/useApi.test.ts[2m > [22museApi Composable[2m > [22mType Safety[2m > [22mshould return typed response[39m
[31m     ÔåÆ expected undefined to be '123' // Object.is equality[39m
[31m   [33mÔØ»[31m tests/unit/composables/useApi.test.ts[2m > [22museApi Composable[2m > [22mEdge Cases[2m > [22mshould handle empty response[39m
[31m     ÔåÆ expected { success: true, ÔÇª(2) } to be null[39m
[31m   [33mÔØ»[31m tests/unit/composables/useApi.test.ts[2m > [22museApi Composable[2m > [22mEdge Cases[2m > [22mshould handle token refresh failure during retry[39m
[31m     ÔåÆ promise resolved "{ success: true, ÔÇª(2) }" instead of rejecting[39m
[90mstderr[2m | tests/unit/stores/auth.store.test.ts[2m > [22m[2mAuth Store[2m > [22m[2mRegistration[2m > [22m[2mshould handle registration validation errors[22m[39m
AuthStore: Register error: Error: Validation error
    at Module.mockFetchError [90m(C:\Users\ahmat\OneDrive\Bureau\Application-de-gestion-juridique\frontend\[39mtests\helpers\test-utils.ts:67:22[90m)[39m
    at [90mC:\Users\ahmat\OneDrive\Bureau\Application-de-gestion-juridique\frontend\[39mtests\unit\stores\auth.store.test.ts:225:7
    at [90mfile:///C:/Users/ahmat/OneDrive/Bureau/Application-de-gestion-juridique/frontend/[39mnode_modules/[4m@vitest[24m/runner/dist/index.js:135:14
    at [90mfile:///C:/Users/ahmat/OneDrive/Bureau/Application-de-gestion-juridique/frontend/[39mnode_modules/[4m@vitest[24m/runner/dist/index.js:60:26
    at runTest [90m(file:///C:/Users/ahmat/OneDrive/Bureau/Application-de-gestion-juridique/frontend/[39mnode_modules/[4m@vitest[24m/runner/dist/index.js:781:17[90m)[39m
    at runSuite [90m(file:///C:/Users/ahmat/OneDrive/Bureau/Application-de-gestion-juridique/frontend/[39mnode_modules/[4m@vitest[24m/runner/dist/index.js:909:15[90m)[39m
    at runSuite [90m(file:///C:/Users/ahmat/OneDrive/Bureau/Application-de-gestion-juridique/frontend/[39mnode_modules/[4m@vitest[24m/runner/dist/index.js:909:15[90m)[39m
    at runSuite [90m(file:///C:/Users/ahmat/OneDrive/Bureau/Application-de-gestion-juridique/frontend/[39mnode_modules/[4m@vitest[24m/runner/dist/index.js:909:15[90m)[39m
    at runFiles [90m(file:///C:/Users/ahmat/OneDrive/Bureau/Application-de-gestion-juridique/frontend/[39mnode_modules/[4m@vitest[24m/runner/dist/index.js:958:5[90m)[39m
    at startTests [90m(file:///C:/Users/ahmat/OneDrive/Bureau/Application-de-gestion-juridique/frontend/[39mnode_modules/[4m@vitest[24m/runner/dist/index.js:967:3[90m)[39m 
{
  status: [33m400[39m,
  statusCode: [33m400[39m,
  data: { message: [32m'Validation error'[39m }
}
AuthStore: Error data: { message: [32m'Validation error'[39m }
AuthStore: Error status: [33m400[39m

[90mstderr[2m | tests/unit/stores/auth.store.test.ts[2m > [22m[2mAuth Store[2m > [22m[2mRegistration[2m > [22m[2mshould handle duplicate email error[22m[39m
AuthStore: Register error: Error: User with this email already exists
    at Module.mockFetchError [90m(C:\Users\ahmat\OneDrive\Bureau\Application-de-gestion-juridique\frontend\[39mtests\helpers\test-utils.ts:67:22[90m)[39m
    at [90mC:\Users\ahmat\OneDrive\Bureau\Application-de-gestion-juridique\frontend\[39mtests\unit\stores\auth.store.test.ts:247:7
    at [90mfile:///C:/Users/ahmat/OneDrive/Bureau/Application-de-gestion-juridique/frontend/[39mnode_modules/[4m@vitest[24m/runner/dist/index.js:135:14
    at [90mfile:///C:/Users/ahmat/OneDrive/Bureau/Application-de-gestion-juridique/frontend/[39mnode_modules/[4m@vitest[24m/runner/dist/index.js:60:26
    at runTest [90m(file:///C:/Users/ahmat/OneDrive/Bureau/Application-de-gestion-juridique/frontend/[39mnode_modules/[4m@vitest[24m/runner/dist/index.js:781:17[90m)[39m
    at runSuite [90m(file:///C:/Users/ahmat/OneDrive/Bureau/Application-de-gestion-juridique/frontend/[39mnode_modules/[4m@vitest[24m/runner/dist/index.js:909:15[90m)[39m
    at runSuite [90m(file:///C:/Users/ahmat/OneDrive/Bureau/Application-de-gestion-juridique/frontend/[39mnode_modules/[4m@vitest[24m/runner/dist/index.js:909:15[90m)[39m
    at runSuite [90m(file:///C:/Users/ahmat/OneDrive/Bureau/Application-de-gestion-juridique/frontend/[39mnode_modules/[4m@vitest[24m/runner/dist/index.js:909:15[90m)[39m
    at runFiles [90m(file:///C:/Users/ahmat/OneDrive/Bureau/Application-de-gestion-juridique/frontend/[39mnode_modules/[4m@vitest[24m/runner/dist/index.js:958:5[90m)[39m
    at startTests [90m(file:///C:/Users/ahmat/OneDrive/Bureau/Application-de-gestion-juridique/frontend/[39mnode_modules/[4m@vitest[24m/runner/dist/index.js:967:3[90m)[39m 
{
  status: [33m409[39m,
  statusCode: [33m409[39m,
  data: { message: [32m'User with this email already exists'[39m }
}
AuthStore: Error data: { message: [32m'User with this email already exists'[39m }
AuthStore: Error status: [33m409[39m

[90mstderr[2m | tests/unit/stores/auth.store.test.ts[2m > [22m[2mAuth Store[2m > [22m[2mLogin[2m > [22m[2mshould handle invalid credentials[22m[39m
Login error: Error: Invalid email or password
    at Module.mockFetchError [90m(C:\Users\ahmat\OneDrive\Bureau\Application-de-gestion-juridique\frontend\[39mtests\helpers\test-utils.ts:67:22[90m)[39m
    at [90mC:\Users\ahmat\OneDrive\Bureau\Application-de-gestion-juridique\frontend\[39mtests\unit\stores\auth.store.test.ts:318:7
    at [90mfile:///C:/Users/ahmat/OneDrive/Bureau/Application-de-gestion-juridique/frontend/[39mnode_modules/[4m@vitest[24m/runner/dist/index.js:135:14
    at [90mfile:///C:/Users/ahmat/OneDrive/Bureau/Application-de-gestion-juridique/frontend/[39mnode_modules/[4m@vitest[24m/runner/dist/index.js:60:26
    at runTest [90m(file:///C:/Users/ahmat/OneDrive/Bureau/Application-de-gestion-juridique/frontend/[39mnode_modules/[4m@vitest[24m/runner/dist/index.js:781:17[90m)[39m
    at runSuite [90m(file:///C:/Users/ahmat/OneDrive/Bureau/Application-de-gestion-juridique/frontend/[39mnode_modules/[4m@vitest[24m/runner/dist/index.js:909:15[90m)[39m
    at runSuite [90m(file:///C:/Users/ahmat/OneDrive/Bureau/Application-de-gestion-juridique/frontend/[39mnode_modules/[4m@vitest[24m/runner/dist/index.js:909:15[90m)[39m
    at runSuite [90m(file:///C:/Users/ahmat/OneDrive/Bureau/Application-de-gestion-juridique/frontend/[39mnode_modules/[4m@vitest[24m/runner/dist/index.js:909:15[90m)[39m
    at runFiles [90m(file:///C:/Users/ahmat/OneDrive/Bureau/Application-de-gestion-juridique/frontend/[39mnode_modules/[4m@vitest[24m/runner/dist/index.js:958:5[90m)[39m
    at startTests [90m(file:///C:/Users/ahmat/OneDrive/Bureau/Application-de-gestion-juridique/frontend/[39mnode_modules/[4m@vitest[24m/runner/dist/index.js:967:3[90m)[39m 
{
  status: [33m401[39m,
  statusCode: [33m401[39m,
  data: { message: [32m'Invalid email or password'[39m }
}

[90mstderr[2m | tests/unit/stores/auth.store.test.ts[2m > [22m[2mAuth Store[2m > [22m[2mLogin[2m > [22m[2mshould handle deactivated account[22m[39m
Login error: Error: Account is deactivated
    at Module.mockFetchError [90m(C:\Users\ahmat\OneDrive\Bureau\Application-de-gestion-juridique\frontend\[39mtests\helpers\test-utils.ts:67:22[90m)[39m
    at [90mC:\Users\ahmat\OneDrive\Bureau\Application-de-gestion-juridique\frontend\[39mtests\unit\stores\auth.store.test.ts:337:7
    at [90mfile:///C:/Users/ahmat/OneDrive/Bureau/Application-de-gestion-juridique/frontend/[39mnode_modules/[4m@vitest[24m/runner/dist/index.js:135:14
    at [90mfile:///C:/Users/ahmat/OneDrive/Bureau/Application-de-gestion-juridique/frontend/[39mnode_modules/[4m@vitest[24m/runner/dist/index.js:60:26
    at runTest [90m(file:///C:/Users/ahmat/OneDrive/Bureau/Application-de-gestion-juridique/frontend/[39mnode_modules/[4m@vitest[24m/runner/dist/index.js:781:17[90m)[39m
    at runSuite [90m(file:///C:/Users/ahmat/OneDrive/Bureau/Application-de-gestion-juridique/frontend/[39mnode_modules/[4m@vitest[24m/runner/dist/index.js:909:15[90m)[39m
    at runSuite [90m(file:///C:/Users/ahmat/OneDrive/Bureau/Application-de-gestion-juridique/frontend/[39mnode_modules/[4m@vitest[24m/runner/dist/index.js:909:15[90m)[39m
    at runSuite [90m(file:///C:/Users/ahmat/OneDrive/Bureau/Application-de-gestion-juridique/frontend/[39mnode_modules/[4m@vitest[24m/runner/dist/index.js:909:15[90m)[39m
    at runFiles [90m(file:///C:/Users/ahmat/OneDrive/Bureau/Application-de-gestion-juridique/frontend/[39mnode_modules/[4m@vitest[24m/runner/dist/index.js:958:5[90m)[39m
    at startTests [90m(file:///C:/Users/ahmat/OneDrive/Bureau/Application-de-gestion-juridique/frontend/[39mnode_modules/[4m@vitest[24m/runner/dist/index.js:967:3[90m)[39m 
{
  status: [33m403[39m,
  statusCode: [33m403[39m,
  data: { message: [32m'Account is deactivated'[39m }
}

[90mstderr[2m | tests/unit/stores/auth.store.test.ts[2m > [22m[2mAuth Store[2m > [22m[2mEdge Cases[2m > [22m[2mshould handle network errors gracefully[22m[39m
Login error: Error: Network error
    at [90mC:\Users\ahmat\OneDrive\Bureau\Application-de-gestion-juridique\frontend\[39mtests\unit\stores\auth.store.test.ts:371:26
    at [90mfile:///C:/Users/ahmat/OneDrive/Bureau/Application-de-gestion-juridique/frontend/[39mnode_modules/[4m@vitest[24m/runner/dist/index.js:135:14
    at [90mfile:///C:/Users/ahmat/OneDrive/Bureau/Application-de-gestion-juridique/frontend/[39mnode_modules/[4m@vitest[24m/runner/dist/index.js:60:26
    at runTest [90m(file:///C:/Users/ahmat/OneDrive/Bureau/Application-de-gestion-juridique/frontend/[39mnode_modules/[4m@vitest[24m/runner/dist/index.js:781:17[90m)[39m
    at runSuite [90m(file:///C:/Users/ahmat/OneDrive/Bureau/Application-de-gestion-juridique/frontend/[39mnode_modules/[4m@vitest[24m/runner/dist/index.js:909:15[90m)[39m
    at runSuite [90m(file:///C:/Users/ahmat/OneDrive/Bureau/Application-de-gestion-juridique/frontend/[39mnode_modules/[4m@vitest[24m/runner/dist/index.js:909:15[90m)[39m
    at runSuite [90m(file:///C:/Users/ahmat/OneDrive/Bureau/Application-de-gestion-juridique/frontend/[39mnode_modules/[4m@vitest[24m/runner/dist/index.js:909:15[90m)[39m
    at runFiles [90m(file:///C:/Users/ahmat/OneDrive/Bureau/Application-de-gestion-juridique/frontend/[39mnode_modules/[4m@vitest[24m/runner/dist/index.js:958:5[90m)[39m
    at startTests [90m(file:///C:/Users/ahmat/OneDrive/Bureau/Application-de-gestion-juridique/frontend/[39mnode_modules/[4m@vitest[24m/runner/dist/index.js:967:3[90m)[39m
    at [90mfile:///C:/Users/ahmat/OneDrive/Bureau/Application-de-gestion-juridique/frontend/[39mnode_modules/[4mvitest[24m/dist/chunks/runtime-runBaseTests.oAvMKtQC.js:116:7 
{
  status: [33m0[39m
 [32mÔ£ô[39m tests/unit/stores/auth.store.test.ts [2m ([22m[2m21 tests[22m[2m)[22m[90m 71[2mms[22m[39m
 [33mÔØ»[39m tests/unit/stores/notifications.store.test.ts [2m ([22m[2m19 tests[22m [2m|[22m [31m12 failed[39m[2m)[22m[90m 89[2mms[22m[39m
[31m   [33mÔØ»[31m tests/unit/stores/notifications.store.test.ts[2m > [22mNotifications Store[2m > [22mNotification Retrieval[2m > [22mshould fetch notifications successfully[39m
[31m     ÔåÆ useCase is not defined[39m
[31m   [33mÔØ»[31m tests/unit/stores/notifications.store.test.ts[2m > [22mNotifications Store[2m > [22mNotification Retrieval[2m > [22mshould handle fetch errors gracefully[39m
[31m     ÔåÆ useCase is not defined[39m
[31m   [33mÔØ»[31m tests/unit/stores/notifications.store.test.ts[2m > [22mNotifications Store[2m > [22mNotification Retrieval[2m > [22mshould set loading state during fetch[39m
[31m     ÔåÆ useCase is not defined[39m
[31m   [33mÔØ»[31m tests/unit/stores/notifications.store.test.ts[2m > [22mNotifications Store[2m > [22mUnread Count[2m > [22mshould calculate unread count correctly[39m
[31m     ÔåÆ useCase is not defined[39m
[31m   [33mÔØ»[31m tests/unit/stores/notifications.store.test.ts[2m > [22mNotifications Store[2m > [22mUnread Count[2m > [22mshould return zero when all notifications are read[39m
[31m     ÔåÆ useCase is not defined[39m
[31m   [33mÔØ»[31m tests/unit/stores/notifications.store.test.ts[2m > [22mNotifications Store[2m > [22mMark as Read[2m > [22mshould mark a notification as read[39m
[31m     ÔåÆ useCase is not defined[39m
[31m   [33mÔØ»[31m tests/unit/stores/notifications.store.test.ts[2m > [22mNotifications Store[2m > [22mFilter Notifications[2m > [22mshould filter by read status[39m
[31m     ÔåÆ useCase is not defined[39m
[31m   [33mÔØ»[31m tests/unit/stores/notifications.store.test.ts[2m > [22mNotifications Store[2m > [22mFilter Notifications[2m > [22mshould filter by notification type[39m
[31m     ÔåÆ useCase is not defined[39m
[31m   [33mÔØ»[31m tests/unit/stores/notifications.store.test.ts[2m > [22mNotifications Store[2m > [22mMark All as Read[2m > [22mshould mark all notifications as read[39m
[31m     ÔåÆ useCase is not defined[39m
[31m   [33mÔØ»[31m tests/unit/stores/notifications.store.test.ts[2m > [22mNotifications Store[2m > [22mDelete Notification[2m > [22mshould delete a notification[39m
[31m     ÔåÆ useCase is not defined[39m
[31m   [33mÔØ»[31m tests/unit/stores/notifications.store.test.ts[2m > [22mNotifications Store[2m > [22mEdge Cases[2m > [22mshould handle empty notifications array[39m
[31m     ÔåÆ useCase is not defined[39m
[31m   [33mÔØ»[31m tests/unit/stores/notifications.store.test.ts[2m > [22mNotifications Store[2m > [22mEdge Cases[2m > [22mshould handle concurrent notification fetches[39m
[31m     ÔåÆ useCase is not defined[39m
}

 [33mÔØ»[39m tests/unit/composables/useClient.test.ts [2m ([22m[2m14 tests[22m [2m|[22m [31m7 failed[39m[2m)[22m[90m 15[2mms[22m[39m
[31m   [33mÔØ»[31m tests/unit/composables/useClient.test.ts[2m > [22museClient Composable[2m > [22mGet Client[2m > [22mshould fetch client by ID[39m
[31m     ÔåÆ useApi is not defined[39m
[31m   [33mÔØ»[31m tests/unit/composables/useClient.test.ts[2m > [22museClient Composable[2m > [22mGet Client[2m > [22mshould handle not found error[39m
[31m     ÔåÆ useApi is not defined[39m
[31m   [33mÔØ»[31m tests/unit/composables/useClient.test.ts[2m > [22museClient Composable[2m > [22mCreate Client[2m > [22mshould create client successfully[39m
[31m     ÔåÆ useApi is not defined[39m
[31m   [33mÔØ»[31m tests/unit/composables/useClient.test.ts[2m > [22museClient Composable[2m > [22mCreate Client[2m > [22mshould handle duplicate email error[39m
[31m     ÔåÆ useApi is not defined[39m
[31m   [33mÔØ»[31m tests/unit/composables/useClient.test.ts[2m > [22museClient Composable[2m > [22mUpdate Client[2m > [22mshould update client successfully[39m
[31m     ÔåÆ useApi is not defined[39m
[31m   [33mÔØ»[31m tests/unit/composables/useClient.test.ts[2m > [22museClient Composable[2m > [22mDelete Client[2m > [22mshould delete client successfully[39m
[31m     ÔåÆ useApi is not defined[39m
[31m   [33mÔØ»[31m tests/unit/composables/useClient.test.ts[2m > [22museClient Composable[2m > [22mEdge Cases[2m > [22mshould handle empty client list[39m
[31m     ÔåÆ useApi is not defined[39m
 [33mÔØ»[39m tests/unit/composables/useCase.test.ts [2m ([22m[2m9 tests[22m [2m|[22m [31m2 failed[39m[2m)[22m[90m 20[2mms[22m[39m
[31m   [33mÔØ»[31m tests/unit/composables/useCase.test.ts[2m > [22museCase Composable[2m > [22mGet Cases[2m > [22mshould fetch all cases[39m
[31m     ÔåÆ expected { success: true, ÔÇª(2) } to have property 'length'[39m
[31m   [33mÔØ»[31m tests/unit/composables/useCase.test.ts[2m > [22museCase Composable[2m > [22mEdge Cases[2m > [22mshould handle empty cases list[39m
[31m     ÔåÆ expected { success: true, data: [], ÔÇª(1) } to deeply equal [][39m
[90mstderr[2m | tests/unit/composables/useCase.test.ts[2m > [22m[2museCase Composable[2m > [22m[2mCreate Case[2m > [22m[2mshould handle validation errors[22m[39m
Error creating case: Error: Validation error
    at Module.mockFetchError [90m(C:\Users\ahmat\OneDrive\Bureau\Application-de-gestion-juridique\frontend\[39mtests\helpers\test-utils.ts:67:22[90m)[39m
    at [90mC:\Users\ahmat\OneDrive\Bureau\Application-de-gestion-juridique\frontend\[39mtests\unit\composables\useCase.test.ts:47:7
    at [90mfile:///C:/Users/ahmat/OneDrive/Bureau/Application-de-gestion-juridique/frontend/[39mnode_modules/[4m@vitest[24m/runner/dist/index.js:135:14
    at [90mfile:///C:/Users/ahmat/OneDrive/Bureau/Application-de-gestion-juridique/frontend/[39mnode_modules/[4m@vitest[24m/runner/dist/index.js:60:26
    at runTest [90m(file:///C:/Users/ahmat/OneDrive/Bureau/Application-de-gestion-juridique/frontend/[39mnode_modules/[4m@vitest[24m/runner/dist/index.js:781:17[90m)[39m
    at runSuite [90m(file:///C:/Users/ahmat/OneDrive/Bureau/Application-de-gestion-juridique/frontend/[39mnode_modules/[4m@vitest[24m/runner/dist/index.js:909:15[90m)[39m
    at runSuite [90m(file:///C:/Users/ahmat/OneDrive/Bureau/Application-de-gestion-juridique/frontend/[39mnode_modules/[4m@vitest[24m/runner/dist/index.js:909:15[90m)[39m
    at runSuite [90m(file:///C:/Users/ahmat/OneDrive/Bureau/Application-de-gestion-juridique/frontend/[39mnode_modules/[4m@vitest[24m/runner/dist/index.js:909:15[90m)[39m
    at runFiles [90m(file:///C:/Users/ahmat/OneDrive/Bureau/Application-de-gestion-juridique/frontend/[39mnode_modules/[4m@vitest[24m/runner/dist/index.js:958:5[90m)[39m
    at startTests [90m(file:///C:/Users/ahmat/OneDrive/Bureau/Application-de-gestion-juridique/frontend/[39mnode_modules/[4m@vitest[24m/runner/dist/index.js:967:3[90m)[39m 
{
  status: [33m400[39m,
  statusCode: [33m400[39m,
  data: { message: [32m'Validation error'[39m }
}

[90mstderr[2m | tests/unit/composables/useCase.test.ts[2m > [22m[2museCase Composable[2m > [22m[2mEdge Cases[2m > [22m[2mshould handle unauthorized access[22m[39m
Error fetching cases: Error: Unauthorized
    at Module.mockFetchError [90m(C:\Users\ahmat\OneDrive\Bureau\Application-de-gestion-juridique\frontend\[39mtests\helpers\test-utils.ts:67:22[90m)[39m
    at [90mC:\Users\ahmat\OneDrive\Bureau\Application-de-gestion-juridique\frontend\[39mtests\unit\composables\useCase.test.ts:129:7
    at [90mfile:///C:/Users/ahmat/OneDrive/Bureau/Application-de-gestion-juridique/frontend/[39mnode_modules/[4m@vitest[24m/runner/dist/index.js:135:14
    at [90mfile:///C:/Users/ahmat/OneDrive/Bureau/Application-de-gestion-juridique/frontend/[39mnode_modules/[4m@vitest[24m/runner/dist/index.js:60:26
    at runTest [90m(file:///C:/Users/ahmat/OneDrive/Bureau/Application-de-gestion-juridique/frontend/[39mnode_modules/[4m@vitest[24m/runner/dist/index.js:781:17[90m)[39m
    at runSuite [90m(file:///C:/Users/ahmat/OneDrive/Bureau/Application-de-gestion-juridique/frontend/[39mnode_modules/[4m@vitest[24m/runner/dist/index.js:909:15[90m)[39m
    at runSuite [90m(file:///C:/Users/ahmat/OneDrive/Bureau/Application-de-gestion-juridique/frontend/[39mnode_modules/[4m@vitest[24m/runner/dist/index.js:909:15[90m)[39m
    at runSuite [90m(file:///C:/Users/ahmat/OneDrive/Bureau/Application-de-gestion-juridique/frontend/[39mnode_modules/[4m@vitest[24m/runner/dist/index.js:909:15[90m)[39m
    at runFiles [90m(file:///C:/Users/ahmat/OneDrive/Bureau/Application-de-gestion-juridique/frontend/[39mnode_modules/[4m@vitest[24m/runner/dist/index.js:958:5[90m)[39m
    at startTests [90m(file:///C:/Users/ahmat/OneDrive/Bureau/Application-de-gestion-juridique/frontend/[39mnode_modules/[4m@vitest[24m/runner/dist/index.js:967:3[90m)[39m 
{
  status: [33m401[39m,
  statusCode: [33m401[39m,
  data: { message: [32m'Unauthorized'[39m }
}


[31mÔÄ»ÔÄ»ÔÄ»ÔÄ»ÔÄ»ÔÄ»[1m[7m Failed Tests 41 [27m[22mÔÄ»ÔÄ»ÔÄ»ÔÄ»ÔÄ»ÔÄ»ÔÄ»[39m

[31m[1m[7m FAIL [27m[22m[39m tests/unit/composables/useApi.test.ts[2m > [22museApi Composable[2m > [22mError Handling[2m > [22mshould handle 401 errors with 
TOKEN_EXPIRED code
[31m[1mError[22m: Token expired[39m
[36m [2mÔØ»[22m tests/unit/composables/useApi.test.ts:[2m178:26[22m[39m
    [90m176| [39m      mockAuthStore[33m.[39maccessToken [33m=[39m [32m'new-token'[39m[33m;[39m
    [90m177| [39m
    [90m178| [39m      [35mconst[39m error[33m:[39m any [33m=[39m [35mnew[39m [33mError[39m([32m'Token expired'[39m)[33m;[39m
    [90m   | [39m                         [31m^[39m
    [90m179| [39m      error[33m.[39mstatus [33m=[39m [34m401[39m[33m;[39m
    [90m180| [39m      error[33m.[39mdata [33m=[39m { code[33m:[39m [32m'TOKEN_EXPIRED'[39m }[33m;[39m

[31m[2mÔÄ»ÔÄ»ÔÄ»ÔÄ»ÔÄ»ÔÄ»ÔÄ»ÔÄ»ÔÄ»ÔÄ»ÔÄ»ÔÄ»ÔÄ»ÔÄ»ÔÄ»ÔÄ»ÔÄ»ÔÄ»ÔÄ»ÔÄ»ÔÄ»ÔÄ»ÔÄ»ÔÄ»ÔÄ»ÔÄ»ÔÄ»ÔÄ»ÔÄ»ÔÄ»[22m[39m
[31m[1mSerialized Error:[22m[39m [90m{ status: 401, data: { code: 'TOKEN_EXPIRED' } }[39m
[31m[2mÔÄ»ÔÄ»ÔÄ»ÔÄ»ÔÄ»ÔÄ»ÔÄ»ÔÄ»ÔÄ»ÔÄ»ÔÄ»ÔÄ»ÔÄ»ÔÄ»ÔÄ»ÔÄ»ÔÄ»ÔÄ»ÔÄ»ÔÄ»ÔÄ»ÔÄ»ÔÄ»[1/41]ÔÄ»[22m[39m

[31m[1m[7m FAIL [27m[22m[39m tests/unit/composables/useApi.test.ts[2m > [22museApi Composable[2m > [22mError Handling[2m > [22mshould clear auth and redirect on 401 
without refresh
[31m[1mAssertionError[22m: promise resolved "{ data: 'success' }" instead of rejecting[39m

[32m- Expected[39m
[31m+ Received[39m

[32m- [Error: rejected promise][39m
[31m+ Object {[39m
[31m+   "data": "success",[39m
[31m+ }[39m

[36m [2mÔØ»[22m tests/unit/composables/useApi.test.ts:[2m205:51[22m[39m
    [90m203| [39m      (globalThis [35mas[39m any)[33m.[39mnavigateTo [33m=[39m navigateTo[33m;[39m
    [90m204| [39m
    [90m205| [39m      [35mawait[39m [34mexpect[39m([34mapiFetch[39m([32m'/protected-endpoint'[39m))[33m.[39mrejects[33m.[39m[34mtoThrow[39m()[33m;[39m
    [90m   | [39m                                                  [31m^[39m
    [90m206| [39m      [34mexpect[39m(mockAuthStore[33m.[39mclearAuth)[33m.[39m[34mtoHaveBeenCalled[39m()[33m;[39m
    [90m207| [39m      [34mexpect[39m(navigateTo)[33m.[39m[34mtoHaveBeenCalledWith[39m([32m'/auth/login'[39m)[33m;[39m

[31m[2mÔÄ»ÔÄ»ÔÄ»ÔÄ»ÔÄ»ÔÄ»ÔÄ»ÔÄ»ÔÄ»ÔÄ»ÔÄ»ÔÄ»ÔÄ»ÔÄ»ÔÄ»ÔÄ»ÔÄ»ÔÄ»ÔÄ»ÔÄ»ÔÄ»ÔÄ»ÔÄ»[2/41]ÔÄ»[22m[39m

[31m[1m[7m FAIL [27m[22m[39m tests/unit/composables/useApi.test.ts[2m > [22museApi Composable[2m > [22mError Handling[2m > [22mshould clear auth and redirect on 401 
without TOKEN_EXPIRED code
[31m[1mAssertionError[22m: expected "spy" to be called at least once[39m
[36m [2mÔØ»[22m tests/unit/composables/useApi.test.ts:[2m221:39[22m[39m
    [90m219| [39m
    [90m220| [39m      [35mawait[39m [34mexpect[39m([34mapiFetch[39m([32m'/protected-endpoint'[39m))[33m.[39mrejects[33m.[39m[34mtoThrow[39m()[33m;[39m
    [90m221| [39m      [34mexpect[39m(mockAuthStore[33m.[39mclearAuth)[33m.[39m[34mtoHaveBeenCalled[39m()[33m;[39m
    [90m   | [39m                                      [31m^[39m
    [90m222| [39m      [34mexpect[39m(navigateTo)[33m.[39m[34mtoHaveBeenCalledWith[39m([32m'/auth/login'[39m)[33m;[39m
    [90m223| [39m    })[33m;[39m

[31m[2mÔÄ»ÔÄ»ÔÄ»ÔÄ»ÔÄ»ÔÄ»ÔÄ»ÔÄ»ÔÄ»ÔÄ»ÔÄ»ÔÄ»ÔÄ»ÔÄ»ÔÄ»ÔÄ»ÔÄ»ÔÄ»ÔÄ»ÔÄ»ÔÄ»ÔÄ»ÔÄ»[3/41]ÔÄ»[22m[39m

[31m[1m[7m FAIL [27m[22m[39m tests/unit/composables/useApi.test.ts[2m > [22museApi Composable[2m > [22mError Handling[2m > [22mshould handle network errors
[31m[1mAssertionError[22m: expected [Function] to throw error including 'Network error' but got 'Internal Server Error'[39m

[32m- Expected[39m
[31m+ Received[39m

[32m- Network error[39m
[31m+ Internal Server Error[39m

[36m [2mÔØ»[22m tests/unit/composables/useApi.test.ts:[2m251:7[22m[39m
    [90m249| [39m      vi[33m.[39m[34mmocked[39m($fetch)[33m.[39m[34mmockRejectedValueOnce[39m(networkError)[33m;[39m
    [90m250| [39m
    [90m251| [39m      [35mawait[39m [34mexpect[39m([34mapiFetch[39m([32m'/endpoint'[39m))[33m.[39mrejects[33m.[39m[34mtoThrow[39m([32m'Network err[39mÔÇª
    [90m   | [39m      [31m^[39m
    [90m252| [39m    })[33m;[39m
    [90m253| [39m  })[33m;[39m

[31m[2mÔÄ»ÔÄ»ÔÄ»ÔÄ»ÔÄ»ÔÄ»ÔÄ»ÔÄ»ÔÄ»ÔÄ»ÔÄ»ÔÄ»ÔÄ»ÔÄ»ÔÄ»ÔÄ»ÔÄ»ÔÄ»ÔÄ»ÔÄ»ÔÄ»ÔÄ»ÔÄ»[4/41]ÔÄ»[22m[39m

[31m[1m[7m FAIL [27m[22m[39m tests/unit/composables/useApi.test.ts[2m > [22museApi Composable[2m > [22mRequest Options[2m > [22mshould pass through custom options
[31m[1mError[22m: Network error[39m
[36m [2mÔØ»[22m tests/unit/composables/useApi.test.ts:[2m248:28[22m[39m
    [90m246| [39m    [34mit[39m([32m'should handle network errors'[39m[33m,[39m [35masync[39m () [33m=>[39m {
    [90m247| [39m      [35mconst[39m { apiFetch } [33m=[39m [34museApi[39m()[33m;[39m
    [90m248| [39m      [35mconst[39m networkError [33m=[39m [35mnew[39m [33mError[39m([32m'Network error'[39m)[33m;[39m
    [90m   | [39m                           [31m^[39m
    [90m249| [39m      vi[33m.[39m[34mmocked[39m($fetch)[33m.[39m[34mmockRejectedValueOnce[39m(networkError)[33m;[39m
    [90m250| [39m

[31m[2mÔÄ»ÔÄ»ÔÄ»ÔÄ»ÔÄ»ÔÄ»ÔÄ»ÔÄ»ÔÄ»ÔÄ»ÔÄ»ÔÄ»ÔÄ»ÔÄ»ÔÄ»ÔÄ»ÔÄ»ÔÄ»ÔÄ»ÔÄ»ÔÄ»ÔÄ»ÔÄ»[5/41]ÔÄ»[22m[39m

[31m[1m[7m FAIL [27m[22m[39m tests/unit/composables/useApi.test.ts[2m > [22museApi Composable[2m > [22mType Safety[2m > [22mshould return typed response
[31m[1mAssertionError[22m: expected undefined to be '123' // Object.is equality[39m

[32m- Expected:[39m 
"123"

[31m+ Received:[39m 
undefined

[36m [2mÔØ»[22m tests/unit/composables/useApi.test.ts:[2m305:30[22m[39m
    [90m303| [39m      [35mconst[39m result [33m=[39m [35mawait[39m apiFetch[33m<[39many[33m>[39m([32m'/users/123'[39m)[33m;[39m
    [90m304| [39m
    [90m305| [39m      [34mexpect[39m(result[33m.[39mdata[33m.[39mid)[33m.[39m[34mtoBe[39m([32m'123'[39m)[33m;[39m
    [90m   | [39m                             [31m^[39m
    [90m306| [39m      [34mexpect[39m(result[33m.[39mdata[33m.[39mname)[33m.[39m[34mtoBe[39m([32m'Test User'[39m)[33m;[39m
    [90m307| [39m    })[33m;[39m

[31m[2mÔÄ»ÔÄ»ÔÄ»ÔÄ»ÔÄ»ÔÄ»ÔÄ»ÔÄ»ÔÄ»ÔÄ»ÔÄ»ÔÄ»ÔÄ»ÔÄ»ÔÄ»ÔÄ»ÔÄ»ÔÄ»ÔÄ»ÔÄ»ÔÄ»ÔÄ»ÔÄ»[6/41]ÔÄ»[22m[39m

[31m[1m[7m FAIL [27m[22m[39m tests/unit/composables/useApi.test.ts[2m > [22museApi Composable[2m > [22mEdge Cases[2m > [22mshould handle empty response
[31m[1mAssertionError[22m: expected { success: true, ÔÇª(2) } to be null[39m
[36m [2mÔØ»[22m tests/unit/composables/useApi.test.ts:[2m317:22[22m[39m
    [90m315| [39m      [35mconst[39m result [33m=[39m [35mawait[39m [34mapiFetch[39m([32m'/endpoint'[39m)[33m;[39m
    [90m316| [39m
    [90m317| [39m      [34mexpect[39m(result)[33m.[39m[34mtoBeNull[39m()[33m;[39m
    [90m   | [39m                     [31m^[39m
    [90m318| [39m    })[33m;[39m
    [90m319| [39m

[31m[2mÔÄ»ÔÄ»ÔÄ»ÔÄ»ÔÄ»ÔÄ»ÔÄ»ÔÄ»ÔÄ»ÔÄ»ÔÄ»ÔÄ»ÔÄ»ÔÄ»ÔÄ»ÔÄ»ÔÄ»ÔÄ»ÔÄ»ÔÄ»ÔÄ»ÔÄ»ÔÄ»[7/41]ÔÄ»[22m[39m

[31m[1m[7m FAIL [27m[22m[39m tests/unit/composables/useApi.test.ts[2m > [22museApi Composable[2m > [22mEdge Cases[2m > [22mshould handle token refresh failure during 
retry
[31m[1mAssertionError[22m: promise resolved "{ success: true, ÔÇª(2) }" instead of rejecting[39m

[32m- Expected[39m
[31m+ Received[39m

[32m- [Error: rejected promise][39m
[31m+ Object {[39m
[31m+   "data": Object {[39m
[31m+     "data": "2",[39m
[31m+   },[39m
[31m+   "message": "Operation successful",[39m
[31m+   "success": true,[39m
[31m+ }[39m

[36m [2mÔØ»[22m tests/unit/composables/useApi.test.ts:[2m346:51[22m[39m
    [90m344| [39m        [33m.[39m[34mmockRejectedValueOnce[39m(error)[33m;[39m
    [90m345| [39m
    [90m346| [39m      [35mawait[39m [34mexpect[39m([34mapiFetch[39m([32m'/protected-endpoint'[39m))[33m.[39mrejects[33m.[39m[34mtoThrow[39m()[33m;[39m
    [90m   | [39m                                                  [31m^[39m
    [90m347| [39m    })[33m;[39m
    [90m348| [39m  })[33m;[39m

[31m[2mÔÄ»ÔÄ»ÔÄ»ÔÄ»ÔÄ»ÔÄ»ÔÄ»ÔÄ»ÔÄ»ÔÄ»ÔÄ»ÔÄ»ÔÄ»ÔÄ»ÔÄ»ÔÄ»ÔÄ»ÔÄ»ÔÄ»ÔÄ»ÔÄ»ÔÄ»ÔÄ»[8/41]ÔÄ»[22m[39m

[31m[1m[7m FAIL [27m[22m[39m tests/unit/composables/useCase.test.ts[2m > [22museCase Composable[2m > [22mGet Cases[2m > [22mshould fetch all cases
[31m[1mAssertionError[22m: expected { success: true, ÔÇª(2) } to have property 'length'[39m
[36m [2mÔØ»[22m tests/unit/composables/useCase.test.ts:[2m63:27[22m[39m
    [90m 61| [39m      [35mconst[39m result [33m=[39m [35mawait[39m [34mgetCases[39m()[33m;[39m
    [90m 62| [39m
    [90m 63| [39m      [34mexpect[39m(result[33m.[39mdata)[33m.[39m[34mtoHaveLength[39m([34m2[39m)[33m;[39m
    [90m   | [39m                          [31m^[39m
    [90m 64| [39m      [34mexpect[39m(result[33m.[39msuccess)[33m.[39m[34mtoBe[39m([35mtrue[39m)[33m;[39m
    [90m 65| [39m    })[33m;[39m

[31m[2mÔÄ»ÔÄ»ÔÄ»ÔÄ»ÔÄ»ÔÄ»ÔÄ»ÔÄ»ÔÄ»ÔÄ»ÔÄ»ÔÄ»ÔÄ»ÔÄ»ÔÄ»ÔÄ»ÔÄ»ÔÄ»ÔÄ»ÔÄ»ÔÄ»ÔÄ»ÔÄ»[9/41]ÔÄ»[22m[39m

[31m[1m[7m FAIL [27m[22m[39m tests/unit/composables/useCase.test.ts[2m > [22museCase Composable[2m > [22mEdge Cases[2m > [22mshould handle empty cases list
[31m[1mAssertionError[22m: expected { success: true, data: [], ÔÇª(1) } to deeply equal [][39m

[32m- Expected:[39m 
Array []

[31m+ Received:[39m 
Object {
  "data": Array [],
  "message": "Success",
  "success": true,
}

[36m [2mÔØ»[22m tests/unit/composables/useCase.test.ts:[2m123:27[22m[39m
    [90m121| [39m      [35mconst[39m result [33m=[39m [35mawait[39m [34mgetCases[39m()[33m;[39m
    [90m122| [39m
    [90m123| [39m      [34mexpect[39m(result[33m.[39mdata)[33m.[39m[34mtoEqual[39m([])[33m;[39m
    [90m   | [39m                          [31m^[39m
    [90m124| [39m      [34mexpect[39m(result[33m.[39msuccess)[33m.[39m[34mtoBe[39m([35mtrue[39m)[33m;[39m
    [90m125| [39m    })[33m;[39m

[31m[2mÔÄ»ÔÄ»ÔÄ»ÔÄ»ÔÄ»ÔÄ»ÔÄ»ÔÄ»ÔÄ»ÔÄ»ÔÄ»ÔÄ»ÔÄ»ÔÄ»ÔÄ»ÔÄ»ÔÄ»ÔÄ»ÔÄ»ÔÄ»ÔÄ»ÔÄ»[10/41]ÔÄ»[22m[39m

[31m[1m[7m FAIL [27m[22m[39m tests/unit/composables/useClient.test.ts[2m > [22museClient Composable[2m > [22mGet Client[2m > [22mshould fetch client by ID
[31m[1mReferenceError[22m: useApi is not defined[39m
[36m [2mÔØ»[22m Module.useClient composables/useClient.ts:[2m10:24[22m[39m
    [90m  8| [39m
    [90m  9| [39m[35mexport[39m [35mconst[39m useClient [33m=[39m () [33m=>[39m {
    [90m 10| [39m  [35mconst[39m { apiFetch } [33m=[39m [34museApi[39m()[33m;[39m
    [90m   | [39m                       [31m^[39m
    [90m 11| [39m
    [90m 12| [39m
[90m [2mÔØ»[22m tests/unit/composables/useClient.test.ts:[2m75:29[22m[39m

[31m[2mÔÄ»ÔÄ»ÔÄ»ÔÄ»ÔÄ»ÔÄ»ÔÄ»ÔÄ»ÔÄ»ÔÄ»ÔÄ»ÔÄ»ÔÄ»ÔÄ»ÔÄ»ÔÄ»ÔÄ»ÔÄ»ÔÄ»ÔÄ»ÔÄ»ÔÄ»[11/41]ÔÄ»[22m[39m

[31m[1m[7m FAIL [27m[22m[39m tests/unit/composables/useClient.test.ts[2m > [22museClient Composable[2m > [22mGet Client[2m > [22mshould handle not found error
[31m[1mReferenceError[22m: useApi is not defined[39m
[36m [2mÔØ»[22m Module.useClient composables/useClient.ts:[2m10:24[22m[39m
    [90m  8| [39m
    [90m  9| [39m[35mexport[39m [35mconst[39m useClient [33m=[39m () [33m=>[39m {
    [90m 10| [39m  [35mconst[39m { apiFetch } [33m=[39m [34museApi[39m()[33m;[39m
    [90m   | [39m                       [31m^[39m
    [90m 11| [39m
    [90m 12| [39m
[90m [2mÔØ»[22m tests/unit/composables/useClient.test.ts:[2m86:29[22m[39m

[31m[2mÔÄ»ÔÄ»ÔÄ»ÔÄ»ÔÄ»ÔÄ»ÔÄ»ÔÄ»ÔÄ»ÔÄ»ÔÄ»ÔÄ»ÔÄ»ÔÄ»ÔÄ»ÔÄ»ÔÄ»ÔÄ»ÔÄ»ÔÄ»ÔÄ»ÔÄ»[12/41]ÔÄ»[22m[39m

[31m[1m[7m FAIL [27m[22m[39m tests/unit/composables/useClient.test.ts[2m > [22museClient Composable[2m > [22mCreate Client[2m > [22mshould create client successfully
[31m[1mReferenceError[22m: useApi is not defined[39m
[36m [2mÔØ»[22m Module.useClient composables/useClient.ts:[2m10:24[22m[39m
    [90m  8| [39m
    [90m  9| [39m[35mexport[39m [35mconst[39m useClient [33m=[39m () [33m=>[39m {
    [90m 10| [39m  [35mconst[39m { apiFetch } [33m=[39m [34museApi[39m()[33m;[39m
    [90m   | [39m                       [31m^[39m
    [90m 11| [39m
    [90m 12| [39m
[90m [2mÔØ»[22m tests/unit/composables/useClient.test.ts:[2m130:32[22m[39m

[31m[2mÔÄ»ÔÄ»ÔÄ»ÔÄ»ÔÄ»ÔÄ»ÔÄ»ÔÄ»ÔÄ»ÔÄ»ÔÄ»ÔÄ»ÔÄ»ÔÄ»ÔÄ»ÔÄ»ÔÄ»ÔÄ»ÔÄ»ÔÄ»ÔÄ»ÔÄ»[13/41]ÔÄ»[22m[39m

[31m[1m[7m FAIL [27m[22m[39m tests/unit/composables/useClient.test.ts[2m > [22museClient Composable[2m > [22mCreate Client[2m > [22mshould handle duplicate email 
error
[31m[1mReferenceError[22m: useApi is not defined[39m
[36m [2mÔØ»[22m Module.useClient composables/useClient.ts:[2m10:24[22m[39m
    [90m  8| [39m
    [90m  9| [39m[35mexport[39m [35mconst[39m useClient [33m=[39m () [33m=>[39m {
    [90m 10| [39m  [35mconst[39m { apiFetch } [33m=[39m [34museApi[39m()[33m;[39m
    [90m   | [39m                       [31m^[39m
    [90m 11| [39m
    [90m 12| [39m
[90m [2mÔØ»[22m tests/unit/composables/useClient.test.ts:[2m147:32[22m[39m

[31m[2mÔÄ»ÔÄ»ÔÄ»ÔÄ»ÔÄ»ÔÄ»ÔÄ»ÔÄ»ÔÄ»ÔÄ»ÔÄ»ÔÄ»ÔÄ»ÔÄ»ÔÄ»ÔÄ»ÔÄ»ÔÄ»ÔÄ»ÔÄ»ÔÄ»ÔÄ»[14/41]ÔÄ»[22m[39m

[31m[1m[7m FAIL [27m[22m[39m tests/unit/composables/useClient.test.ts[2m > [22museClient Composable[2m > [22mUpdate Client[2m > [22mshould update client successfully
[31m[1mReferenceError[22m: useApi is not defined[39m
[36m [2mÔØ»[22m Module.useClient composables/useClient.ts:[2m10:24[22m[39m
    [90m  8| [39m
    [90m  9| [39m[35mexport[39m [35mconst[39m useClient [33m=[39m () [33m=>[39m {
    [90m 10| [39m  [35mconst[39m { apiFetch } [33m=[39m [34museApi[39m()[33m;[39m
    [90m   | [39m                       [31m^[39m
    [90m 11| [39m
    [90m 12| [39m
[90m [2mÔØ»[22m tests/unit/composables/useClient.test.ts:[2m162:32[22m[39m

[31m[2mÔÄ»ÔÄ»ÔÄ»ÔÄ»ÔÄ»ÔÄ»ÔÄ»ÔÄ»ÔÄ»ÔÄ»ÔÄ»ÔÄ»ÔÄ»ÔÄ»ÔÄ»ÔÄ»ÔÄ»ÔÄ»ÔÄ»ÔÄ»ÔÄ»ÔÄ»[15/41]ÔÄ»[22m[39m

[31m[1m[7m FAIL [27m[22m[39m tests/unit/composables/useClient.test.ts[2m > [22museClient Composable[2m > [22mDelete Client[2m > [22mshould delete client successfully
[31m[1mReferenceError[22m: useApi is not defined[39m
[36m [2mÔØ»[22m Module.useClient composables/useClient.ts:[2m10:24[22m[39m
    [90m  8| [39m
    [90m  9| [39m[35mexport[39m [35mconst[39m useClient [33m=[39m () [33m=>[39m {
    [90m 10| [39m  [35mconst[39m { apiFetch } [33m=[39m [34museApi[39m()[33m;[39m
    [90m   | [39m                       [31m^[39m
    [90m 11| [39m
    [90m 12| [39m
[90m [2mÔØ»[22m tests/unit/composables/useClient.test.ts:[2m175:32[22m[39m

[31m[2mÔÄ»ÔÄ»ÔÄ»ÔÄ»ÔÄ»ÔÄ»ÔÄ»ÔÄ»ÔÄ»ÔÄ»ÔÄ»ÔÄ»ÔÄ»ÔÄ»ÔÄ»ÔÄ»ÔÄ»ÔÄ»ÔÄ»ÔÄ»ÔÄ»ÔÄ»[16/41]ÔÄ»[22m[39m

[31m[1m[7m FAIL [27m[22m[39m tests/unit/composables/useClient.test.ts[2m > [22museClient Composable[2m > [22mEdge Cases[2m > [22mshould handle empty client list
[31m[1mReferenceError[22m: useApi is not defined[39m
[36m [2mÔØ»[22m Module.useClient composables/useClient.ts:[2m10:24[22m[39m
    [90m  8| [39m
    [90m  9| [39m[35mexport[39m [35mconst[39m useClient [33m=[39m () [33m=>[39m {
    [90m 10| [39m  [35mconst[39m { apiFetch } [33m=[39m [34museApi[39m()[33m;[39m
    [90m   | [39m                       [31m^[39m
    [90m 11| [39m
    [90m 12| [39m
[90m [2mÔØ»[22m tests/unit/composables/useClient.test.ts:[2m186:30[22m[39m

[31m[2mÔÄ»ÔÄ»ÔÄ»ÔÄ»ÔÄ»ÔÄ»ÔÄ»ÔÄ»ÔÄ»ÔÄ»ÔÄ»ÔÄ»ÔÄ»ÔÄ»ÔÄ»ÔÄ»ÔÄ»ÔÄ»ÔÄ»ÔÄ»ÔÄ»ÔÄ»[17/41]ÔÄ»[22m[39m

[31m[1m[7m FAIL [27m[22m[39m tests/unit/composables/useDocument.test.ts[2m > [22museDocument Composable[2m > [22mEdge Cases[2m > [22mshould handle network errors 
during upload
[31m[1mAssertionError[22m: expected true to be false // Object.is equality[39m

[32m- Expected[39m
[31m+ Received[39m

[32m- false[39m
[31m+ true[39m

[36m [2mÔØ»[22m tests/unit/composables/useDocument.test.ts:[2m252:30[22m[39m
    [90m250| [39m      [35mconst[39m result [33m=[39m [35mawait[39m [34muploadDocument[39m([35mnew[39m [33mFormData[39m())[33m;[39m
    [90m251| [39m
    [90m252| [39m      [34mexpect[39m(result[33m.[39msuccess)[33m.[39m[34mtoBe[39m([35mfalse[39m)[33m;[39m
    [90m   | [39m                             [31m^[39m
    [90m253| [39m    })[33m;[39m
    [90m254| [39m  })[33m;[39m

[31m[2mÔÄ»ÔÄ»ÔÄ»ÔÄ»ÔÄ»ÔÄ»ÔÄ»ÔÄ»ÔÄ»ÔÄ»ÔÄ»ÔÄ»ÔÄ»ÔÄ»ÔÄ»ÔÄ»ÔÄ»ÔÄ»ÔÄ»ÔÄ»ÔÄ»ÔÄ»[18/41]ÔÄ»[22m[39m

[31m[1m[7m FAIL [27m[22m[39m tests/unit/composables/useLawyer.test.ts[2m > [22museLawyer Composable[2m > [22mGet Lawyers[2m > [22mshould fetch all lawyers
[31m[1mReferenceError[22m: useApi is not defined[39m
[36m [2mÔØ»[22m Module.useLawyer composables/useLawyer.ts:[2m11:24[22m[39m
    [90m  9| [39m
    [90m 10| [39m[35mexport[39m [35mconst[39m useLawyer [33m=[39m () [33m=>[39m {
    [90m 11| [39m  [35mconst[39m { apiFetch } [33m=[39m [34museApi[39m()[33m;[39m
    [90m   | [39m                       [31m^[39m
    [90m 12| [39m
    [90m 13| [39m
[90m [2mÔØ»[22m tests/unit/composables/useLawyer.test.ts:[2m107:30[22m[39m

[31m[2mÔÄ»ÔÄ»ÔÄ»ÔÄ»ÔÄ»ÔÄ»ÔÄ»ÔÄ»ÔÄ»ÔÄ»ÔÄ»ÔÄ»ÔÄ»ÔÄ»ÔÄ»ÔÄ»ÔÄ»ÔÄ»ÔÄ»ÔÄ»ÔÄ»ÔÄ»[19/41]ÔÄ»[22m[39m

[31m[1m[7m FAIL [27m[22m[39m tests/unit/composables/useLawyer.test.ts[2m > [22museLawyer Composable[2m > [22mGet Lawyers[2m > [22mshould fetch lawyers with filters
[31m[1mReferenceError[22m: useApi is not defined[39m
[36m [2mÔØ»[22m Module.useLawyer composables/useLawyer.ts:[2m11:24[22m[39m
    [90m  9| [39m
    [90m 10| [39m[35mexport[39m [35mconst[39m useLawyer [33m=[39m () [33m=>[39m {
    [90m 11| [39m  [35mconst[39m { apiFetch } [33m=[39m [34museApi[39m()[33m;[39m
    [90m   | [39m                       [31m^[39m
    [90m 12| [39m
    [90m 13| [39m
[90m [2mÔØ»[22m tests/unit/composables/useLawyer.test.ts:[2m121:30[22m[39m

[31m[2mÔÄ»ÔÄ»ÔÄ»ÔÄ»ÔÄ»ÔÄ»ÔÄ»ÔÄ»ÔÄ»ÔÄ»ÔÄ»ÔÄ»ÔÄ»ÔÄ»ÔÄ»ÔÄ»ÔÄ»ÔÄ»ÔÄ»ÔÄ»ÔÄ»ÔÄ»[20/41]ÔÄ»[22m[39m

[31m[1m[7m FAIL [27m[22m[39m tests/unit/composables/useLawyer.test.ts[2m > [22museLawyer Composable[2m > [22mGet Lawyer by ID[2m > [22mshould fetch lawyer profile
[31m[1mReferenceError[22m: useApi is not defined[39m
[36m [2mÔØ»[22m Module.useLawyer composables/useLawyer.ts:[2m11:24[22m[39m
    [90m  9| [39m
    [90m 10| [39m[35mexport[39m [35mconst[39m useLawyer [33m=[39m () [33m=>[39m {
    [90m 11| [39m  [35mconst[39m { apiFetch } [33m=[39m [34museApi[39m()[33m;[39m
    [90m   | [39m                       [31m^[39m
    [90m 12| [39m
    [90m 13| [39m
[90m [2mÔØ»[22m tests/unit/composables/useLawyer.test.ts:[2m141:29[22m[39m

[31m[2mÔÄ»ÔÄ»ÔÄ»ÔÄ»ÔÄ»ÔÄ»ÔÄ»ÔÄ»ÔÄ»ÔÄ»ÔÄ»ÔÄ»ÔÄ»ÔÄ»ÔÄ»ÔÄ»ÔÄ»ÔÄ»ÔÄ»ÔÄ»ÔÄ»ÔÄ»[21/41]ÔÄ»[22m[39m

[31m[1m[7m FAIL [27m[22m[39m tests/unit/composables/useLawyer.test.ts[2m > [22museLawyer Composable[2m > [22mGet Lawyer by ID[2m > [22mshould handle not found error
[31m[1mReferenceError[22m: useApi is not defined[39m
[36m [2mÔØ»[22m Module.useLawyer composables/useLawyer.ts:[2m11:24[22m[39m
    [90m  9| [39m
    [90m 10| [39m[35mexport[39m [35mconst[39m useLawyer [33m=[39m () [33m=>[39m {
    [90m 11| [39m  [35mconst[39m { apiFetch } [33m=[39m [34museApi[39m()[33m;[39m
    [90m   | [39m                       [31m^[39m
    [90m 12| [39m
    [90m 13| [39m
[90m [2mÔØ»[22m tests/unit/composables/useLawyer.test.ts:[2m152:29[22m[39m

[31m[2mÔÄ»ÔÄ»ÔÄ»ÔÄ»ÔÄ»ÔÄ»ÔÄ»ÔÄ»ÔÄ»ÔÄ»ÔÄ»ÔÄ»ÔÄ»ÔÄ»ÔÄ»ÔÄ»ÔÄ»ÔÄ»ÔÄ»ÔÄ»ÔÄ»ÔÄ»[22/41]ÔÄ»[22m[39m

[31m[1m[7m FAIL [27m[22m[39m tests/unit/composables/useLawyer.test.ts[2m > [22museLawyer Composable[2m > [22mLawyer Requests[2m > [22mshould create lawyer request 
successfully
[31m[1mReferenceError[22m: useApi is not defined[39m
[36m [2mÔØ»[22m Module.useLawyer composables/useLawyer.ts:[2m11:24[22m[39m
    [90m  9| [39m
    [90m 10| [39m[35mexport[39m [35mconst[39m useLawyer [33m=[39m () [33m=>[39m {
    [90m 11| [39m  [35mconst[39m { apiFetch } [33m=[39m [34museApi[39m()[33m;[39m
    [90m   | [39m                       [31m^[39m
    [90m 12| [39m
    [90m 13| [39m
[90m [2mÔØ»[22m tests/unit/composables/useLawyer.test.ts:[2m161:39[22m[39m

[31m[2mÔÄ»ÔÄ»ÔÄ»ÔÄ»ÔÄ»ÔÄ»ÔÄ»ÔÄ»ÔÄ»ÔÄ»ÔÄ»ÔÄ»ÔÄ»ÔÄ»ÔÄ»ÔÄ»ÔÄ»ÔÄ»ÔÄ»ÔÄ»ÔÄ»ÔÄ»[23/41]ÔÄ»[22m[39m

[31m[1m[7m FAIL [27m[22m[39m tests/unit/composables/useLawyer.test.ts[2m > [22museLawyer Composable[2m > [22mLawyer Requests[2m > [22mshould handle validation errors
[31m[1mReferenceError[22m: useApi is not defined[39m
[36m [2mÔØ»[22m Module.useLawyer composables/useLawyer.ts:[2m11:24[22m[39m
    [90m  9| [39m
    [90m 10| [39m[35mexport[39m [35mconst[39m useLawyer [33m=[39m () [33m=>[39m {
    [90m 11| [39m  [35mconst[39m { apiFetch } [33m=[39m [34museApi[39m()[33m;[39m
    [90m   | [39m                       [31m^[39m
    [90m 12| [39m
    [90m 13| [39m
[90m [2mÔØ»[22m tests/unit/composables/useLawyer.test.ts:[2m179:39[22m[39m

[31m[2mÔÄ»ÔÄ»ÔÄ»ÔÄ»ÔÄ»ÔÄ»ÔÄ»ÔÄ»ÔÄ»ÔÄ»ÔÄ»ÔÄ»ÔÄ»ÔÄ»ÔÄ»ÔÄ»ÔÄ»ÔÄ»ÔÄ»ÔÄ»ÔÄ»ÔÄ»[24/41]ÔÄ»[22m[39m

[31m[1m[7m FAIL [27m[22m[39m tests/unit/composables/useLawyer.test.ts[2m > [22museLawyer Composable[2m > [22mUpdate Lawyer Profile[2m > [22mshould update profile 
successfully
[31m[1mReferenceError[22m: useApi is not defined[39m
[36m [2mÔØ»[22m Module.useLawyer composables/useLawyer.ts:[2m11:24[22m[39m
    [90m  9| [39m
    [90m 10| [39m[35mexport[39m [35mconst[39m useLawyer [33m=[39m () [33m=>[39m {
    [90m 11| [39m  [35mconst[39m { apiFetch } [33m=[39m [34museApi[39m()[33m;[39m
    [90m   | [39m                       [31m^[39m
    [90m 12| [39m
    [90m 13| [39m
[90m [2mÔØ»[22m tests/unit/composables/useLawyer.test.ts:[2m215:39[22m[39m

[31m[2mÔÄ»ÔÄ»ÔÄ»ÔÄ»ÔÄ»ÔÄ»ÔÄ»ÔÄ»ÔÄ»ÔÄ»ÔÄ»ÔÄ»ÔÄ»ÔÄ»ÔÄ»ÔÄ»ÔÄ»ÔÄ»ÔÄ»ÔÄ»ÔÄ»ÔÄ»[25/41]ÔÄ»[22m[39m

[31m[1m[7m FAIL [27m[22m[39m tests/unit/composables/useLawyer.test.ts[2m > [22museLawyer Composable[2m > [22mLawyer Availability[2m > [22mshould check lawyer 
availability
[31m[1mReferenceError[22m: useApi is not defined[39m
[36m [2mÔØ»[22m Module.useLawyer composables/useLawyer.ts:[2m11:24[22m[39m
    [90m  9| [39m
    [90m 10| [39m[35mexport[39m [35mconst[39m useLawyer [33m=[39m () [33m=>[39m {
    [90m 11| [39m  [35mconst[39m { apiFetch } [33m=[39m [34museApi[39m()[33m;[39m
    [90m   | [39m                       [31m^[39m
    [90m 12| [39m
    [90m 13| [39m
[90m [2mÔØ»[22m tests/unit/composables/useLawyer.test.ts:[2m231:37[22m[39m

[31m[2mÔÄ»ÔÄ»ÔÄ»ÔÄ»ÔÄ»ÔÄ»ÔÄ»ÔÄ»ÔÄ»ÔÄ»ÔÄ»ÔÄ»ÔÄ»ÔÄ»ÔÄ»ÔÄ»ÔÄ»ÔÄ»ÔÄ»ÔÄ»ÔÄ»ÔÄ»[26/41]ÔÄ»[22m[39m

[31m[1m[7m FAIL [27m[22m[39m tests/unit/composables/useLawyer.test.ts[2m > [22museLawyer Composable[2m > [22mLawyer Availability[2m > [22mshould handle unavailable 
slots
[31m[1mReferenceError[22m: useApi is not defined[39m
[36m [2mÔØ»[22m Module.useLawyer composables/useLawyer.ts:[2m11:24[22m[39m
    [90m  9| [39m
    [90m 10| [39m[35mexport[39m [35mconst[39m useLawyer [33m=[39m () [33m=>[39m {
    [90m 11| [39m  [35mconst[39m { apiFetch } [33m=[39m [34museApi[39m()[33m;[39m
    [90m   | [39m                       [31m^[39m
    [90m 12| [39m
    [90m 13| [39m
[90m [2mÔØ»[22m tests/unit/composables/useLawyer.test.ts:[2m245:37[22m[39m

[31m[2mÔÄ»ÔÄ»ÔÄ»ÔÄ»ÔÄ»ÔÄ»ÔÄ»ÔÄ»ÔÄ»ÔÄ»ÔÄ»ÔÄ»ÔÄ»ÔÄ»ÔÄ»ÔÄ»ÔÄ»ÔÄ»ÔÄ»ÔÄ»ÔÄ»ÔÄ»[27/41]ÔÄ»[22m[39m

[31m[1m[7m FAIL [27m[22m[39m tests/unit/composables/useLawyer.test.ts[2m > [22museLawyer Composable[2m > [22mEdge Cases[2m > [22mshould handle empty lawyers list
[31m[1mReferenceError[22m: useApi is not defined[39m
[36m [2mÔØ»[22m Module.useLawyer composables/useLawyer.ts:[2m11:24[22m[39m
    [90m  9| [39m
    [90m 10| [39m[35mexport[39m [35mconst[39m useLawyer [33m=[39m () [33m=>[39m {
    [90m 11| [39m  [35mconst[39m { apiFetch } [33m=[39m [34museApi[39m()[33m;[39m
    [90m   | [39m                       [31m^[39m
    [90m 12| [39m
    [90m 13| [39m
[90m [2mÔØ»[22m tests/unit/composables/useLawyer.test.ts:[2m289:30[22m[39m

[31m[2mÔÄ»ÔÄ»ÔÄ»ÔÄ»ÔÄ»ÔÄ»ÔÄ»ÔÄ»ÔÄ»ÔÄ»ÔÄ»ÔÄ»ÔÄ»ÔÄ»ÔÄ»ÔÄ»ÔÄ»ÔÄ»ÔÄ»ÔÄ»ÔÄ»ÔÄ»[28/41]ÔÄ»[22m[39m

[31m[1m[7m FAIL [27m[22m[39m tests/unit/composables/useLawyer.test.ts[2m > [22museLawyer Composable[2m > [22mEdge Cases[2m > [22mshould handle unauthorized access
[31m[1mReferenceError[22m: useApi is not defined[39m
[36m [2mÔØ»[22m Module.useLawyer composables/useLawyer.ts:[2m11:24[22m[39m
    [90m  9| [39m
    [90m 10| [39m[35mexport[39m [35mconst[39m useLawyer [33m=[39m () [33m=>[39m {
    [90m 11| [39m  [35mconst[39m { apiFetch } [33m=[39m [34museApi[39m()[33m;[39m
    [90m   | [39m                       [31m^[39m
    [90m 12| [39m
    [90m 13| [39m
[90m [2mÔØ»[22m tests/unit/composables/useLawyer.test.ts:[2m307:30[22m[39m

[31m[2mÔÄ»ÔÄ»ÔÄ»ÔÄ»ÔÄ»ÔÄ»ÔÄ»ÔÄ»ÔÄ»ÔÄ»ÔÄ»ÔÄ»ÔÄ»ÔÄ»ÔÄ»ÔÄ»ÔÄ»ÔÄ»ÔÄ»ÔÄ»ÔÄ»ÔÄ»[29/41]ÔÄ»[22m[39m

[31m[1m[7m FAIL [27m[22m[39m tests/unit/stores/notifications.store.test.ts[2m > [22mNotifications Store[2m > [22mNotification Retrieval[2m > [22mshould fetch 
notifications successfully
[31m[1mReferenceError[22m: useCase is not defined[39m
[36m [2mÔØ»[22m Proxy.fetchNotifications stores/notifications.ts:[2m60:36[22m[39m
    [90m 58| [39m    [35masync[39m [34mfetchNotifications[39m() {
    [90m 59| [39m      [35mconst[39m authStore [33m=[39m [34museAuthStore[39m()[33m;[39m
    [90m 60| [39m      [35mconst[39m { getPendingOffers } [33m=[39m [34museCase[39m()[33m;[39m
    [90m   | [39m                                   [31m^[39m
    [90m 61| [39m
    [90m 62| [39m      [35mif[39m ([33m![39mauthStore[33m.[39misAuthenticated [33m||[39m [33m![39mauthStore[33m.[39muser) [35mreturn[39m[33m;[39m
[90m [2mÔØ»[22m Proxy.wrappedAction node_modules/pinia/dist/pinia.mjs:[2m1399:26[22m[39m
[90m [2mÔØ»[22m tests/unit/stores/notifications.store.test.ts:[2m53:19[22m[39m

[31m[2mÔÄ»ÔÄ»ÔÄ»ÔÄ»ÔÄ»ÔÄ»ÔÄ»ÔÄ»ÔÄ»ÔÄ»ÔÄ»ÔÄ»ÔÄ»ÔÄ»ÔÄ»ÔÄ»ÔÄ»ÔÄ»ÔÄ»ÔÄ»ÔÄ»ÔÄ»[30/41]ÔÄ»[22m[39m

[31m[1m[7m FAIL [27m[22m[39m tests/unit/stores/notifications.store.test.ts[2m > [22mNotifications Store[2m > [22mNotification Retrieval[2m > [22mshould handle fetch 
errors gracefully
[31m[1mReferenceError[22m: useCase is not defined[39m
[36m [2mÔØ»[22m Proxy.fetchNotifications stores/notifications.ts:[2m60:36[22m[39m
    [90m 58| [39m    [35masync[39m [34mfetchNotifications[39m() {
    [90m 59| [39m      [35mconst[39m authStore [33m=[39m [34museAuthStore[39m()[33m;[39m
    [90m 60| [39m      [35mconst[39m { getPendingOffers } [33m=[39m [34museCase[39m()[33m;[39m
    [90m   | [39m                                   [31m^[39m
    [90m 61| [39m
    [90m 62| [39m      [35mif[39m ([33m![39mauthStore[33m.[39misAuthenticated [33m||[39m [33m![39mauthStore[33m.[39muser) [35mreturn[39m[33m;[39m
[90m [2mÔØ»[22m Proxy.wrappedAction node_modules/pinia/dist/pinia.mjs:[2m1399:26[22m[39m
[90m [2mÔØ»[22m tests/unit/stores/notifications.store.test.ts:[2m63:19[22m[39m

[31m[2mÔÄ»ÔÄ»ÔÄ»ÔÄ»ÔÄ»ÔÄ»ÔÄ»ÔÄ»ÔÄ»ÔÄ»ÔÄ»ÔÄ»ÔÄ»ÔÄ»ÔÄ»ÔÄ»ÔÄ»ÔÄ»ÔÄ»ÔÄ»ÔÄ»ÔÄ»[31/41]ÔÄ»[22m[39m

[31m[1m[7m FAIL [27m[22m[39m tests/unit/stores/notifications.store.test.ts[2m > [22mNotifications Store[2m > [22mNotification Retrieval[2m > [22mshould set loading 
state during fetch
[31m[1mReferenceError[22m: useCase is not defined[39m
[36m [2mÔØ»[22m Proxy.fetchNotifications stores/notifications.ts:[2m60:36[22m[39m
    [90m 58| [39m    [35masync[39m [34mfetchNotifications[39m() {
    [90m 59| [39m      [35mconst[39m authStore [33m=[39m [34museAuthStore[39m()[33m;[39m
    [90m 60| [39m      [35mconst[39m { getPendingOffers } [33m=[39m [34museCase[39m()[33m;[39m
    [90m   | [39m                                   [31m^[39m
    [90m 61| [39m
    [90m 62| [39m      [35mif[39m ([33m![39mauthStore[33m.[39misAuthenticated [33m||[39m [33m![39mauthStore[33m.[39muser) [35mreturn[39m[33m;[39m
[90m [2mÔØ»[22m Proxy.wrappedAction node_modules/pinia/dist/pinia.mjs:[2m1399:26[22m[39m
[90m [2mÔØ»[22m tests/unit/stores/notifications.store.test.ts:[2m79:19[22m[39m

[31m[2mÔÄ»ÔÄ»ÔÄ»ÔÄ»ÔÄ»ÔÄ»ÔÄ»ÔÄ»ÔÄ»ÔÄ»ÔÄ»ÔÄ»ÔÄ»ÔÄ»ÔÄ»ÔÄ»ÔÄ»ÔÄ»ÔÄ»ÔÄ»ÔÄ»ÔÄ»[32/41]ÔÄ»[22m[39m

[31m[1m[7m FAIL [27m[22m[39m tests/unit/stores/notifications.store.test.ts[2m > [22mNotifications Store[2m > [22mUnread Count[2m > [22mshould calculate unread count 
correctly
[31m[1mReferenceError[22m: useCase is not defined[39m
[36m [2mÔØ»[22m Proxy.fetchNotifications stores/notifications.ts:[2m60:36[22m[39m
    [90m 58| [39m    [35masync[39m [34mfetchNotifications[39m() {
    [90m 59| [39m      [35mconst[39m authStore [33m=[39m [34museAuthStore[39m()[33m;[39m
    [90m 60| [39m      [35mconst[39m { getPendingOffers } [33m=[39m [34museCase[39m()[33m;[39m
    [90m   | [39m                                   [31m^[39m
    [90m 61| [39m
    [90m 62| [39m      [35mif[39m ([33m![39mauthStore[33m.[39misAuthenticated [33m||[39m [33m![39mauthStore[33m.[39muser) [35mreturn[39m[33m;[39m
[90m [2mÔØ»[22m Proxy.wrappedAction node_modules/pinia/dist/pinia.mjs:[2m1399:26[22m[39m
[90m [2mÔØ»[22m tests/unit/stores/notifications.store.test.ts:[2m96:19[22m[39m

[31m[2mÔÄ»ÔÄ»ÔÄ»ÔÄ»ÔÄ»ÔÄ»ÔÄ»ÔÄ»ÔÄ»ÔÄ»ÔÄ»ÔÄ»ÔÄ»ÔÄ»ÔÄ»ÔÄ»ÔÄ»ÔÄ»ÔÄ»ÔÄ»ÔÄ»ÔÄ»[33/41]ÔÄ»[22m[39m

[31m[1m[7m FAIL [27m[22m[39m tests/unit/stores/notifications.store.test.ts[2m > [22mNotifications Store[2m > [22mUnread Count[2m > [22mshould return zero when all 
notifications are read
[31m[1mReferenceError[22m: useCase is not defined[39m
[36m [2mÔØ»[22m Proxy.fetchNotifications stores/notifications.ts:[2m60:36[22m[39m
    [90m 58| [39m    [35masync[39m [34mfetchNotifications[39m() {
    [90m 59| [39m      [35mconst[39m authStore [33m=[39m [34museAuthStore[39m()[33m;[39m
    [90m 60| [39m      [35mconst[39m { getPendingOffers } [33m=[39m [34museCase[39m()[33m;[39m
    [90m   | [39m                                   [31m^[39m
    [90m 61| [39m
    [90m 62| [39m      [35mif[39m ([33m![39mauthStore[33m.[39misAuthenticated [33m||[39m [33m![39mauthStore[33m.[39muser) [35mreturn[39m[33m;[39m
[90m [2mÔØ»[22m Proxy.wrappedAction node_modules/pinia/dist/pinia.mjs:[2m1399:26[22m[39m
[90m [2mÔØ»[22m tests/unit/stores/notifications.store.test.ts:[2m110:19[22m[39m

[31m[2mÔÄ»ÔÄ»ÔÄ»ÔÄ»ÔÄ»ÔÄ»ÔÄ»ÔÄ»ÔÄ»ÔÄ»ÔÄ»ÔÄ»ÔÄ»ÔÄ»ÔÄ»ÔÄ»ÔÄ»ÔÄ»ÔÄ»ÔÄ»ÔÄ»ÔÄ»[34/41]ÔÄ»[22m[39m

[31m[1m[7m FAIL [27m[22m[39m tests/unit/stores/notifications.store.test.ts[2m > [22mNotifications Store[2m > [22mMark as Read[2m > [22mshould mark a notification as 
read
[31m[1mReferenceError[22m: useCase is not defined[39m
[36m [2mÔØ»[22m Proxy.fetchNotifications stores/notifications.ts:[2m60:36[22m[39m
    [90m 58| [39m    [35masync[39m [34mfetchNotifications[39m() {
    [90m 59| [39m      [35mconst[39m authStore [33m=[39m [34museAuthStore[39m()[33m;[39m
    [90m 60| [39m      [35mconst[39m { getPendingOffers } [33m=[39m [34museCase[39m()[33m;[39m
    [90m   | [39m                                   [31m^[39m
    [90m 61| [39m
    [90m 62| [39m      [35mif[39m ([33m![39mauthStore[33m.[39misAuthenticated [33m||[39m [33m![39mauthStore[33m.[39muser) [35mreturn[39m[33m;[39m
[90m [2mÔØ»[22m Proxy.wrappedAction node_modules/pinia/dist/pinia.mjs:[2m1399:26[22m[39m
[90m [2mÔØ»[22m tests/unit/stores/notifications.store.test.ts:[2m125:19[22m[39m

[31m[2mÔÄ»ÔÄ»ÔÄ»ÔÄ»ÔÄ»ÔÄ»ÔÄ»ÔÄ»ÔÄ»ÔÄ»ÔÄ»ÔÄ»ÔÄ»ÔÄ»ÔÄ»ÔÄ»ÔÄ»ÔÄ»ÔÄ»ÔÄ»ÔÄ»ÔÄ»[35/41]ÔÄ»[22m[39m

[31m[1m[7m FAIL [27m[22m[39m tests/unit/stores/notifications.store.test.ts[2m > [22mNotifications Store[2m > [22mFilter Notifications[2m > [22mshould filter by read 
status
[31m[1mReferenceError[22m: useCase is not defined[39m
[36m [2mÔØ»[22m Proxy.fetchNotifications stores/notifications.ts:[2m60:36[22m[39m
    [90m 58| [39m    [35masync[39m [34mfetchNotifications[39m() {
    [90m 59| [39m      [35mconst[39m authStore [33m=[39m [34museAuthStore[39m()[33m;[39m
    [90m 60| [39m      [35mconst[39m { getPendingOffers } [33m=[39m [34museCase[39m()[33m;[39m
    [90m   | [39m                                   [31m^[39m
    [90m 61| [39m
    [90m 62| [39m      [35mif[39m ([33m![39mauthStore[33m.[39misAuthenticated [33m||[39m [33m![39mauthStore[33m.[39muser) [35mreturn[39m[33m;[39m
[90m [2mÔØ»[22m Proxy.wrappedAction node_modules/pinia/dist/pinia.mjs:[2m1399:26[22m[39m
[90m [2mÔØ»[22m tests/unit/stores/notifications.store.test.ts:[2m197:19[22m[39m

[31m[2mÔÄ»ÔÄ»ÔÄ»ÔÄ»ÔÄ»ÔÄ»ÔÄ»ÔÄ»ÔÄ»ÔÄ»ÔÄ»ÔÄ»ÔÄ»ÔÄ»ÔÄ»ÔÄ»ÔÄ»ÔÄ»ÔÄ»ÔÄ»ÔÄ»ÔÄ»[36/41]ÔÄ»[22m[39m

[31m[1m[7m FAIL [27m[22m[39m tests/unit/stores/notifications.store.test.ts[2m > [22mNotifications Store[2m > [22mFilter Notifications[2m > [22mshould filter by 
notification type
[31m[1mReferenceError[22m: useCase is not defined[39m
[36m [2mÔØ»[22m Proxy.fetchNotifications stores/notifications.ts:[2m60:36[22m[39m
    [90m 58| [39m    [35masync[39m [34mfetchNotifications[39m() {
    [90m 59| [39m      [35mconst[39m authStore [33m=[39m [34museAuthStore[39m()[33m;[39m
    [90m 60| [39m      [35mconst[39m { getPendingOffers } [33m=[39m [34museCase[39m()[33m;[39m
    [90m   | [39m                                   [31m^[39m
    [90m 61| [39m
    [90m 62| [39m      [35mif[39m ([33m![39mauthStore[33m.[39misAuthenticated [33m||[39m [33m![39mauthStore[33m.[39muser) [35mreturn[39m[33m;[39m
[90m [2mÔØ»[22m Proxy.wrappedAction node_modules/pinia/dist/pinia.mjs:[2m1399:26[22m[39m
[90m [2mÔØ»[22m tests/unit/stores/notifications.store.test.ts:[2m213:19[22m[39m

[31m[2mÔÄ»ÔÄ»ÔÄ»ÔÄ»ÔÄ»ÔÄ»ÔÄ»ÔÄ»ÔÄ»ÔÄ»ÔÄ»ÔÄ»ÔÄ»ÔÄ»ÔÄ»ÔÄ»ÔÄ»ÔÄ»ÔÄ»ÔÄ»ÔÄ»ÔÄ»[37/41]ÔÄ»[22m[39m

[31m[1m[7m FAIL [27m[22m[39m tests/unit/stores/notifications.store.test.ts[2m > [22mNotifications Store[2m > [22mMark All as Read[2m > [22mshould mark all 
notifications as read
[31m[1mReferenceError[22m: useCase is not defined[39m
[36m [2mÔØ»[22m Proxy.fetchNotifications stores/notifications.ts:[2m60:36[22m[39m
    [90m 58| [39m    [35masync[39m [34mfetchNotifications[39m() {
    [90m 59| [39m      [35mconst[39m authStore [33m=[39m [34museAuthStore[39m()[33m;[39m
    [90m 60| [39m      [35mconst[39m { getPendingOffers } [33m=[39m [34museCase[39m()[33m;[39m
    [90m   | [39m                                   [31m^[39m
    [90m 61| [39m
    [90m 62| [39m      [35mif[39m ([33m![39mauthStore[33m.[39misAuthenticated [33m||[39m [33m![39mauthStore[33m.[39muser) [35mreturn[39m[33m;[39m
[90m [2mÔØ»[22m Proxy.wrappedAction node_modules/pinia/dist/pinia.mjs:[2m1399:26[22m[39m
[90m [2mÔØ»[22m tests/unit/stores/notifications.store.test.ts:[2m231:19[22m[39m

[31m[2mÔÄ»ÔÄ»ÔÄ»ÔÄ»ÔÄ»ÔÄ»ÔÄ»ÔÄ»ÔÄ»ÔÄ»ÔÄ»ÔÄ»ÔÄ»ÔÄ»ÔÄ»ÔÄ»ÔÄ»ÔÄ»ÔÄ»ÔÄ»ÔÄ»ÔÄ»[38/41]ÔÄ»[22m[39m

[31m[1m[7m FAIL [27m[22m[39m tests/unit/stores/notifications.store.test.ts[2m > [22mNotifications Store[2m > [22mDelete Notification[2m > [22mshould delete a 
notification
[31m[1mReferenceError[22m: useCase is not defined[39m
[36m [2mÔØ»[22m Proxy.fetchNotifications stores/notifications.ts:[2m60:36[22m[39m
    [90m 58| [39m    [35masync[39m [34mfetchNotifications[39m() {
    [90m 59| [39m      [35mconst[39m authStore [33m=[39m [34museAuthStore[39m()[33m;[39m
    [90m 60| [39m      [35mconst[39m { getPendingOffers } [33m=[39m [34museCase[39m()[33m;[39m
    [90m   | [39m                                   [31m^[39m
    [90m 61| [39m
    [90m 62| [39m      [35mif[39m ([33m![39mauthStore[33m.[39misAuthenticated [33m||[39m [33m![39mauthStore[33m.[39muser) [35mreturn[39m[33m;[39m
[90m [2mÔØ»[22m Proxy.wrappedAction node_modules/pinia/dist/pinia.mjs:[2m1399:26[22m[39m
[90m [2mÔØ»[22m tests/unit/stores/notifications.store.test.ts:[2m252:19[22m[39m

[31m[2mÔÄ»ÔÄ»ÔÄ»ÔÄ»ÔÄ»ÔÄ»ÔÄ»ÔÄ»ÔÄ»ÔÄ»ÔÄ»ÔÄ»ÔÄ»ÔÄ»ÔÄ»ÔÄ»ÔÄ»ÔÄ»ÔÄ»ÔÄ»ÔÄ»ÔÄ»[39/41]ÔÄ»[22m[39m

[31m[1m[7m FAIL [27m[22m[39m tests/unit/stores/notifications.store.test.ts[2m > [22mNotifications Store[2m > [22mEdge Cases[2m > [22mshould handle empty 
notifications array
[31m[1mReferenceError[22m: useCase is not defined[39m
[36m [2mÔØ»[22m Proxy.fetchNotifications stores/notifications.ts:[2m60:36[22m[39m
    [90m 58| [39m    [35masync[39m [34mfetchNotifications[39m() {
    [90m 59| [39m      [35mconst[39m authStore [33m=[39m [34museAuthStore[39m()[33m;[39m
    [90m 60| [39m      [35mconst[39m { getPendingOffers } [33m=[39m [34museCase[39m()[33m;[39m
    [90m   | [39m                                   [31m^[39m
    [90m 61| [39m
    [90m 62| [39m      [35mif[39m ([33m![39mauthStore[33m.[39misAuthenticated [33m||[39m [33m![39mauthStore[33m.[39muser) [35mreturn[39m[33m;[39m
[90m [2mÔØ»[22m Proxy.wrappedAction node_modules/pinia/dist/pinia.mjs:[2m1399:26[22m[39m
[90m [2mÔØ»[22m tests/unit/stores/notifications.store.test.ts:[2m268:19[22m[39m

[31m[2mÔÄ»ÔÄ»ÔÄ»ÔÄ»ÔÄ»ÔÄ»ÔÄ»ÔÄ»ÔÄ»ÔÄ»ÔÄ»ÔÄ»ÔÄ»ÔÄ»ÔÄ»ÔÄ»ÔÄ»ÔÄ»ÔÄ»ÔÄ»ÔÄ»ÔÄ»[40/41]ÔÄ»[22m[39m

[31m[1m[7m FAIL [27m[22m[39m tests/unit/stores/notifications.store.test.ts[2m > [22mNotifications Store[2m > [22mEdge Cases[2m > [22mshould handle concurrent 
notification fetches
[31m[1mReferenceError[22m: useCase is not defined[39m
[36m [2mÔØ»[22m Proxy.fetchNotifications stores/notifications.ts:[2m60:36[22m[39m
    [90m 58| [39m    [35masync[39m [34mfetchNotifications[39m() {
    [90m 59| [39m      [35mconst[39m authStore [33m=[39m [34museAuthStore[39m()[33m;[39m
    [90m 60| [39m      [35mconst[39m { getPendingOffers } [33m=[39m [34museCase[39m()[33m;[39m
    [90m   | [39m                                   [31m^[39m
    [90m 61| [39m
    [90m 62| [39m      [35mif[39m ([33m![39mauthStore[33m.[39misAuthenticated [33m||[39m [33m![39mauthStore[33m.[39muser) [35mreturn[39m[33m;[39m
[90m [2mÔØ»[22m Proxy.wrappedAction node_modules/pinia/dist/pinia.mjs:[2m1399:26[22m[39m
[90m [2mÔØ»[22m tests/unit/stores/notifications.store.test.ts:[2m286:30[22m[39m

[31m[2mÔÄ»ÔÄ»ÔÄ»ÔÄ»ÔÄ»ÔÄ»ÔÄ»ÔÄ»ÔÄ»ÔÄ»ÔÄ»ÔÄ»ÔÄ»ÔÄ»ÔÄ»ÔÄ»ÔÄ»ÔÄ»ÔÄ»ÔÄ»ÔÄ»ÔÄ»[41/41]ÔÄ»[22m[39m

[2m Test Files [22m [1m[31m6 failed[39m[22m[2m | [22m[1m[32m2 passed[39m[22m[90m (8)[39m
[2m      Tests [22m [1m[31m41 failed[39m[22m[2m | [22m[1m[32m106 passed[39m[22m[90m (147)[39m
[2m   Start at [22m 16:05:03
[2m   Duration [22m 3.28s[2m (transform 505ms, setup 1.22s, collect 802ms, tests 389ms, environment 7.70s, prepare 2.29s)[22m


[1m[7m[31m FAIL [39m[27m[22m[31m Tests failed. Watching for file changes...[39m
       [2mpress [22m[1mh[22m[2m to show help[22m[2m, [22m[2mpress [22m[1mq[22m[2m to quit[22m
[3Jc
[7m[1m[34m RERUN [39m[22m[27m[2m rerun all tests[22m

 [33mÔØ»[39m tests/unit/composables/useDocument.test.ts [2m ([22m[2m22 tests[22m [2m|[22m [31m1 failed[39m[2m)[22m[90m 46[2mms[22m[39m
[31m   [33mÔØ»[31m tests/unit/composables/useDocument.test.ts[2m > [22museDocument Composable[2m > [22mEdge Cases[2m > [22mshould handle network errors during upload[39m
[31m     ÔåÆ expected true to be false // Object.is equality[39m
[90mstdout[2m | tests/unit/composables/useDocument.test.ts[2m > [22m[2museDocument Composable[2m > [22m[2mUpload Document[2m > [22m[2mshould upload document successfully[22m[39m
Tentative d'upload vers: http://localhost:3000/api/documents
FormData - file: File {}
FormData - case_id: case-1

[90mstdout[2m | tests/unit/composables/useDocument.test.ts[2m > [22m[2museDocument Composable[2m > [22m[2mUpload Document[2m > [22m[2mshould handle upload errors[22m[39m
Tentative d'upload vers: http://localhost:3000/api/documents

[90mstderr[2m | tests/unit/composables/useDocument.test.ts[2m > [22m[2museDocument Composable[2m > [22m[2mUpload Document[2m > [22m[2mshould handle upload 
errors[22m[39m
D├®tails erreur 404: [90mundefined[39m

[90mstdout[2m | tests/unit/composables/useDocument.test.ts[2m > [22m[2museDocument Composable[2m > [22m[2mUpload Document[2m > [22m[2mshould handle file size validation error[22m[39m
Tentative d'upload vers: http://localhost:3000/api/documents

[90mstderr[2m | tests/unit/composables/useDocument.test.ts[2m > [22m[2museDocument Composable[2m > [22m[2mUpload Document[2m > [22m[2mshould handle file size 
validation error[22m[39m
D├®tails erreur 404: [90mundefined[39m

[90mstderr[2m | tests/unit/composables/useDocument.test.ts[2m > [22m[2museDocument Composable[2m > [22m[2mDelete Document[2m > [22m[2mshould handle unauthorized 
delete[22m[39m
Erreur suppression document: Error: Forbidden
    at Module.mockFetchError [90m(C:\Users\ahmat\OneDrive\Bureau\Application-de-gestion-juridique\frontend\[39mtests\helpers\test-utils.ts:67:22[90m)[39m
    at [90mC:\Users\ahmat\OneDrive\Bureau\Application-de-gestion-juridique\frontend\[39mtests\unit\composables\useDocument.test.ts:183:7
    at [90mfile:///C:/Users/ahmat/OneDrive/Bureau/Application-de-gestion-juridique/frontend/[39mnode_modules/[4m@vitest[24m/runner/dist/index.js:135:14
    at [90mfile:///C:/Users/ahmat/OneDrive/Bureau/Application-de-gestion-juridique/frontend/[39mnode_modules/[4m@vitest[24m/runner/dist/index.js:60:26
    at runTest [90m(file:///C:/Users/ahmat/OneDrive/Bureau/Application-de-gestion-juridique/frontend/[39mnode_modules/[4m@vitest[24m/runner/dist/index.js:781:17[90m)[39m
    at runSuite [90m(file:///C:/Users/ahmat/OneDrive/Bureau/Application-de-gestion-juridique/frontend/[39mnode_modules/[4m@vitest[24m/runner/dist/index.js:909:15[90m)[39m
    at runSuite [90m(file:///C:/Users/ahmat/OneDrive/Bureau/Application-de-gestion-juridique/frontend/[39mnode_modules/[4m@vitest[24m/runner/dist/index.js:909:15[90m)[39m
    at runSuite [90m(file:///C:/Users/ahmat/OneDrive/Bureau/Application-de-gestion-juridique/frontend/[39mnode_modules/[4m@vitest[24m/runner/dist/index.js:909:15[90m)[39m
    at runFiles [90m(file:///C:/Users/ahmat/OneDrive/Bureau/Application-de-gestion-juridique/frontend/[39mnode_modules/[4m@vitest[24m/runner/dist/index.js:958:5[90m)[39m
[90mstdout[2m | tests/unit/composables/useDocument.test.ts[2m > [22m[2museDocument Composable[2m > [22m[2mEdge Cases[2m > [22m[2mshould handle network errors during upload[22m[39m
Tentative d'upload vers: http://localhost:3000/api/documents

    at startTests [90m(file:///C:/Users/ahmat/OneDrive/Bureau/Application-de-gestion-juridique/frontend/[39mnode_modules/[4m@vitest[24m/runner/dist/index.js:967:3[90m)[39m 
{
  status: [33m403[39m,
  statusCode: [33m403[39m,
  data: { message: [32m'Forbidden'[39m }
}

 [33mÔØ»[39m tests/unit/composables/useClient.test.ts [2m ([22m[2m14 tests[22m [2m|[22m [31m7 failed[39m[2m)[22m[90m 26[2mms[22m[39m
[31m   [33mÔØ»[31m tests/unit/composables/useClient.test.ts[2m > [22museClient Composable[2m > [22mGet Client[2m > [22mshould fetch client by ID[39m
[31m     ÔåÆ useApi is not defined[39m
[31m   [33mÔØ»[31m tests/unit/composables/useClient.test.ts[2m > [22museClient Composable[2m > [22mGet Client[2m > [22mshould handle not found error[39m
[31m     ÔåÆ useApi is not defined[39m
[31m   [33mÔØ»[31m tests/unit/composables/useClient.test.ts[2m > [22museClient Composable[2m > [22mCreate Client[2m > [22mshould create client successfully[39m
[31m     ÔåÆ useApi is not defined[39m
[31m   [33mÔØ»[31m tests/unit/composables/useClient.test.ts[2m > [22museClient Composable[2m > [22mCreate Client[2m > [22mshould handle duplicate email error[39m
[31m     ÔåÆ useApi is not defined[39m
[31m   [33mÔØ»[31m tests/unit/composables/useClient.test.ts[2m > [22museClient Composable[2m > [22mUpdate Client[2m > [22mshould update client successfully[39m
[31m     ÔåÆ useApi is not defined[39m
[31m   [33mÔØ»[31m tests/unit/composables/useClient.test.ts[2m > [22museClient Composable[2m > [22mDelete Client[2m > [22mshould delete client successfully[39m
[31m     ÔåÆ useApi is not defined[39m
[31m   [33mÔØ»[31m tests/unit/composables/useClient.test.ts[2m > [22museClient Composable[2m > [22mEdge Cases[2m > [22mshould handle empty client list[39m
[31m     ÔåÆ useApi is not defined[39m
 [33mÔØ»[39m tests/unit/composables/useLawyer.test.ts [2m ([22m[2m22 tests[22m [2m|[22m [31m11 failed[39m[2m)[22m[90m 35[2mms[22m[39m
[31m   [33mÔØ»[31m tests/unit/composables/useLawyer.test.ts[2m > [22museLawyer Composable[2m > [22mGet Lawyers[2m > [22mshould fetch all lawyers[39m
[31m     ÔåÆ useApi is not defined[39m
[31m   [33mÔØ»[31m tests/unit/composables/useLawyer.test.ts[2m > [22museLawyer Composable[2m > [22mGet Lawyers[2m > [22mshould fetch lawyers with filters[39m
[31m     ÔåÆ useApi is not defined[39m
[31m   [33mÔØ»[31m tests/unit/composables/useLawyer.test.ts[2m > [22museLawyer Composable[2m > [22mGet Lawyer by ID[2m > [22mshould fetch lawyer profile[39m
[31m     ÔåÆ useApi is not defined[39m
[31m   [33mÔØ»[31m tests/unit/composables/useLawyer.test.ts[2m > [22museLawyer Composable[2m > [22mGet Lawyer by ID[2m > [22mshould handle not found error[39m
[31m     ÔåÆ useApi is not defined[39m
[31m   [33mÔØ»[31m tests/unit/composables/useLawyer.test.ts[2m > [22museLawyer Composable[2m > [22mLawyer Requests[2m > [22mshould create lawyer request successfully[39m
[31m     ÔåÆ useApi is not defined[39m
[31m   [33mÔØ»[31m tests/unit/composables/useLawyer.test.ts[2m > [22museLawyer Composable[2m > [22mLawyer Requests[2m > [22mshould handle validation errors[39m
[31m     ÔåÆ useApi is not defined[39m
[31m   [33mÔØ»[31m tests/unit/composables/useLawyer.test.ts[2m > [22museLawyer Composable[2m > [22mUpdate Lawyer Profile[2m > [22mshould update profile successfully[39m
[31m     ÔåÆ useApi is not defined[39m
[31m   [33mÔØ»[31m tests/unit/composables/useLawyer.test.ts[2m > [22museLawyer Composable[2m > [22mLawyer Availability[2m > [22mshould check lawyer availability[39m
[31m     ÔåÆ useApi is not defined[39m
[31m   [33mÔØ»[31m tests/unit/composables/useLawyer.test.ts[2m > [22museLawyer Composable[2m > [22mLawyer Availability[2m > [22mshould handle unavailable slots[39m
[31m     ÔåÆ useApi is not defined[39m
[31m   [33mÔØ»[31m tests/unit/composables/useLawyer.test.ts[2m > [22museLawyer Composable[2m > [22mEdge Cases[2m > [22mshould handle empty lawyers list[39m
[31m     ÔåÆ useApi is not defined[39m
[31m   [33mÔØ»[31m tests/unit/composables/useLawyer.test.ts[2m > [22museLawyer Composable[2m > [22mEdge Cases[2m > [22mshould handle unauthorized access[39m
[31m     ÔåÆ useApi is not defined[39m
 [33mÔØ»[39m tests/unit/composables/useCase.test.ts [2m ([22m[2m9 tests[22m [2m|[22m [31m2 failed[39m[2m)[22m[90m 31[2mms[22m[39m
[31m   [33mÔØ»[31m tests/unit/composables/useCase.test.ts[2m > [22museCase Composable[2m > [22mGet Cases[2m > [22mshould fetch all cases[39m
[31m     ÔåÆ expected { success: true, ÔÇª(2) } to have property 'length'[39m
[31m   [33mÔØ»[31m tests/unit/composables/useCase.test.ts[2m > [22museCase Composable[2m > [22mEdge Cases[2m > [22mshould handle empty cases list[39m
[31m     ÔåÆ expected { success: true, data: [], ÔÇª(1) } to deeply equal [][39m
[90mstderr[2m | tests/unit/composables/useCase.test.ts[2m > [22m[2museCase Composable[2m > [22m[2mCreate Case[2m > [22m[2mshould handle validation errors[22m[39m
Error creating case: Error: Validation error
    at Module.mockFetchError [90m(C:\Users\ahmat\OneDrive\Bureau\Application-de-gestion-juridique\frontend\[39mtests\helpers\test-utils.ts:67:22[90m)[39m
    at [90mC:\Users\ahmat\OneDrive\Bureau\Application-de-gestion-juridique\frontend\[39mtests\unit\composables\useCase.test.ts:47:7
    at [90mfile:///C:/Users/ahmat/OneDrive/Bureau/Application-de-gestion-juridique/frontend/[39mnode_modules/[4m@vitest[24m/runner/dist/index.js:135:14
    at [90mfile:///C:/Users/ahmat/OneDrive/Bureau/Application-de-gestion-juridique/frontend/[39mnode_modules/[4m@vitest[24m/runner/dist/index.js:60:26
    at runTest [90m(file:///C:/Users/ahmat/OneDrive/Bureau/Application-de-gestion-juridique/frontend/[39mnode_modules/[4m@vitest[24m/runner/dist/index.js:781:17[90m)[39m
    at runSuite [90m(file:///C:/Users/ahmat/OneDrive/Bureau/Application-de-gestion-juridique/frontend/[39mnode_modules/[4m@vitest[24m/runner/dist/index.js:909:15[90m)[39m
    at runSuite [90m(file:///C:/Users/ahmat/OneDrive/Bureau/Application-de-gestion-juridique/frontend/[39mnode_modules/[4m@vitest[24m/runner/dist/index.js:909:15[90m)[39m
    at runSuite [90m(file:///C:/Users/ahmat/OneDrive/Bureau/Application-de-gestion-juridique/frontend/[39mnode_modules/[4m@vitest[24m/runner/dist/index.js:909:15[90m)[39m
    at runFiles [90m(file:///C:/Users/ahmat/OneDrive/Bureau/Application-de-gestion-juridique/frontend/[39mnode_modules/[4m@vitest[24m/runner/dist/index.js:958:5[90m)[39m
    at startTests [90m(file:///C:/Users/ahmat/OneDrive/Bureau/Application-de-gestion-juridique/frontend/[39mnode_modules/[4m@vitest[24m/runner/dist/index.js:967:3[90m)[39m 
{
  status: [33m400[39m,
  statusCode: [33m400[39m,
  data: { message: [32m'Validation error'[39m }
}

[90mstderr[2m | tests/unit/composables/useCase.test.ts[2m > [22m[2museCase Composable[2m > [22m[2mEdge Cases[2m > [22m[2mshould handle unauthorized access[22m[39m
Error fetching cases: Error: Unauthorized
    at Module.mockFetchError [90m(C:\Users\ahmat\OneDrive\Bureau\Application-de-gestion-juridique\frontend\[39mtests\helpers\test-utils.ts:67:22[90m)[39m
    at [90mC:\Users\ahmat\OneDrive\Bureau\Application-de-gestion-juridique\frontend\[39mtests\unit\composables\useCase.test.ts:129:7
    at [90mfile:///C:/Users/ahmat/OneDrive/Bureau/Application-de-gestion-juridique/frontend/[39mnode_modules/[4m@vitest[24m/runner/dist/index.js:135:14
    at [90mfile:///C:/Users/ahmat/OneDrive/Bureau/Application-de-gestion-juridique/frontend/[39mnode_modules/[4m@vitest[24m/runner/dist/index.js:60:26
    at runTest [90m(file:///C:/Users/ahmat/OneDrive/Bureau/Application-de-gestion-juridique/frontend/[39mnode_modules/[4m@vitest[24m/runner/dist/index.js:781:17[90m)[39m
    at runSuite [90m(file:///C:/Users/ahmat/OneDrive/Bureau/Application-de-gestion-juridique/frontend/[39mnode_modules/[4m@vitest[24m/runner/dist/index.js:909:15[90m)[39m
    at runSuite [90m(file:///C:/Users/ahmat/OneDrive/Bureau/Application-de-gestion-juridique/frontend/[39mnode_modules/[4m@vitest[24m/runner/dist/index.js:909:15[90m)[39m
    at runSuite [90m(file:///C:/Users/ahmat/OneDrive/Bureau/Application-de-gestion-juridique/frontend/[39mnode_modules/[4m@vitest[24m/runner/dist/index.js:909:15[90m)[39m
    at runFiles [90m(file:///C:/Users/ahmat/OneDrive/Bureau/Application-de-gestion-juridique/frontend/[39mnode_modules/[4m@vitest[24m/runner/dist/index.js:958:5[90m)[39m
    at startTests [90m(file:///C:/Users/ahmat/OneDrive/Bureau/Application-de-gestion-juridique/frontend/[39mnode_modules/[4m@vitest[24m/runner/dist/index.js:967:3[90m)[39m 
{
  status: [33m401[39m,
  statusCode: [33m401[39m,
  data: { message: [32m'Unauthorized'[39m }
}

 [33mÔØ»[39m tests/unit/composables/useApi.test.ts [2m ([22m[2m23 tests[22m [2m|[22m [31m8 failed[39m[2m)[22m[90m 56[2mms[22m[39m
[31m   [33mÔØ»[31m tests/unit/composables/useApi.test.ts[2m > [22museApi Composable[2m > [22mError Handling[2m > [22mshould handle 401 errors with TOKEN_EXPIRED code[39m
[31m     ÔåÆ Token expired[39m
[31m   [33mÔØ»[31m tests/unit/composables/useApi.test.ts[2m > [22museApi Composable[2m > [22mError Handling[2m > [22mshould clear auth and redirect on 401 without refresh[39m
[31m     ÔåÆ promise resolved "{ data: 'success' }" instead of rejecting[39m
[31m   [33mÔØ»[31m tests/unit/composables/useApi.test.ts[2m > [22museApi Composable[2m > [22mError Handling[2m > [22mshould clear auth and redirect on 401 without TOKEN_EXPIRED code[39m
[31m     ÔåÆ expected "spy" to be called at least once[39m
[31m   [33mÔØ»[31m tests/unit/composables/useApi.test.ts[2m > [22museApi Composable[2m > [22mError Handling[2m > [22mshould handle network errors[39m
[31m     ÔåÆ expected [Function] to throw error including 'Network error' but got 'Internal Server Error'[39m
[31m   [33mÔØ»[31m tests/unit/composables/useApi.test.ts[2m > [22museApi Composable[2m > [22mRequest Options[2m > [22mshould pass through custom options[39m
[31m     ÔåÆ Network error[39m
[31m   [33mÔØ»[31m tests/unit/composables/useApi.test.ts[2m > [22museApi Composable[2m > [22mType Safety[2m > [22mshould return typed response[39m
[31m     ÔåÆ expected undefined to be '123' // Object.is equality[39m
[31m   [33mÔØ»[31m tests/unit/composables/useApi.test.ts[2m > [22museApi Composable[2m > [22mEdge Cases[2m > [22mshould handle empty response[39m
[31m     ÔåÆ expected { success: true, ÔÇª(2) } to be null[39m
[31m   [33mÔØ»[31m tests/unit/composables/useApi.test.ts[2m > [22museApi Composable[2m > [22mEdge Cases[2m > [22mshould handle token refresh failure during retry[39m
[31m     ÔåÆ promise resolved "{ success: true, ÔÇª(2) }" instead of rejecting[39m
 [33mÔØ»[39m tests/unit/stores/notifications.store.test.ts [2m ([22m[2m19 tests[22m [2m|[22m [31m12 failed[39m[2m)[22m[90m 43[2mms[22m[39m
[31m   [33mÔØ»[31m tests/unit/stores/notifications.store.test.ts[2m > [22mNotifications Store[2m > [22mNotification Retrieval[2m > [22mshould fetch notifications successfully[39m
[31m     ÔåÆ useCase is not defined[39m
[31m   [33mÔØ»[31m tests/unit/stores/notifications.store.test.ts[2m > [22mNotifications Store[2m > [22mNotification Retrieval[2m > [22mshould handle fetch errors gracefully[39m
[31m     ÔåÆ useCase is not defined[39m
[31m   [33mÔØ»[31m tests/unit/stores/notifications.store.test.ts[2m > [22mNotifications Store[2m > [22mNotification Retrieval[2m > [22mshould set loading state during fetch[39m
[31m     ÔåÆ useCase is not defined[39m
[31m   [33mÔØ»[31m tests/unit/stores/notifications.store.test.ts[2m > [22mNotifications Store[2m > [22mUnread Count[2m > [22mshould calculate unread count correctly[39m
[31m     ÔåÆ useCase is not defined[39m
[31m   [33mÔØ»[31m tests/unit/stores/notifications.store.test.ts[2m > [22mNotifications Store[2m > [22mUnread Count[2m > [22mshould return zero when all notifications are read[39m
[31m     ÔåÆ useCase is not defined[39m
[31m   [33mÔØ»[31m tests/unit/stores/notifications.store.test.ts[2m > [22mNotifications Store[2m > [22mMark as Read[2m > [22mshould mark a notification as read[39m
[31m     ÔåÆ useCase is not defined[39m
[31m   [33mÔØ»[31m tests/unit/stores/notifications.store.test.ts[2m > [22mNotifications Store[2m > [22mFilter Notifications[2m > [22mshould filter by read status[39m
[31m     ÔåÆ useCase is not defined[39m
[31m   [33mÔØ»[31m tests/unit/stores/notifications.store.test.ts[2m > [22mNotifications Store[2m > [22mFilter Notifications[2m > [22mshould filter by notification type[39m
[31m     ÔåÆ useCase is not defined[39m
[31m   [33mÔØ»[31m tests/unit/stores/notifications.store.test.ts[2m > [22mNotifications Store[2m > [22mMark All as Read[2m > [22mshould mark all notifications as read[39m
[31m     ÔåÆ useCase is not defined[39m
[31m   [33mÔØ»[31m tests/unit/stores/notifications.store.test.ts[2m > [22mNotifications Store[2m > [22mDelete Notification[2m > [22mshould delete a notification[39m
[31m     ÔåÆ useCase is not defined[39m
[31m   [33mÔØ»[31m tests/unit/stores/notifications.store.test.ts[2m > [22mNotifications Store[2m > [22mEdge Cases[2m > [22mshould handle empty notifications array[39m
[31m     ÔåÆ useCase is not defined[39m
[31m   [33mÔØ»[31m tests/unit/stores/notifications.store.test.ts[2m > [22mNotifications Store[2m > [22mEdge Cases[2m > [22mshould handle concurrent notification fetches[39m
[31m     ÔåÆ useCase is not defined[39m
 [32mÔ£ô[39m tests/unit/composables/useAppointment.test.ts [2m ([22m[2m17 tests[22m[2m)[22m[90m 26[2mms[22m[39m
[90mstderr[2m | tests/unit/composables/useAppointment.test.ts[2m > [22m[2museAppointment Composable[2m > [22m[2mCreate Appointment[2m > [22m[2mshould handle 
validation errors[22m[39m
Error creating appointment: Error: Validation error
    at Module.mockFetchError [90m(C:\Users\ahmat\OneDrive\Bureau\Application-de-gestion-juridique\frontend\[39mtests\helpers\test-utils.ts:67:22[90m)[39m
    at [90mC:\Users\ahmat\OneDrive\Bureau\Application-de-gestion-juridique\frontend\[39mtests\unit\composables\useAppointment.test.ts:61:7
    at [90mfile:///C:/Users/ahmat/OneDrive/Bureau/Application-de-gestion-juridique/frontend/[39mnode_modules/[4m@vitest[24m/runner/dist/index.js:135:14
    at [90mfile:///C:/Users/ahmat/OneDrive/Bureau/Application-de-gestion-juridique/frontend/[39mnode_modules/[4m@vitest[24m/runner/dist/index.js:60:26
    at runTest [90m(file:///C:/Users/ahmat/OneDrive/Bureau/Application-de-gestion-juridique/frontend/[39mnode_modules/[4m@vitest[24m/runner/dist/index.js:781:17[90m)[39m
    at runSuite [90m(file:///C:/Users/ahmat/OneDrive/Bureau/Application-de-gestion-juridique/frontend/[39mnode_modules/[4m@vitest[24m/runner/dist/index.js:909:15[90m)[39m
    at runSuite [90m(file:///C:/Users/ahmat/OneDrive/Bureau/Application-de-gestion-juridique/frontend/[39mnode_modules/[4m@vitest[24m/runner/dist/index.js:909:15[90m)[39m
    at runSuite [90m(file:///C:/Users/ahmat/OneDrive/Bureau/Application-de-gestion-juridique/frontend/[39mnode_modules/[4m@vitest[24m/runner/dist/index.js:909:15[90m)[39m
    at runFiles [90m(file:///C:/Users/ahmat/OneDrive/Bureau/Application-de-gestion-juridique/frontend/[39mnode_modules/[4m@vitest[24m/runner/dist/index.js:958:5[90m)[39m
    at startTests [90m(file:///C:/Users/ahmat/OneDrive/Bureau/Application-de-gestion-juridique/frontend/[39mnode_modules/[4m@vitest[24m/runner/dist/index.js:967:3[90m)[39m 
{
  status: [33m400[39m,
  statusCode: [33m400[39m,
  data: { message: [32m'Validation error'[39m }
}

[90mstderr[2m | tests/unit/composables/useAppointment.test.ts[2m > [22m[2museAppointment Composable[2m > [22m[2mCreate Appointment[2m > [22m[2mshould handle conflict 
errors[22m[39m
Error creating appointment: Error: Time slot already booked
    at Module.mockFetchError [90m(C:\Users\ahmat\OneDrive\Bureau\Application-de-gestion-juridique\frontend\[39mtests\helpers\test-utils.ts:67:22[90m)[39m
    at [90mC:\Users\ahmat\OneDrive\Bureau\Application-de-gestion-juridique\frontend\[39mtests\unit\composables\useAppointment.test.ts:71:7
    at [90mfile:///C:/Users/ahmat/OneDrive/Bureau/Application-de-gestion-juridique/frontend/[39mnode_modules/[4m@vitest[24m/runner/dist/index.js:135:14
    at [90mfile:///C:/Users/ahmat/OneDrive/Bureau/Application-de-gestion-juridique/frontend/[39mnode_modules/[4m@vitest[24m/runner/dist/index.js:60:26
    at runTest [90m(file:///C:/Users/ahmat/OneDrive/Bureau/Application-de-gestion-juridique/frontend/[39mnode_modules/[4m@vitest[24m/runner/dist/index.js:781:17[90m)[39m
    at runSuite [90m(file:///C:/Users/ahmat/OneDrive/Bureau/Application-de-gestion-juridique/frontend/[39mnode_modules/[4m@vitest[24m/runner/dist/index.js:909:15[90m)[39m
    at runSuite [90m(file:///C:/Users/ahmat/OneDrive/Bureau/Application-de-gestion-juridique/frontend/[39mnode_modules/[4m@vitest[24m/runner/dist/index.js:909:15[90m)[39m
    at runSuite [90m(file:///C:/Users/ahmat/OneDrive/Bureau/Application-de-gestion-juridique/frontend/[39mnode_modules/[4m@vitest[24m/runner/dist/index.js:909:15[90m)[39m
    at runFiles [90m(file:///C:/Users/ahmat/OneDrive/Bureau/Application-de-gestion-juridique/frontend/[39mnode_modules/[4m@vitest[24m/runner/dist/index.js:958:5[90m)[39m
    at startTests [90m(file:///C:/Users/ahmat/OneDrive/Bureau/Application-de-gestion-juridique/frontend/[39mnode_modules/[4m@vitest[24m/runner/dist/index.js:967:3[90m)[39m 
{
  status: [33m409[39m,
  statusCode: [33m409[39m,
  data: { message: [32m'Time slot already booked'[39m }
}

[90mstderr[2m | tests/unit/composables/useAppointment.test.ts[2m > [22m[2museAppointment Composable[2m > [22m[2mUpdate Appointment[2m > [22m[2mshould handle not found 
errors[22m[39m
Error updating appointment: Error: Appointment not found
    at Module.mockFetchError [90m(C:\Users\ahmat\OneDrive\Bureau\Application-de-gestion-juridique\frontend\[39mtests\helpers\test-utils.ts:67:22[90m)[39m
    at [90mC:\Users\ahmat\OneDrive\Bureau\Application-de-gestion-juridique\frontend\[39mtests\unit\composables\useAppointment.test.ts:159:7
    at [90mfile:///C:/Users/ahmat/OneDrive/Bureau/Application-de-gestion-juridique/frontend/[39mnode_modules/[4m@vitest[24m/runner/dist/index.js:135:14
    at [90mfile:///C:/Users/ahmat/OneDrive/Bureau/Application-de-gestion-juridique/frontend/[39mnode_modules/[4m@vitest[24m/runner/dist/index.js:60:26
    at runTest [90m(file:///C:/Users/ahmat/OneDrive/Bureau/Application-de-gestion-juridique/frontend/[39mnode_modules/[4m@vitest[24m/runner/dist/index.js:781:17[90m)[39m
    at runSuite [90m(file:///C:/Users/ahmat/OneDrive/Bureau/Application-de-gestion-juridique/frontend/[39mnode_modules/[4m@vitest[24m/runner/dist/index.js:909:15[90m)[39m
    at runSuite [90m(file:///C:/Users/ahmat/OneDrive/Bureau/Application-de-gestion-juridique/frontend/[39mnode_modules/[4m@vitest[24m/runner/dist/index.js:909:15[90m)[39m
    at runSuite [90m(file:///C:/Users/ahmat/OneDrive/Bureau/Application-de-gestion-juridique/frontend/[39mnode_modules/[4m@vitest[24m/runner/dist/index.js:909:15[90m)[39m
    at runFiles [90m(file:///C:/Users/ahmat/OneDrive/Bureau/Application-de-gestion-juridique/frontend/[39mnode_modules/[4m@vitest[24m/runner/dist/index.js:958:5[90m)[39m
    at startTests [90m(file:///C:/Users/ahmat/OneDrive/Bureau/Application-de-gestion-juridique/frontend/[39mnode_modules/[4m@vitest[24m/runner/dist/index.js:967:3[90m)[39m 
{
  status: [33m404[39m,
  statusCode: [33m404[39m,
  data: { message: [32m'Appointment not found'[39m }
}

[90mstderr[2m | tests/unit/composables/useAppointment.test.ts[2m > [22m[2museAppointment Composable[2m > [22m[2mEdge Cases[2m > [22m[2mshould handle unauthorized 
access[22m[39m
Error fetching appointments: Error: Unauthorized
    at Module.mockFetchError [90m(C:\Users\ahmat\OneDrive\Bureau\Application-de-gestion-juridique\frontend\[39mtests\helpers\test-utils.ts:67:22[90m)[39m
    at [90mC:\Users\ahmat\OneDrive\Bureau\Application-de-gestion-juridique\frontend\[39mtests\unit\composables\useAppointment.test.ts:271:7
    at [90mfile:///C:/Users/ahmat/OneDrive/Bureau/Application-de-gestion-juridique/frontend/[39mnode_modules/[4m@vitest[24m/runner/dist/index.js:135:14
    at [90mfile:///C:/Users/ahmat/OneDrive/Bureau/Application-de-gestion-juridique/frontend/[39mnode_modules/[4m@vitest[24m/runner/dist/index.js:60:26
    at runTest [90m(file:///C:/Users/ahmat/OneDrive/Bureau/Application-de-gestion-juridique/frontend/[39mnode_modules/[4m@vitest[24m/runner/dist/index.js:781:17[90m)[39m
    at runSuite [90m(file:///C:/Users/ahmat/OneDrive/Bureau/Application-de-gestion-juridique/frontend/[39mnode_modules/[4m@vitest[24m/runner/dist/index.js:909:15[90m)[39m
    at runSuite [90m(file:///C:/Users/ahmat/OneDrive/Bureau/Application-de-gestion-juridique/frontend/[39mnode_modules/[4m@vitest[24m/runner/dist/index.js:909:15[90m)[39m
    at runSuite [90m(file:///C:/Users/ahmat/OneDrive/Bureau/Application-de-gestion-juridique/frontend/[39mnode_modules/[4m@vitest[24m/runner/dist/index.js:909:15[90m)[39m
    at runFiles [90m(file:///C:/Users/ahmat/OneDrive/Bureau/Application-de-gestion-juridique/frontend/[39mnode_modules/[4m@vitest[24m/runner/dist/index.js:958:5[90m)[39m
    at startTests [90m(file:///C:/Users/ahmat/OneDrive/Bureau/Application-de-gestion-juridique/frontend/[39mnode_modules/[4m@vitest[24m/runner/dist/index.js:967:3[90m)[39m 
{
  status: [33m401[39m,
  statusCode: [33m401[39m,
  data: { message: [32m'Unauthorized'[39m }
}

[90mstderr[2m | tests/unit/composables/useAppointment.test.ts[2m > [22m[2museAppointment Composable[2m > [22m[2mEdge Cases[2m > [22m[2mshould handle network 
timeouts[22m[39m
Error creating appointment: Error: Network timeout
    at [90mC:\Users\ahmat\OneDrive\Bureau\Application-de-gestion-juridique\frontend\[39mtests\unit\composables\useAppointment.test.ts:281:26
    at [90mfile:///C:/Users/ahmat/OneDrive/Bureau/Application-de-gestion-juridique/frontend/[39mnode_modules/[4m@vitest[24m/runner/dist/index.js:135:14
    at [90mfile:///C:/Users/ahmat/OneDrive/Bureau/Application-de-gestion-juridique/frontend/[39mnode_modules/[4m@vitest[24m/runner/dist/index.js:60:26
    at runTest [90m(file:///C:/Users/ahmat/OneDrive/Bureau/Application-de-gestion-juridique/frontend/[39mnode_modules/[4m@vitest[24m/runner/dist/index.js:781:17[90m)[39m
    at runSuite [90m(file:///C:/Users/ahmat/OneDrive/Bureau/Application-de-gestion-juridique/frontend/[39mnode_modules/[4m@vitest[24m/runner/dist/index.js:909:15[90m)[39m
    at runSuite [90m(file:///C:/Users/ahmat/OneDrive/Bureau/Application-de-gestion-juridique/frontend/[39mnode_modules/[4m@vitest[24m/runner/dist/index.js:909:15[90m)[39m
    at runSuite [90m(file:///C:/Users/ahmat/OneDrive/Bureau/Application-de-gestion-juridique/frontend/[39mnode_modules/[4m@vitest[24m/runner/dist/index.js:909:15[90m)[39m
    at runFiles [90m(file:///C:/Users/ahmat/OneDrive/Bureau/Application-de-gestion-juridique/frontend/[39mnode_modules/[4m@vitest[24m/runner/dist/index.js:958:5[90m)[39m
    at startTests [90m(file:///C:/Users/ahmat/OneDrive/Bureau/Application-de-gestion-juridique/frontend/[39mnode_modules/[4m@vitest[24m/runner/dist/index.js:967:3[90m)[39m
    at [90mfile:///C:/Users/ahmat/OneDrive/Bureau/Application-de-gestion-juridique/frontend/[39mnode_modules/[4mvitest[24m/dist/chunks/runtime-runBaseTests.oAvMKtQC.js:116:7 
{
  code: [32m'ETIMEDOUT'[39m
}

[90mstderr[2m | tests/unit/stores/auth.store.test.ts[2m > [22m[2mAuth Store[2m > [22m[2mRegistration[2m > [22m[2mshould handle registration validation errors[22m[39m
AuthStore: Register error: Error: Validation error
    at Module.mockFetchError [90m(C:\Users\ahmat\OneDrive\Bureau\Application-de-gestion-juridique\frontend\[39mtests\helpers\test-utils.ts:67:22[90m)[39m
    at [90mC:\Users\ahmat\OneDrive\Bureau\Application-de-gestion-juridique\frontend\[39mtests\unit\stores\auth.store.test.ts:225:7
    at [90mfile:///C:/Users/ahmat/OneDrive/Bureau/Application-de-gestion-juridique/frontend/[39mnode_modules/[4m@vitest[24m/runner/dist/index.js:135:14
    at [90mfile:///C:/Users/ahmat/OneDrive/Bureau/Application-de-gestion-juridique/frontend/[39mnode_modules/[4m@vitest[24m/runner/dist/index.js:60:26
    at runTest [90m(file:///C:/Users/ahmat/OneDrive/Bureau/Application-de-gestion-juridique/frontend/[39mnode_modules/[4m@vitest[24m/runner/dist/index.js:781:17[90m)[39m
    at runSuite [90m(file:///C:/Users/ahmat/OneDrive/Bureau/Application-de-gestion-juridique/frontend/[39mnode_modules/[4m@vitest[24m/runner/dist/index.js:909:15[90m)[39m
    at runSuite [90m(file:///C:/Users/ahmat/OneDrive/Bureau/Application-de-gestion-juridique/frontend/[39mnode_modules/[4m@vitest[24m/runner/dist/index.js:909:15[90m)[39m
    at runSuite [90m(file:///C:/Users/ahmat/OneDrive/Bureau/Application-de-gestion-juridique/frontend/[39mnode_modules/[4m@vitest[24m/runner/dist/index.js:909:15[90m)[39m
    at runFiles [90m(file:///C:/Users/ahmat/OneDrive/Bureau/Application-de-gestion-juridique/frontend/[39mnode_modules/[4m@vitest[24m/runner/dist/index.js:958:5[90m)[39m
    at startTests [90m(file:///C:/Users/ahmat/OneDrive/Bureau/Application-de-gestion-juridique/frontend/[39mnode_modules/[4m@vitest[24m/runner/dist/index.js:967:3[90m)[39m 
{
  status: [33m400[39m,
  statusCode: [33m400[39m,
  data: { message: [32m'Validation error'[39m }
}
AuthStore: Error data: { message: [32m'Validation error'[39m }
AuthStore: Error status: [33m400[39m

[90mstderr[2m | tests/unit/stores/auth.store.test.ts[2m > [22m[2mAuth Store[2m > [22m[2mRegistration[2m > [22m[2mshould handle duplicate email error[22m[39m
AuthStore: Register error: Error: User with this email already exists
    at Module.mockFetchError [90m(C:\Users\ahmat\OneDrive\Bureau\Application-de-gestion-juridique\frontend\[39mtests\helpers\test-utils.ts:67:22[90m)[39m
    at [90mC:\Users\ahmat\OneDrive\Bureau\Application-de-gestion-juridique\frontend\[39mtests\unit\stores\auth.store.test.ts:247:7
    at [90mfile:///C:/Users/ahmat/OneDrive/Bureau/Application-de-gestion-juridique/frontend/[39mnode_modules/[4m@vitest[24m/runner/dist/index.js:135:14
    at [90mfile:///C:/Users/ahmat/OneDrive/Bureau/Application-de-gestion-juridique/frontend/[39mnode_modules/[4m@vitest[24m/runner/dist/index.js:60:26
    at runTest [90m(file:///C:/Users/ahmat/OneDrive/Bureau/Application-de-gestion-juridique/frontend/[39mnode_modules/[4m@vitest[24m/runner/dist/index.js:781:17[90m)[39m
    at runSuite [90m(file:///C:/Users/ahmat/OneDrive/Bureau/Application-de-gestion-juridique/frontend/[39mnode_modules/[4m@vitest[24m/runner/dist/index.js:909:15[90m)[39m
    at runSuite [90m(file:///C:/Users/ahmat/OneDrive/Bureau/Application-de-gestion-juridique/frontend/[39mnode_modules/[4m@vitest[24m/runner/dist/index.js:909:15[90m)[39m
    at runSuite [90m(file:///C:/Users/ahmat/OneDrive/Bureau/Application-de-gestion-juridique/frontend/[39mnode_modules/[4m@vitest[24m/runner/dist/index.js:909:15[90m)[39m
    at runFiles [90m(file:///C:/Users/ahmat/OneDrive/Bureau/Application-de-gestion-juridique/frontend/[39mnode_modules/[4m@vitest[24m/runner/dist/index.js:958:5[90m)[39m
    at startTests [90m(file:///C:/Users/ahmat/OneDrive/Bureau/Application-de-gestion-juridique/frontend/[39mnode_modules/[4m@vitest[24m/runner/dist/index.js:967:3[90m)[39m 
{
  status: [33m409[39m,
  statusCode: [33m409[39m,
  data: { message: [32m'User with this email already exists'[39m }
}
AuthStore: Error data: { message: [32m'User with this email already exists'[39m }
AuthStore: Error status: [33m409[39m

[90mstderr[2m | tests/unit/stores/auth.store.test.ts[2m > [22m[2mAuth Store[2m > [22m[2mLogin[2m > [22m[2mshould handle invalid credentials[22m[39m
Login error: Error: Invalid email or password
    at Module.mockFetchError [90m(C:\Users\ahmat\OneDrive\Bureau\Application-de-gestion-juridique\frontend\[39mtests\helpers\test-utils.ts:67:22[90m)[39m
    at [90mC:\Users\ahmat\OneDrive\Bureau\Application-de-gestion-juridique\frontend\[39mtests\unit\stores\auth.store.test.ts:318:7
    at [90mfile:///C:/Users/ahmat/OneDrive/Bureau/Application-de-gestion-juridique/frontend/[39mnode_modules/[4m@vitest[24m/runner/dist/index.js:135:14
    at [90mfile:///C:/Users/ahmat/OneDrive/Bureau/Application-de-gestion-juridique/frontend/[39mnode_modules/[4m@vitest[24m/runner/dist/index.js:60:26
    at runTest [90m(file:///C:/Users/ahmat/OneDrive/Bureau/Application-de-gestion-juridique/frontend/[39mnode_modules/[4m@vitest[24m/runner/dist/index.js:781:17[90m)[39m
    at runSuite [90m(file:///C:/Users/ahmat/OneDrive/Bureau/Application-de-gestion-juridique/frontend/[39mnode_modules/[4m@vitest[24m/runner/dist/index.js:909:15[90m)[39m
    at runSuite [90m(file:///C:/Users/ahmat/OneDrive/Bureau/Application-de-gestion-juridique/frontend/[39mnode_modules/[4m@vitest[24m/runner/dist/index.js:909:15[90m)[39m
    at runSuite [90m(file:///C:/Users/ahmat/OneDrive/Bureau/Application-de-gestion-juridique/frontend/[39mnode_modules/[4m@vitest[24m/runner/dist/index.js:909:15[90m)[39m
    at runFiles [90m(file:///C:/Users/ahmat/OneDrive/Bureau/Application-de-gestion-juridique/frontend/[39mnode_modules/[4m@vitest[24m/runner/dist/index.js:958:5[90m)[39m
    at startTests [90m(file:///C:/Users/ahmat/OneDrive/Bureau/Application-de-gestion-juridique/frontend/[39mnode_modules/[4m@vitest[24m/runner/dist/index.js:967:3[90m)[39m 
{
  status: [33m401[39m,
  statusCode: [33m401[39m,
  data: { message: [32m'Invalid email or password'[39m }
}

[90mstderr[2m | tests/unit/stores/auth.store.test.ts[2m > [22m[2mAuth Store[2m > [22m[2mLogin[2m > [22m[2mshould handle deactivated account[22m[39m
Login error: Error: Account is deactivated
    at Module.mockFetchError [90m(C:\Users\ahmat\OneDrive\Bureau\Application-de-gestion-juridique\frontend\[39mtests\helpers\test-utils.ts:67:22[90m)[39m
    at [90mC:\Users\ahmat\OneDrive\Bureau\Application-de-gestion-juridique\frontend\[39mtests\unit\stores\auth.store.test.ts:337:7
    at [90mfile:///C:/Users/ahmat/OneDrive/Bureau/Application-de-gestion-juridique/frontend/[39mnode_modules/[4m@vitest[24m/runner/dist/index.js:135:14
    at [90mfile:///C:/Users/ahmat/OneDrive/Bureau/Application-de-gestion-juridique/frontend/[39mnode_modules/[4m@vitest[24m/runner/dist/index.js:60:26
    at runTest [90m(file:///C:/Users/ahmat/OneDrive/Bureau/Application-de-gestion-juridique/frontend/[39mnode_modules/[4m@vitest[24m/runner/dist/index.js:781:17[90m)[39m
    at runSuite [90m(file:///C:/Users/ahmat/OneDrive/Bureau/Application-de-gestion-juridique/frontend/[39mnode_modules/[4m@vitest[24m/runner/dist/index.js:909:15[90m)[39m
    at runSuite [90m(file:///C:/Users/ahmat/OneDrive/Bureau/Application-de-gestion-juridique/frontend/[39mnode_modules/[4m@vitest[24m/runner/dist/index.js:909:15[90m)[39m
    at runSuite [90m(file:///C:/Users/ahmat/OneDrive/Bureau/Application-de-gestion-juridique/frontend/[39mnode_modules/[4m@vitest[24m/runner/dist/index.js:909:15[90m)[39m
    at runFiles [90m(file:///C:/Users/ahmat/OneDrive/Bureau/Application-de-gestion-juridique/frontend/[39mnode_modules/[4m@vitest[24m/runner/dist/index.js:958:5[90m)[39m
    at startTests [90m(file:///C:/Users/ahmat/OneDrive/Bureau/Application-de-gestion-juridique/frontend/[39mnode_modules/[4m@vitest[24m/runner/dist/index.js:967:3[90m)[39m 
{
  status: [33m403[39m,
  statusCode: [33m403[39m,
  data: { message: [32m'Account is deactivated'[39m }
}

[90mstderr[2m | tests/unit/stores/auth.store.test.ts[2m > [22m[2mAuth Store[2m > [22m[2mEdge Cases[2m > [22m[2mshould handle network errors gracefully[22m[39m
Login error: Error: Network error
    at [90mC:\Users\ahmat\OneDrive\Bureau\Application-de-gestion-juridique\frontend\[39mtests\unit\stores\auth.store.test.ts:371:26
    at [90mfile:///C:/Users/ahmat/OneDrive/Bureau/Application-de-gestion-juridique/frontend/[39mnode_modules/[4m@vitest[24m/runner/dist/index.js:135:14
    at [90mfile:///C:/Users/ahmat/OneDrive/Bureau/Application-de-gestion-juridique/frontend/[39mnode_modules/[4m@vitest[24m/runner/dist/index.js:60:26
    at runTest [90m(file:///C:/Users/ahmat/OneDrive/Bureau/Application-de-gestion-juridique/frontend/[39mnode_modules/[4m@vitest[24m/runner/dist/index.js:781:17[90m)[39m
    at runSuite [90m(file:///C:/Users/ahmat/OneDrive/Bureau/Application-de-gestion-juridique/frontend/[39mnode_modules/[4m@vitest[24m/runner/dist/index.js:909:15[90m)[39m
    at runSuite [90m(file:///C:/Users/ahmat/OneDrive/Bureau/Application-de-gestion-juridique/frontend/[39mnode_modules/[4m@vitest[24m/runner/dist/index.js:909:15[90m)[39m
    at runSuite [90m(file:///C:/Users/ahmat/OneDrive/Bureau/Application-de-gestion-juridique/frontend/[39mnode_modules/[4m@vitest[24m/runner/dist/index.js:909:15[90m)[39m
    at runFiles [90m(file:///C:/Users/ahmat/OneDrive/Bureau/Application-de-gestion-juridique/frontend/[39mnode_modules/[4m@vitest[24m/runner/dist/index.js:958:5[90m)[39m
    at startTests [90m(file:///C:/Users/ahmat/OneDrive/Bureau/Application-de-gestion-juridique/frontend/[39mnode_modules/[4m@vitest[24m/runner/dist/index.js:967:3[90m)[39m
    at [90mfile:///C:/Users/ahmat/OneDrive/Bureau/Application-de-gestion-juridique/frontend/[39mnode_modules/[4mvitest[24m/dist/chunks/runtime-runBaseTests.oAvMKtQC.js:116:7 
{
  status: [33m0[39m
}

 [32mÔ£ô[39m tests/unit/stores/auth.store.test.ts [2m ([22m[2m21 tests[22m[2m)[22m[90m 59[2mms[22m[39m

[31mÔÄ»ÔÄ»ÔÄ»ÔÄ»ÔÄ»ÔÄ»[1m[7m Failed Tests 41 [27m[22mÔÄ»ÔÄ»ÔÄ»ÔÄ»ÔÄ»ÔÄ»ÔÄ»[39m

[31m[1m[7m FAIL [27m[22m[39m tests/unit/composables/useApi.test.ts[2m > [22museApi Composable[2m > [22mError Handling[2m > [22mshould handle 401 errors with 
TOKEN_EXPIRED code
[31m[1mError[22m: Token expired[39m
[36m [2mÔØ»[22m tests/unit/composables/useApi.test.ts:[2m178:26[22m[39m
    [90m176| [39m      mockAuthStore[33m.[39maccessToken [33m=[39m [32m'new-token'[39m[33m;[39m
    [90m177| [39m
    [90m178| [39m      [35mconst[39m error[33m:[39m any [33m=[39m [35mnew[39m [33mError[39m([32m'Token expired'[39m)[33m;[39m
    [90m   | [39m                         [31m^[39m
    [90m179| [39m      error[33m.[39mstatus [33m=[39m [34m401[39m[33m;[39m
    [90m180| [39m      error[33m.[39mdata [33m=[39m { code[33m:[39m [32m'TOKEN_EXPIRED'[39m }[33m;[39m

[31m[2mÔÄ»ÔÄ»ÔÄ»ÔÄ»ÔÄ»ÔÄ»ÔÄ»ÔÄ»ÔÄ»ÔÄ»ÔÄ»ÔÄ»ÔÄ»ÔÄ»ÔÄ»ÔÄ»ÔÄ»ÔÄ»ÔÄ»ÔÄ»ÔÄ»ÔÄ»ÔÄ»ÔÄ»ÔÄ»ÔÄ»ÔÄ»ÔÄ»ÔÄ»ÔÄ»[22m[39m
[31m[1mSerialized Error:[22m[39m [90m{ status: 401, data: { code: 'TOKEN_EXPIRED' } }[39m
[31m[2mÔÄ»ÔÄ»ÔÄ»ÔÄ»ÔÄ»ÔÄ»ÔÄ»ÔÄ»ÔÄ»ÔÄ»ÔÄ»ÔÄ»ÔÄ»ÔÄ»ÔÄ»ÔÄ»ÔÄ»ÔÄ»ÔÄ»ÔÄ»ÔÄ»ÔÄ»ÔÄ»[1/41]ÔÄ»[22m[39m

[31m[1m[7m FAIL [27m[22m[39m tests/unit/composables/useApi.test.ts[2m > [22museApi Composable[2m > [22mError Handling[2m > [22mshould clear auth and redirect on 401 
without refresh
[31m[1mAssertionError[22m: promise resolved "{ data: 'success' }" instead of rejecting[39m

[32m- Expected[39m
[31m+ Received[39m

[32m- [Error: rejected promise][39m
[31m+ Object {[39m
[31m+   "data": "success",[39m
[31m+ }[39m

[36m [2mÔØ»[22m tests/unit/composables/useApi.test.ts:[2m205:51[22m[39m
    [90m203| [39m      (globalThis [35mas[39m any)[33m.[39mnavigateTo [33m=[39m navigateTo[33m;[39m
    [90m204| [39m
    [90m205| [39m      [35mawait[39m [34mexpect[39m([34mapiFetch[39m([32m'/protected-endpoint'[39m))[33m.[39mrejects[33m.[39m[34mtoThrow[39m()[33m;[39m
    [90m   | [39m                                                  [31m^[39m
    [90m206| [39m      [34mexpect[39m(mockAuthStore[33m.[39mclearAuth)[33m.[39m[34mtoHaveBeenCalled[39m()[33m;[39m
    [90m207| [39m      [34mexpect[39m(navigateTo)[33m.[39m[34mtoHaveBeenCalledWith[39m([32m'/auth/login'[39m)[33m;[39m

[31m[2mÔÄ»ÔÄ»ÔÄ»ÔÄ»ÔÄ»ÔÄ»ÔÄ»ÔÄ»ÔÄ»ÔÄ»ÔÄ»ÔÄ»ÔÄ»ÔÄ»ÔÄ»ÔÄ»ÔÄ»ÔÄ»ÔÄ»ÔÄ»ÔÄ»ÔÄ»ÔÄ»[2/41]ÔÄ»[22m[39m

[31m[1m[7m FAIL [27m[22m[39m tests/unit/composables/useApi.test.ts[2m > [22museApi Composable[2m > [22mError Handling[2m > [22mshould clear auth and redirect on 401 
without TOKEN_EXPIRED code
[31m[1mAssertionError[22m: expected "spy" to be called at least once[39m
[36m [2mÔØ»[22m tests/unit/composables/useApi.test.ts:[2m221:39[22m[39m
    [90m219| [39m
    [90m220| [39m      [35mawait[39m [34mexpect[39m([34mapiFetch[39m([32m'/protected-endpoint'[39m))[33m.[39mrejects[33m.[39m[34mtoThrow[39m()[33m;[39m
    [90m221| [39m      [34mexpect[39m(mockAuthStore[33m.[39mclearAuth)[33m.[39m[34mtoHaveBeenCalled[39m()[33m;[39m
    [90m   | [39m                                      [31m^[39m
    [90m222| [39m      [34mexpect[39m(navigateTo)[33m.[39m[34mtoHaveBeenCalledWith[39m([32m'/auth/login'[39m)[33m;[39m
    [90m223| [39m    })[33m;[39m

[31m[2mÔÄ»ÔÄ»ÔÄ»ÔÄ»ÔÄ»ÔÄ»ÔÄ»ÔÄ»ÔÄ»ÔÄ»ÔÄ»ÔÄ»ÔÄ»ÔÄ»ÔÄ»ÔÄ»ÔÄ»ÔÄ»ÔÄ»ÔÄ»ÔÄ»ÔÄ»ÔÄ»[3/41]ÔÄ»[22m[39m

[31m[1m[7m FAIL [27m[22m[39m tests/unit/composables/useApi.test.ts[2m > [22museApi Composable[2m > [22mError Handling[2m > [22mshould handle network errors
[31m[1mAssertionError[22m: expected [Function] to throw error including 'Network error' but got 'Internal Server Error'[39m

[32m- Expected[39m
[31m+ Received[39m

[32m- Network error[39m
[31m+ Internal Server Error[39m

[36m [2mÔØ»[22m tests/unit/composables/useApi.test.ts:[2m251:7[22m[39m
    [90m249| [39m      vi[33m.[39m[34mmocked[39m($fetch)[33m.[39m[34mmockRejectedValueOnce[39m(networkError)[33m;[39m
    [90m250| [39m
    [90m251| [39m      [35mawait[39m [34mexpect[39m([34mapiFetch[39m([32m'/endpoint'[39m))[33m.[39mrejects[33m.[39m[34mtoThrow[39m([32m'Network err[39mÔÇª
    [90m   | [39m      [31m^[39m
    [90m252| [39m    })[33m;[39m
    [90m253| [39m  })[33m;[39m

[31m[2mÔÄ»ÔÄ»ÔÄ»ÔÄ»ÔÄ»ÔÄ»ÔÄ»ÔÄ»ÔÄ»ÔÄ»ÔÄ»ÔÄ»ÔÄ»ÔÄ»ÔÄ»ÔÄ»ÔÄ»ÔÄ»ÔÄ»ÔÄ»ÔÄ»ÔÄ»ÔÄ»[4/41]ÔÄ»[22m[39m

[31m[1m[7m FAIL [27m[22m[39m tests/unit/composables/useApi.test.ts[2m > [22museApi Composable[2m > [22mRequest Options[2m > [22mshould pass through custom options
[31m[1mError[22m: Network error[39m
[36m [2mÔØ»[22m tests/unit/composables/useApi.test.ts:[2m248:28[22m[39m
    [90m246| [39m    [34mit[39m([32m'should handle network errors'[39m[33m,[39m [35masync[39m () [33m=>[39m {
    [90m247| [39m      [35mconst[39m { apiFetch } [33m=[39m [34museApi[39m()[33m;[39m
    [90m248| [39m      [35mconst[39m networkError [33m=[39m [35mnew[39m [33mError[39m([32m'Network error'[39m)[33m;[39m
    [90m   | [39m                           [31m^[39m
    [90m249| [39m      vi[33m.[39m[34mmocked[39m($fetch)[33m.[39m[34mmockRejectedValueOnce[39m(networkError)[33m;[39m
    [90m250| [39m

[31m[2mÔÄ»ÔÄ»ÔÄ»ÔÄ»ÔÄ»ÔÄ»ÔÄ»ÔÄ»ÔÄ»ÔÄ»ÔÄ»ÔÄ»ÔÄ»ÔÄ»ÔÄ»ÔÄ»ÔÄ»ÔÄ»ÔÄ»ÔÄ»ÔÄ»ÔÄ»ÔÄ»[5/41]ÔÄ»[22m[39m

[31m[1m[7m FAIL [27m[22m[39m tests/unit/composables/useApi.test.ts[2m > [22museApi Composable[2m > [22mType Safety[2m > [22mshould return typed response
[31m[1mAssertionError[22m: expected undefined to be '123' // Object.is equality[39m

[32m- Expected:[39m 
"123"

[31m+ Received:[39m 
undefined

[36m [2mÔØ»[22m tests/unit/composables/useApi.test.ts:[2m305:30[22m[39m
    [90m303| [39m      [35mconst[39m result [33m=[39m [35mawait[39m apiFetch[33m<[39many[33m>[39m([32m'/users/123'[39m)[33m;[39m
    [90m304| [39m
    [90m305| [39m      [34mexpect[39m(result[33m.[39mdata[33m.[39mid)[33m.[39m[34mtoBe[39m([32m'123'[39m)[33m;[39m
    [90m   | [39m                             [31m^[39m
    [90m306| [39m      [34mexpect[39m(result[33m.[39mdata[33m.[39mname)[33m.[39m[34mtoBe[39m([32m'Test User'[39m)[33m;[39m
    [90m307| [39m    })[33m;[39m

[31m[2mÔÄ»ÔÄ»ÔÄ»ÔÄ»ÔÄ»ÔÄ»ÔÄ»ÔÄ»ÔÄ»ÔÄ»ÔÄ»ÔÄ»ÔÄ»ÔÄ»ÔÄ»ÔÄ»ÔÄ»ÔÄ»ÔÄ»ÔÄ»ÔÄ»ÔÄ»ÔÄ»[6/41]ÔÄ»[22m[39m

[31m[1m[7m FAIL [27m[22m[39m tests/unit/composables/useApi.test.ts[2m > [22museApi Composable[2m > [22mEdge Cases[2m > [22mshould handle empty response
[31m[1mAssertionError[22m: expected { success: true, ÔÇª(2) } to be null[39m
[36m [2mÔØ»[22m tests/unit/composables/useApi.test.ts:[2m317:22[22m[39m
    [90m315| [39m      [35mconst[39m result [33m=[39m [35mawait[39m [34mapiFetch[39m([32m'/endpoint'[39m)[33m;[39m
    [90m316| [39m
    [90m317| [39m      [34mexpect[39m(result)[33m.[39m[34mtoBeNull[39m()[33m;[39m
    [90m   | [39m                     [31m^[39m
    [90m318| [39m    })[33m;[39m
    [90m319| [39m

[31m[2mÔÄ»ÔÄ»ÔÄ»ÔÄ»ÔÄ»ÔÄ»ÔÄ»ÔÄ»ÔÄ»ÔÄ»ÔÄ»ÔÄ»ÔÄ»ÔÄ»ÔÄ»ÔÄ»ÔÄ»ÔÄ»ÔÄ»ÔÄ»ÔÄ»ÔÄ»ÔÄ»[7/41]ÔÄ»[22m[39m

[31m[1m[7m FAIL [27m[22m[39m tests/unit/composables/useApi.test.ts[2m > [22museApi Composable[2m > [22mEdge Cases[2m > [22mshould handle token refresh failure during 
retry
[31m[1mAssertionError[22m: promise resolved "{ success: true, ÔÇª(2) }" instead of rejecting[39m

[32m- Expected[39m
[31m+ Received[39m

[32m- [Error: rejected promise][39m
[31m+ Object {[39m
[31m+   "data": Object {[39m
[31m+     "data": "2",[39m
[31m+   },[39m
[31m+   "message": "Operation successful",[39m
[31m+   "success": true,[39m
[31m+ }[39m

[36m [2mÔØ»[22m tests/unit/composables/useApi.test.ts:[2m346:51[22m[39m
    [90m344| [39m        [33m.[39m[34mmockRejectedValueOnce[39m(error)[33m;[39m
    [90m345| [39m
    [90m346| [39m      [35mawait[39m [34mexpect[39m([34mapiFetch[39m([32m'/protected-endpoint'[39m))[33m.[39mrejects[33m.[39m[34mtoThrow[39m()[33m;[39m
    [90m   | [39m                                                  [31m^[39m
    [90m347| [39m    })[33m;[39m
    [90m348| [39m  })[33m;[39m

[31m[2mÔÄ»ÔÄ»ÔÄ»ÔÄ»ÔÄ»ÔÄ»ÔÄ»ÔÄ»ÔÄ»ÔÄ»ÔÄ»ÔÄ»ÔÄ»ÔÄ»ÔÄ»ÔÄ»ÔÄ»ÔÄ»ÔÄ»ÔÄ»ÔÄ»ÔÄ»ÔÄ»[8/41]ÔÄ»[22m[39m

[31m[1m[7m FAIL [27m[22m[39m tests/unit/composables/useCase.test.ts[2m > [22museCase Composable[2m > [22mGet Cases[2m > [22mshould fetch all cases
[31m[1mAssertionError[22m: expected { success: true, ÔÇª(2) } to have property 'length'[39m
[36m [2mÔØ»[22m tests/unit/composables/useCase.test.ts:[2m63:27[22m[39m
    [90m 61| [39m      [35mconst[39m result [33m=[39m [35mawait[39m [34mgetCases[39m()[33m;[39m
    [90m 62| [39m
    [90m 63| [39m      [34mexpect[39m(result[33m.[39mdata)[33m.[39m[34mtoHaveLength[39m([34m2[39m)[33m;[39m
    [90m   | [39m                          [31m^[39m
    [90m 64| [39m      [34mexpect[39m(result[33m.[39msuccess)[33m.[39m[34mtoBe[39m([35mtrue[39m)[33m;[39m
    [90m 65| [39m    })[33m;[39m

[31m[2mÔÄ»ÔÄ»ÔÄ»ÔÄ»ÔÄ»ÔÄ»ÔÄ»ÔÄ»ÔÄ»ÔÄ»ÔÄ»ÔÄ»ÔÄ»ÔÄ»ÔÄ»ÔÄ»ÔÄ»ÔÄ»ÔÄ»ÔÄ»ÔÄ»ÔÄ»ÔÄ»[9/41]ÔÄ»[22m[39m

[31m[1m[7m FAIL [27m[22m[39m tests/unit/composables/useCase.test.ts[2m > [22museCase Composable[2m > [22mEdge Cases[2m > [22mshould handle empty cases list
[31m[1mAssertionError[22m: expected { success: true, data: [], ÔÇª(1) } to deeply equal [][39m

[32m- Expected:[39m 
Array []

[31m+ Received:[39m 
Object {
  "data": Array [],
  "message": "Success",
  "success": true,
}

[36m [2mÔØ»[22m tests/unit/composables/useCase.test.ts:[2m123:27[22m[39m
    [90m121| [39m      [35mconst[39m result [33m=[39m [35mawait[39m [34mgetCases[39m()[33m;[39m
    [90m122| [39m
    [90m123| [39m      [34mexpect[39m(result[33m.[39mdata)[33m.[39m[34mtoEqual[39m([])[33m;[39m
    [90m   | [39m                          [31m^[39m
    [90m124| [39m      [34mexpect[39m(result[33m.[39msuccess)[33m.[39m[34mtoBe[39m([35mtrue[39m)[33m;[39m
    [90m125| [39m    })[33m;[39m

[31m[2mÔÄ»ÔÄ»ÔÄ»ÔÄ»ÔÄ»ÔÄ»ÔÄ»ÔÄ»ÔÄ»ÔÄ»ÔÄ»ÔÄ»ÔÄ»ÔÄ»ÔÄ»ÔÄ»ÔÄ»ÔÄ»ÔÄ»ÔÄ»ÔÄ»ÔÄ»[10/41]ÔÄ»[22m[39m

[31m[1m[7m FAIL [27m[22m[39m tests/unit/composables/useClient.test.ts[2m > [22museClient Composable[2m > [22mGet Client[2m > [22mshould fetch client by ID
[31m[1mReferenceError[22m: useApi is not defined[39m
[36m [2mÔØ»[22m Module.useClient composables/useClient.ts:[2m10:24[22m[39m
    [90m  8| [39m
    [90m  9| [39m[35mexport[39m [35mconst[39m useClient [33m=[39m () [33m=>[39m {
    [90m 10| [39m  [35mconst[39m { apiFetch } [33m=[39m [34museApi[39m()[33m;[39m
    [90m   | [39m                       [31m^[39m
    [90m 11| [39m
    [90m 12| [39m
[90m [2mÔØ»[22m tests/unit/composables/useClient.test.ts:[2m75:29[22m[39m

[31m[2mÔÄ»ÔÄ»ÔÄ»ÔÄ»ÔÄ»ÔÄ»ÔÄ»ÔÄ»ÔÄ»ÔÄ»ÔÄ»ÔÄ»ÔÄ»ÔÄ»ÔÄ»ÔÄ»ÔÄ»ÔÄ»ÔÄ»ÔÄ»ÔÄ»ÔÄ»[11/41]ÔÄ»[22m[39m

[31m[1m[7m FAIL [27m[22m[39m tests/unit/composables/useClient.test.ts[2m > [22museClient Composable[2m > [22mGet Client[2m > [22mshould handle not found error
[31m[1mReferenceError[22m: useApi is not defined[39m
[36m [2mÔØ»[22m Module.useClient composables/useClient.ts:[2m10:24[22m[39m
    [90m  8| [39m
    [90m  9| [39m[35mexport[39m [35mconst[39m useClient [33m=[39m () [33m=>[39m {
    [90m 10| [39m  [35mconst[39m { apiFetch } [33m=[39m [34museApi[39m()[33m;[39m
    [90m   | [39m                       [31m^[39m
    [90m 11| [39m
    [90m 12| [39m
[90m [2mÔØ»[22m tests/unit/composables/useClient.test.ts:[2m86:29[22m[39m

[31m[2mÔÄ»ÔÄ»ÔÄ»ÔÄ»ÔÄ»ÔÄ»ÔÄ»ÔÄ»ÔÄ»ÔÄ»ÔÄ»ÔÄ»ÔÄ»ÔÄ»ÔÄ»ÔÄ»ÔÄ»ÔÄ»ÔÄ»ÔÄ»ÔÄ»ÔÄ»[12/41]ÔÄ»[22m[39m

[31m[1m[7m FAIL [27m[22m[39m tests/unit/composables/useClient.test.ts[2m > [22museClient Composable[2m > [22mCreate Client[2m > [22mshould create client successfully
[31m[1mReferenceError[22m: useApi is not defined[39m
[36m [2mÔØ»[22m Module.useClient composables/useClient.ts:[2m10:24[22m[39m
    [90m  8| [39m
    [90m  9| [39m[35mexport[39m [35mconst[39m useClient [33m=[39m () [33m=>[39m {
    [90m 10| [39m  [35mconst[39m { apiFetch } [33m=[39m [34museApi[39m()[33m;[39m
    [90m   | [39m                       [31m^[39m
    [90m 11| [39m
    [90m 12| [39m
[90m [2mÔØ»[22m tests/unit/composables/useClient.test.ts:[2m130:32[22m[39m

[31m[2mÔÄ»ÔÄ»ÔÄ»ÔÄ»ÔÄ»ÔÄ»ÔÄ»ÔÄ»ÔÄ»ÔÄ»ÔÄ»ÔÄ»ÔÄ»ÔÄ»ÔÄ»ÔÄ»ÔÄ»ÔÄ»ÔÄ»ÔÄ»ÔÄ»ÔÄ»[13/41]ÔÄ»[22m[39m

[31m[1m[7m FAIL [27m[22m[39m tests/unit/composables/useClient.test.ts[2m > [22museClient Composable[2m > [22mCreate Client[2m > [22mshould handle duplicate email 
error
[31m[1mReferenceError[22m: useApi is not defined[39m
[36m [2mÔØ»[22m Module.useClient composables/useClient.ts:[2m10:24[22m[39m
    [90m  8| [39m
    [90m  9| [39m[35mexport[39m [35mconst[39m useClient [33m=[39m () [33m=>[39m {
    [90m 10| [39m  [35mconst[39m { apiFetch } [33m=[39m [34museApi[39m()[33m;[39m
    [90m   | [39m                       [31m^[39m
    [90m 11| [39m
    [90m 12| [39m
[90m [2mÔØ»[22m tests/unit/composables/useClient.test.ts:[2m147:32[22m[39m

[31m[2mÔÄ»ÔÄ»ÔÄ»ÔÄ»ÔÄ»ÔÄ»ÔÄ»ÔÄ»ÔÄ»ÔÄ»ÔÄ»ÔÄ»ÔÄ»ÔÄ»ÔÄ»ÔÄ»ÔÄ»ÔÄ»ÔÄ»ÔÄ»ÔÄ»ÔÄ»[14/41]ÔÄ»[22m[39m

[31m[1m[7m FAIL [27m[22m[39m tests/unit/composables/useClient.test.ts[2m > [22museClient Composable[2m > [22mUpdate Client[2m > [22mshould update client successfully
[31m[1mReferenceError[22m: useApi is not defined[39m
[36m [2mÔØ»[22m Module.useClient composables/useClient.ts:[2m10:24[22m[39m
    [90m  8| [39m
    [90m  9| [39m[35mexport[39m [35mconst[39m useClient [33m=[39m () [33m=>[39m {
    [90m 10| [39m  [35mconst[39m { apiFetch } [33m=[39m [34museApi[39m()[33m;[39m
    [90m   | [39m                       [31m^[39m
    [90m 11| [39m
    [90m 12| [39m
[90m [2mÔØ»[22m tests/unit/composables/useClient.test.ts:[2m162:32[22m[39m

[31m[2mÔÄ»ÔÄ»ÔÄ»ÔÄ»ÔÄ»ÔÄ»ÔÄ»ÔÄ»ÔÄ»ÔÄ»ÔÄ»ÔÄ»ÔÄ»ÔÄ»ÔÄ»ÔÄ»ÔÄ»ÔÄ»ÔÄ»ÔÄ»ÔÄ»ÔÄ»[15/41]ÔÄ»[22m[39m

[31m[1m[7m FAIL [27m[22m[39m tests/unit/composables/useClient.test.ts[2m > [22museClient Composable[2m > [22mDelete Client[2m > [22mshould delete client successfully
[31m[1mReferenceError[22m: useApi is not defined[39m
[36m [2mÔØ»[22m Module.useClient composables/useClient.ts:[2m10:24[22m[39m
    [90m  8| [39m
    [90m  9| [39m[35mexport[39m [35mconst[39m useClient [33m=[39m () [33m=>[39m {
    [90m 10| [39m  [35mconst[39m { apiFetch } [33m=[39m [34museApi[39m()[33m;[39m
    [90m   | [39m                       [31m^[39m
    [90m 11| [39m
    [90m 12| [39m
[90m [2mÔØ»[22m tests/unit/composables/useClient.test.ts:[2m175:32[22m[39m

[31m[2mÔÄ»ÔÄ»ÔÄ»ÔÄ»ÔÄ»ÔÄ»ÔÄ»ÔÄ»ÔÄ»ÔÄ»ÔÄ»ÔÄ»ÔÄ»ÔÄ»ÔÄ»ÔÄ»ÔÄ»ÔÄ»ÔÄ»ÔÄ»ÔÄ»ÔÄ»[16/41]ÔÄ»[22m[39m

[31m[1m[7m FAIL [27m[22m[39m tests/unit/composables/useClient.test.ts[2m > [22museClient Composable[2m > [22mEdge Cases[2m > [22mshould handle empty client list
[31m[1mReferenceError[22m: useApi is not defined[39m
[36m [2mÔØ»[22m Module.useClient composables/useClient.ts:[2m10:24[22m[39m
    [90m  8| [39m
    [90m  9| [39m[35mexport[39m [35mconst[39m useClient [33m=[39m () [33m=>[39m {
    [90m 10| [39m  [35mconst[39m { apiFetch } [33m=[39m [34museApi[39m()[33m;[39m
    [90m   | [39m                       [31m^[39m
    [90m 11| [39m
    [90m 12| [39m
[90m [2mÔØ»[22m tests/unit/composables/useClient.test.ts:[2m186:30[22m[39m

[31m[2mÔÄ»ÔÄ»ÔÄ»ÔÄ»ÔÄ»ÔÄ»ÔÄ»ÔÄ»ÔÄ»ÔÄ»ÔÄ»ÔÄ»ÔÄ»ÔÄ»ÔÄ»ÔÄ»ÔÄ»ÔÄ»ÔÄ»ÔÄ»ÔÄ»ÔÄ»[17/41]ÔÄ»[22m[39m

[31m[1m[7m FAIL [27m[22m[39m tests/unit/composables/useDocument.test.ts[2m > [22museDocument Composable[2m > [22mEdge Cases[2m > [22mshould handle network errors 
during upload
[31m[1mAssertionError[22m: expected true to be false // Object.is equality[39m

[32m- Expected[39m
[31m+ Received[39m

[32m- false[39m
[31m+ true[39m

[36m [2mÔØ»[22m tests/unit/composables/useDocument.test.ts:[2m252:30[22m[39m
    [90m250| [39m      [35mconst[39m result [33m=[39m [35mawait[39m [34muploadDocument[39m([35mnew[39m [33mFormData[39m())[33m;[39m
    [90m251| [39m
    [90m252| [39m      [34mexpect[39m(result[33m.[39msuccess)[33m.[39m[34mtoBe[39m([35mfalse[39m)[33m;[39m
    [90m   | [39m                             [31m^[39m
    [90m253| [39m    })[33m;[39m
    [90m254| [39m  })[33m;[39m

[31m[2mÔÄ»ÔÄ»ÔÄ»ÔÄ»ÔÄ»ÔÄ»ÔÄ»ÔÄ»ÔÄ»ÔÄ»ÔÄ»ÔÄ»ÔÄ»ÔÄ»ÔÄ»ÔÄ»ÔÄ»ÔÄ»ÔÄ»ÔÄ»ÔÄ»ÔÄ»[18/41]ÔÄ»[22m[39m

[31m[1m[7m FAIL [27m[22m[39m tests/unit/composables/useLawyer.test.ts[2m > [22museLawyer Composable[2m > [22mGet Lawyers[2m > [22mshould fetch all lawyers
[31m[1mReferenceError[22m: useApi is not defined[39m
[36m [2mÔØ»[22m Module.useLawyer composables/useLawyer.ts:[2m11:24[22m[39m
    [90m  9| [39m
    [90m 10| [39m[35mexport[39m [35mconst[39m useLawyer [33m=[39m () [33m=>[39m {
    [90m 11| [39m  [35mconst[39m { apiFetch } [33m=[39m [34museApi[39m()[33m;[39m
    [90m   | [39m                       [31m^[39m
    [90m 12| [39m
    [90m 13| [39m
[90m [2mÔØ»[22m tests/unit/composables/useLawyer.test.ts:[2m107:30[22m[39m

[31m[2mÔÄ»ÔÄ»ÔÄ»ÔÄ»ÔÄ»ÔÄ»ÔÄ»ÔÄ»ÔÄ»ÔÄ»ÔÄ»ÔÄ»ÔÄ»ÔÄ»ÔÄ»ÔÄ»ÔÄ»ÔÄ»ÔÄ»ÔÄ»ÔÄ»ÔÄ»[19/41]ÔÄ»[22m[39m

[31m[1m[7m FAIL [27m[22m[39m tests/unit/composables/useLawyer.test.ts[2m > [22museLawyer Composable[2m > [22mGet Lawyers[2m > [22mshould fetch lawyers with filters
[31m[1mReferenceError[22m: useApi is not defined[39m
[36m [2mÔØ»[22m Module.useLawyer composables/useLawyer.ts:[2m11:24[22m[39m
    [90m  9| [39m
    [90m 10| [39m[35mexport[39m [35mconst[39m useLawyer [33m=[39m () [33m=>[39m {
    [90m 11| [39m  [35mconst[39m { apiFetch } [33m=[39m [34museApi[39m()[33m;[39m
    [90m   | [39m                       [31m^[39m
    [90m 12| [39m
    [90m 13| [39m
[90m [2mÔØ»[22m tests/unit/composables/useLawyer.test.ts:[2m121:30[22m[39m

[31m[2mÔÄ»ÔÄ»ÔÄ»ÔÄ»ÔÄ»ÔÄ»ÔÄ»ÔÄ»ÔÄ»ÔÄ»ÔÄ»ÔÄ»ÔÄ»ÔÄ»ÔÄ»ÔÄ»ÔÄ»ÔÄ»ÔÄ»ÔÄ»ÔÄ»ÔÄ»[20/41]ÔÄ»[22m[39m

[31m[1m[7m FAIL [27m[22m[39m tests/unit/composables/useLawyer.test.ts[2m > [22museLawyer Composable[2m > [22mGet Lawyer by ID[2m > [22mshould fetch lawyer profile
[31m[1mReferenceError[22m: useApi is not defined[39m
[36m [2mÔØ»[22m Module.useLawyer composables/useLawyer.ts:[2m11:24[22m[39m
    [90m  9| [39m
    [90m 10| [39m[35mexport[39m [35mconst[39m useLawyer [33m=[39m () [33m=>[39m {
    [90m 11| [39m  [35mconst[39m { apiFetch } [33m=[39m [34museApi[39m()[33m;[39m
    [90m   | [39m                       [31m^[39m
    [90m 12| [39m
    [90m 13| [39m
[90m [2mÔØ»[22m tests/unit/composables/useLawyer.test.ts:[2m141:29[22m[39m

[31m[2mÔÄ»ÔÄ»ÔÄ»ÔÄ»ÔÄ»ÔÄ»ÔÄ»ÔÄ»ÔÄ»ÔÄ»ÔÄ»ÔÄ»ÔÄ»ÔÄ»ÔÄ»ÔÄ»ÔÄ»ÔÄ»ÔÄ»ÔÄ»ÔÄ»ÔÄ»[21/41]ÔÄ»[22m[39m

[31m[1m[7m FAIL [27m[22m[39m tests/unit/composables/useLawyer.test.ts[2m > [22museLawyer Composable[2m > [22mGet Lawyer by ID[2m > [22mshould handle not found error
[31m[1mReferenceError[22m: useApi is not defined[39m
[36m [2mÔØ»[22m Module.useLawyer composables/useLawyer.ts:[2m11:24[22m[39m
    [90m  9| [39m
    [90m 10| [39m[35mexport[39m [35mconst[39m useLawyer [33m=[39m () [33m=>[39m {
    [90m 11| [39m  [35mconst[39m { apiFetch } [33m=[39m [34museApi[39m()[33m;[39m
    [90m   | [39m                       [31m^[39m
    [90m 12| [39m
    [90m 13| [39m
[90m [2mÔØ»[22m tests/unit/composables/useLawyer.test.ts:[2m152:29[22m[39m

[31m[2mÔÄ»ÔÄ»ÔÄ»ÔÄ»ÔÄ»ÔÄ»ÔÄ»ÔÄ»ÔÄ»ÔÄ»ÔÄ»ÔÄ»ÔÄ»ÔÄ»ÔÄ»ÔÄ»ÔÄ»ÔÄ»ÔÄ»ÔÄ»ÔÄ»ÔÄ»[22/41]ÔÄ»[22m[39m

[31m[1m[7m FAIL [27m[22m[39m tests/unit/composables/useLawyer.test.ts[2m > [22museLawyer Composable[2m > [22mLawyer Requests[2m > [22mshould create lawyer request 
successfully
[31m[1mReferenceError[22m: useApi is not defined[39m
[36m [2mÔØ»[22m Module.useLawyer composables/useLawyer.ts:[2m11:24[22m[39m
    [90m  9| [39m
    [90m 10| [39m[35mexport[39m [35mconst[39m useLawyer [33m=[39m () [33m=>[39m {
    [90m 11| [39m  [35mconst[39m { apiFetch } [33m=[39m [34museApi[39m()[33m;[39m
    [90m   | [39m                       [31m^[39m
    [90m 12| [39m
    [90m 13| [39m
[90m [2mÔØ»[22m tests/unit/composables/useLawyer.test.ts:[2m161:39[22m[39m

[31m[2mÔÄ»ÔÄ»ÔÄ»ÔÄ»ÔÄ»ÔÄ»ÔÄ»ÔÄ»ÔÄ»ÔÄ»ÔÄ»ÔÄ»ÔÄ»ÔÄ»ÔÄ»ÔÄ»ÔÄ»ÔÄ»ÔÄ»ÔÄ»ÔÄ»ÔÄ»[23/41]ÔÄ»[22m[39m

[31m[1m[7m FAIL [27m[22m[39m tests/unit/composables/useLawyer.test.ts[2m > [22museLawyer Composable[2m > [22mLawyer Requests[2m > [22mshould handle validation errors
[31m[1mReferenceError[22m: useApi is not defined[39m
[36m [2mÔØ»[22m Module.useLawyer composables/useLawyer.ts:[2m11:24[22m[39m
    [90m  9| [39m
    [90m 10| [39m[35mexport[39m [35mconst[39m useLawyer [33m=[39m () [33m=>[39m {
    [90m 11| [39m  [35mconst[39m { apiFetch } [33m=[39m [34museApi[39m()[33m;[39m
    [90m   | [39m                       [31m^[39m
    [90m 12| [39m
    [90m 13| [39m
[90m [2mÔØ»[22m tests/unit/composables/useLawyer.test.ts:[2m179:39[22m[39m

[31m[2mÔÄ»ÔÄ»ÔÄ»ÔÄ»ÔÄ»ÔÄ»ÔÄ»ÔÄ»ÔÄ»ÔÄ»ÔÄ»ÔÄ»ÔÄ»ÔÄ»ÔÄ»ÔÄ»ÔÄ»ÔÄ»ÔÄ»ÔÄ»ÔÄ»ÔÄ»[24/41]ÔÄ»[22m[39m

[31m[1m[7m FAIL [27m[22m[39m tests/unit/composables/useLawyer.test.ts[2m > [22museLawyer Composable[2m > [22mUpdate Lawyer Profile[2m > [22mshould update profile 
successfully
[31m[1mReferenceError[22m: useApi is not defined[39m
[36m [2mÔØ»[22m Module.useLawyer composables/useLawyer.ts:[2m11:24[22m[39m
    [90m  9| [39m
    [90m 10| [39m[35mexport[39m [35mconst[39m useLawyer [33m=[39m () [33m=>[39m {
    [90m 11| [39m  [35mconst[39m { apiFetch } [33m=[39m [34museApi[39m()[33m;[39m
    [90m   | [39m                       [31m^[39m
    [90m 12| [39m
    [90m 13| [39m
[90m [2mÔØ»[22m tests/unit/composables/useLawyer.test.ts:[2m215:39[22m[39m

[31m[2mÔÄ»ÔÄ»ÔÄ»ÔÄ»ÔÄ»ÔÄ»ÔÄ»ÔÄ»ÔÄ»ÔÄ»ÔÄ»ÔÄ»ÔÄ»ÔÄ»ÔÄ»ÔÄ»ÔÄ»ÔÄ»ÔÄ»ÔÄ»ÔÄ»ÔÄ»[25/41]ÔÄ»[22m[39m

[31m[1m[7m FAIL [27m[22m[39m tests/unit/composables/useLawyer.test.ts[2m > [22museLawyer Composable[2m > [22mLawyer Availability[2m > [22mshould check lawyer 
availability
[31m[1mReferenceError[22m: useApi is not defined[39m
[36m [2mÔØ»[22m Module.useLawyer composables/useLawyer.ts:[2m11:24[22m[39m
    [90m  9| [39m
    [90m 10| [39m[35mexport[39m [35mconst[39m useLawyer [33m=[39m () [33m=>[39m {
    [90m 11| [39m  [35mconst[39m { apiFetch } [33m=[39m [34museApi[39m()[33m;[39m
    [90m   | [39m                       [31m^[39m
    [90m 12| [39m
    [90m 13| [39m
[90m [2mÔØ»[22m tests/unit/composables/useLawyer.test.ts:[2m231:37[22m[39m

[31m[2mÔÄ»ÔÄ»ÔÄ»ÔÄ»ÔÄ»ÔÄ»ÔÄ»ÔÄ»ÔÄ»ÔÄ»ÔÄ»ÔÄ»ÔÄ»ÔÄ»ÔÄ»ÔÄ»ÔÄ»ÔÄ»ÔÄ»ÔÄ»ÔÄ»ÔÄ»[26/41]ÔÄ»[22m[39m

[31m[1m[7m FAIL [27m[22m[39m tests/unit/composables/useLawyer.test.ts[2m > [22museLawyer Composable[2m > [22mLawyer Availability[2m > [22mshould handle unavailable 
slots
[31m[1mReferenceError[22m: useApi is not defined[39m
[36m [2mÔØ»[22m Module.useLawyer composables/useLawyer.ts:[2m11:24[22m[39m
    [90m  9| [39m
    [90m 10| [39m[35mexport[39m [35mconst[39m useLawyer [33m=[39m () [33m=>[39m {
    [90m 11| [39m  [35mconst[39m { apiFetch } [33m=[39m [34museApi[39m()[33m;[39m
    [90m   | [39m                       [31m^[39m
    [90m 12| [39m
    [90m 13| [39m
[90m [2mÔØ»[22m tests/unit/composables/useLawyer.test.ts:[2m245:37[22m[39m

[31m[2mÔÄ»ÔÄ»ÔÄ»ÔÄ»ÔÄ»ÔÄ»ÔÄ»ÔÄ»ÔÄ»ÔÄ»ÔÄ»ÔÄ»ÔÄ»ÔÄ»ÔÄ»ÔÄ»ÔÄ»ÔÄ»ÔÄ»ÔÄ»ÔÄ»ÔÄ»[27/41]ÔÄ»[22m[39m

[31m[1m[7m FAIL [27m[22m[39m tests/unit/composables/useLawyer.test.ts[2m > [22museLawyer Composable[2m > [22mEdge Cases[2m > [22mshould handle empty lawyers list
[31m[1mReferenceError[22m: useApi is not defined[39m
[36m [2mÔØ»[22m Module.useLawyer composables/useLawyer.ts:[2m11:24[22m[39m
    [90m  9| [39m
    [90m 10| [39m[35mexport[39m [35mconst[39m useLawyer [33m=[39m () [33m=>[39m {
    [90m 11| [39m  [35mconst[39m { apiFetch } [33m=[39m [34museApi[39m()[33m;[39m
    [90m   | [39m                       [31m^[39m
    [90m 12| [39m
    [90m 13| [39m
[90m [2mÔØ»[22m tests/unit/composables/useLawyer.test.ts:[2m289:30[22m[39m

[31m[2mÔÄ»ÔÄ»ÔÄ»ÔÄ»ÔÄ»ÔÄ»ÔÄ»ÔÄ»ÔÄ»ÔÄ»ÔÄ»ÔÄ»ÔÄ»ÔÄ»ÔÄ»ÔÄ»ÔÄ»ÔÄ»ÔÄ»ÔÄ»ÔÄ»ÔÄ»[28/41]ÔÄ»[22m[39m

[31m[1m[7m FAIL [27m[22m[39m tests/unit/composables/useLawyer.test.ts[2m > [22museLawyer Composable[2m > [22mEdge Cases[2m > [22mshould handle unauthorized access
[31m[1mReferenceError[22m: useApi is not defined[39m
[36m [2mÔØ»[22m Module.useLawyer composables/useLawyer.ts:[2m11:24[22m[39m
    [90m  9| [39m
    [90m 10| [39m[35mexport[39m [35mconst[39m useLawyer [33m=[39m () [33m=>[39m {
    [90m 11| [39m  [35mconst[39m { apiFetch } [33m=[39m [34museApi[39m()[33m;[39m
    [90m   | [39m                       [31m^[39m
    [90m 12| [39m
    [90m 13| [39m
[90m [2mÔØ»[22m tests/unit/composables/useLawyer.test.ts:[2m307:30[22m[39m

[31m[2mÔÄ»ÔÄ»ÔÄ»ÔÄ»ÔÄ»ÔÄ»ÔÄ»ÔÄ»ÔÄ»ÔÄ»ÔÄ»ÔÄ»ÔÄ»ÔÄ»ÔÄ»ÔÄ»ÔÄ»ÔÄ»ÔÄ»ÔÄ»ÔÄ»ÔÄ»[29/41]ÔÄ»[22m[39m

[31m[1m[7m FAIL [27m[22m[39m tests/unit/stores/notifications.store.test.ts[2m > [22mNotifications Store[2m > [22mNotification Retrieval[2m > [22mshould fetch 
notifications successfully
[31m[1mReferenceError[22m: useCase is not defined[39m
[36m [2mÔØ»[22m Proxy.fetchNotifications stores/notifications.ts:[2m60:36[22m[39m
    [90m 58| [39m    [35masync[39m [34mfetchNotifications[39m() {
    [90m 59| [39m      [35mconst[39m authStore [33m=[39m [34museAuthStore[39m()[33m;[39m
    [90m 60| [39m      [35mconst[39m { getPendingOffers } [33m=[39m [34museCase[39m()[33m;[39m
    [90m   | [39m                                   [31m^[39m
    [90m 61| [39m
    [90m 62| [39m      [35mif[39m ([33m![39mauthStore[33m.[39misAuthenticated [33m||[39m [33m![39mauthStore[33m.[39muser) [35mreturn[39m[33m;[39m
[90m [2mÔØ»[22m Proxy.wrappedAction node_modules/pinia/dist/pinia.mjs:[2m1399:26[22m[39m
[90m [2mÔØ»[22m tests/unit/stores/notifications.store.test.ts:[2m53:19[22m[39m

[31m[2mÔÄ»ÔÄ»ÔÄ»ÔÄ»ÔÄ»ÔÄ»ÔÄ»ÔÄ»ÔÄ»ÔÄ»ÔÄ»ÔÄ»ÔÄ»ÔÄ»ÔÄ»ÔÄ»ÔÄ»ÔÄ»ÔÄ»ÔÄ»ÔÄ»ÔÄ»[30/41]ÔÄ»[22m[39m

[31m[1m[7m FAIL [27m[22m[39m tests/unit/stores/notifications.store.test.ts[2m > [22mNotifications Store[2m > [22mNotification Retrieval[2m > [22mshould handle fetch 
errors gracefully
[31m[1mReferenceError[22m: useCase is not defined[39m
[36m [2mÔØ»[22m Proxy.fetchNotifications stores/notifications.ts:[2m60:36[22m[39m
    [90m 58| [39m    [35masync[39m [34mfetchNotifications[39m() {
    [90m 59| [39m      [35mconst[39m authStore [33m=[39m [34museAuthStore[39m()[33m;[39m
    [90m 60| [39m      [35mconst[39m { getPendingOffers } [33m=[39m [34museCase[39m()[33m;[39m
    [90m   | [39m                                   [31m^[39m
    [90m 61| [39m
    [90m 62| [39m      [35mif[39m ([33m![39mauthStore[33m.[39misAuthenticated [33m||[39m [33m![39mauthStore[33m.[39muser) [35mreturn[39m[33m;[39m
[90m [2mÔØ»[22m Proxy.wrappedAction node_modules/pinia/dist/pinia.mjs:[2m1399:26[22m[39m
[90m [2mÔØ»[22m tests/unit/stores/notifications.store.test.ts:[2m63:19[22m[39m

[31m[2mÔÄ»ÔÄ»ÔÄ»ÔÄ»ÔÄ»ÔÄ»ÔÄ»ÔÄ»ÔÄ»ÔÄ»ÔÄ»ÔÄ»ÔÄ»ÔÄ»ÔÄ»ÔÄ»ÔÄ»ÔÄ»ÔÄ»ÔÄ»ÔÄ»ÔÄ»[31/41]ÔÄ»[22m[39m

[31m[1m[7m FAIL [27m[22m[39m tests/unit/stores/notifications.store.test.ts[2m > [22mNotifications Store[2m > [22mNotification Retrieval[2m > [22mshould set loading 
state during fetch
[31m[1mReferenceError[22m: useCase is not defined[39m
[36m [2mÔØ»[22m Proxy.fetchNotifications stores/notifications.ts:[2m60:36[22m[39m
    [90m 58| [39m    [35masync[39m [34mfetchNotifications[39m() {
    [90m 59| [39m      [35mconst[39m authStore [33m=[39m [34museAuthStore[39m()[33m;[39m
    [90m 60| [39m      [35mconst[39m { getPendingOffers } [33m=[39m [34museCase[39m()[33m;[39m
    [90m   | [39m                                   [31m^[39m
    [90m 61| [39m
    [90m 62| [39m      [35mif[39m ([33m![39mauthStore[33m.[39misAuthenticated [33m||[39m [33m![39mauthStore[33m.[39muser) [35mreturn[39m[33m;[39m
[90m [2mÔØ»[22m Proxy.wrappedAction node_modules/pinia/dist/pinia.mjs:[2m1399:26[22m[39m
[90m [2mÔØ»[22m tests/unit/stores/notifications.store.test.ts:[2m79:19[22m[39m

[31m[2mÔÄ»ÔÄ»ÔÄ»ÔÄ»ÔÄ»ÔÄ»ÔÄ»ÔÄ»ÔÄ»ÔÄ»ÔÄ»ÔÄ»ÔÄ»ÔÄ»ÔÄ»ÔÄ»ÔÄ»ÔÄ»ÔÄ»ÔÄ»ÔÄ»ÔÄ»[32/41]ÔÄ»[22m[39m

[31m[1m[7m FAIL [27m[22m[39m tests/unit/stores/notifications.store.test.ts[2m > [22mNotifications Store[2m > [22mUnread Count[2m > [22mshould calculate unread count 
correctly
[31m[1mReferenceError[22m: useCase is not defined[39m
[36m [2mÔØ»[22m Proxy.fetchNotifications stores/notifications.ts:[2m60:36[22m[39m
    [90m 58| [39m    [35masync[39m [34mfetchNotifications[39m() {
    [90m 59| [39m      [35mconst[39m authStore [33m=[39m [34museAuthStore[39m()[33m;[39m
    [90m 60| [39m      [35mconst[39m { getPendingOffers } [33m=[39m [34museCase[39m()[33m;[39m
    [90m   | [39m                                   [31m^[39m
    [90m 61| [39m
    [90m 62| [39m      [35mif[39m ([33m![39mauthStore[33m.[39misAuthenticated [33m||[39m [33m![39mauthStore[33m.[39muser) [35mreturn[39m[33m;[39m
[90m [2mÔØ»[22m Proxy.wrappedAction node_modules/pinia/dist/pinia.mjs:[2m1399:26[22m[39m
[90m [2mÔØ»[22m tests/unit/stores/notifications.store.test.ts:[2m96:19[22m[39m

[31m[2mÔÄ»ÔÄ»ÔÄ»ÔÄ»ÔÄ»ÔÄ»ÔÄ»ÔÄ»ÔÄ»ÔÄ»ÔÄ»ÔÄ»ÔÄ»ÔÄ»ÔÄ»ÔÄ»ÔÄ»ÔÄ»ÔÄ»ÔÄ»ÔÄ»ÔÄ»[33/41]ÔÄ»[22m[39m

[31m[1m[7m FAIL [27m[22m[39m tests/unit/stores/notifications.store.test.ts[2m > [22mNotifications Store[2m > [22mUnread Count[2m > [22mshould return zero when all 
notifications are read
[31m[1mReferenceError[22m: useCase is not defined[39m
[36m [2mÔØ»[22m Proxy.fetchNotifications stores/notifications.ts:[2m60:36[22m[39m
    [90m 58| [39m    [35masync[39m [34mfetchNotifications[39m() {
    [90m 59| [39m      [35mconst[39m authStore [33m=[39m [34museAuthStore[39m()[33m;[39m
    [90m 60| [39m      [35mconst[39m { getPendingOffers } [33m=[39m [34museCase[39m()[33m;[39m
    [90m   | [39m                                   [31m^[39m
    [90m 61| [39m
    [90m 62| [39m      [35mif[39m ([33m![39mauthStore[33m.[39misAuthenticated [33m||[39m [33m![39mauthStore[33m.[39muser) [35mreturn[39m[33m;[39m
[90m [2mÔØ»[22m Proxy.wrappedAction node_modules/pinia/dist/pinia.mjs:[2m1399:26[22m[39m
[90m [2mÔØ»[22m tests/unit/stores/notifications.store.test.ts:[2m110:19[22m[39m

[31m[2mÔÄ»ÔÄ»ÔÄ»ÔÄ»ÔÄ»ÔÄ»ÔÄ»ÔÄ»ÔÄ»ÔÄ»ÔÄ»ÔÄ»ÔÄ»ÔÄ»ÔÄ»ÔÄ»ÔÄ»ÔÄ»ÔÄ»ÔÄ»ÔÄ»ÔÄ»[34/41]ÔÄ»[22m[39m

[31m[1m[7m FAIL [27m[22m[39m tests/unit/stores/notifications.store.test.ts[2m > [22mNotifications Store[2m > [22mMark as Read[2m > [22mshould mark a notification as 
read
[31m[1mReferenceError[22m: useCase is not defined[39m
[36m [2mÔØ»[22m Proxy.fetchNotifications stores/notifications.ts:[2m60:36[22m[39m
    [90m 58| [39m    [35masync[39m [34mfetchNotifications[39m() {
    [90m 59| [39m      [35mconst[39m authStore [33m=[39m [34museAuthStore[39m()[33m;[39m
    [90m 60| [39m      [35mconst[39m { getPendingOffers } [33m=[39m [34museCase[39m()[33m;[39m
    [90m   | [39m                                   [31m^[39m
    [90m 61| [39m
    [90m 62| [39m      [35mif[39m ([33m![39mauthStore[33m.[39misAuthenticated [33m||[39m [33m![39mauthStore[33m.[39muser) [35mreturn[39m[33m;[39m
[90m [2mÔØ»[22m Proxy.wrappedAction node_modules/pinia/dist/pinia.mjs:[2m1399:26[22m[39m
[90m [2mÔØ»[22m tests/unit/stores/notifications.store.test.ts:[2m125:19[22m[39m

[31m[2mÔÄ»ÔÄ»ÔÄ»ÔÄ»ÔÄ»ÔÄ»ÔÄ»ÔÄ»ÔÄ»ÔÄ»ÔÄ»ÔÄ»ÔÄ»ÔÄ»ÔÄ»ÔÄ»ÔÄ»ÔÄ»ÔÄ»ÔÄ»ÔÄ»ÔÄ»[35/41]ÔÄ»[22m[39m

[31m[1m[7m FAIL [27m[22m[39m tests/unit/stores/notifications.store.test.ts[2m > [22mNotifications Store[2m > [22mFilter Notifications[2m > [22mshould filter by read 
status
[31m[1mReferenceError[22m: useCase is not defined[39m
[36m [2mÔØ»[22m Proxy.fetchNotifications stores/notifications.ts:[2m60:36[22m[39m
    [90m 58| [39m    [35masync[39m [34mfetchNotifications[39m() {
    [90m 59| [39m      [35mconst[39m authStore [33m=[39m [34museAuthStore[39m()[33m;[39m
    [90m 60| [39m      [35mconst[39m { getPendingOffers } [33m=[39m [34museCase[39m()[33m;[39m
    [90m   | [39m                                   [31m^[39m
    [90m 61| [39m
    [90m 62| [39m      [35mif[39m ([33m![39mauthStore[33m.[39misAuthenticated [33m||[39m [33m![39mauthStore[33m.[39muser) [35mreturn[39m[33m;[39m
[90m [2mÔØ»[22m Proxy.wrappedAction node_modules/pinia/dist/pinia.mjs:[2m1399:26[22m[39m
[90m [2mÔØ»[22m tests/unit/stores/notifications.store.test.ts:[2m197:19[22m[39m

[31m[2mÔÄ»ÔÄ»ÔÄ»ÔÄ»ÔÄ»ÔÄ»ÔÄ»ÔÄ»ÔÄ»ÔÄ»ÔÄ»ÔÄ»ÔÄ»ÔÄ»ÔÄ»ÔÄ»ÔÄ»ÔÄ»ÔÄ»ÔÄ»ÔÄ»ÔÄ»[36/41]ÔÄ»[22m[39m

[31m[1m[7m FAIL [27m[22m[39m tests/unit/stores/notifications.store.test.ts[2m > [22mNotifications Store[2m > [22mFilter Notifications[2m > [22mshould filter by 
notification type
[31m[1mReferenceError[22m: useCase is not defined[39m
[36m [2mÔØ»[22m Proxy.fetchNotifications stores/notifications.ts:[2m60:36[22m[39m
    [90m 58| [39m    [35masync[39m [34mfetchNotifications[39m() {
    [90m 59| [39m      [35mconst[39m authStore [33m=[39m [34museAuthStore[39m()[33m;[39m
    [90m 60| [39m      [35mconst[39m { getPendingOffers } [33m=[39m [34museCase[39m()[33m;[39m
    [90m   | [39m                                   [31m^[39m
    [90m 61| [39m
    [90m 62| [39m      [35mif[39m ([33m![39mauthStore[33m.[39misAuthenticated [33m||[39m [33m![39mauthStore[33m.[39muser) [35mreturn[39m[33m;[39m
[90m [2mÔØ»[22m Proxy.wrappedAction node_modules/pinia/dist/pinia.mjs:[2m1399:26[22m[39m
[90m [2mÔØ»[22m tests/unit/stores/notifications.store.test.ts:[2m213:19[22m[39m

[31m[2mÔÄ»ÔÄ»ÔÄ»ÔÄ»ÔÄ»ÔÄ»ÔÄ»ÔÄ»ÔÄ»ÔÄ»ÔÄ»ÔÄ»ÔÄ»ÔÄ»ÔÄ»ÔÄ»ÔÄ»ÔÄ»ÔÄ»ÔÄ»ÔÄ»ÔÄ»[37/41]ÔÄ»[22m[39m

[31m[1m[7m FAIL [27m[22m[39m tests/unit/stores/notifications.store.test.ts[2m > [22mNotifications Store[2m > [22mMark All as Read[2m > [22mshould mark all 
notifications as read
[31m[1mReferenceError[22m: useCase is not defined[39m
[36m [2mÔØ»[22m Proxy.fetchNotifications stores/notifications.ts:[2m60:36[22m[39m
    [90m 58| [39m    [35masync[39m [34mfetchNotifications[39m() {
    [90m 59| [39m      [35mconst[39m authStore [33m=[39m [34museAuthStore[39m()[33m;[39m
    [90m 60| [39m      [35mconst[39m { getPendingOffers } [33m=[39m [34museCase[39m()[33m;[39m
    [90m   | [39m                                   [31m^[39m
    [90m 61| [39m
    [90m 62| [39m      [35mif[39m ([33m![39mauthStore[33m.[39misAuthenticated [33m||[39m [33m![39mauthStore[33m.[39muser) [35mreturn[39m[33m;[39m
[90m [2mÔØ»[22m Proxy.wrappedAction node_modules/pinia/dist/pinia.mjs:[2m1399:26[22m[39m
[90m [2mÔØ»[22m tests/unit/stores/notifications.store.test.ts:[2m231:19[22m[39m

[31m[2mÔÄ»ÔÄ»ÔÄ»ÔÄ»ÔÄ»ÔÄ»ÔÄ»ÔÄ»ÔÄ»ÔÄ»ÔÄ»ÔÄ»ÔÄ»ÔÄ»ÔÄ»ÔÄ»ÔÄ»ÔÄ»ÔÄ»ÔÄ»ÔÄ»ÔÄ»[38/41]ÔÄ»[22m[39m

[31m[1m[7m FAIL [27m[22m[39m tests/unit/stores/notifications.store.test.ts[2m > [22mNotifications Store[2m > [22mDelete Notification[2m > [22mshould delete a 
notification
[31m[1mReferenceError[22m: useCase is not defined[39m
[36m [2mÔØ»[22m Proxy.fetchNotifications stores/notifications.ts:[2m60:36[22m[39m
    [90m 58| [39m    [35masync[39m [34mfetchNotifications[39m() {
    [90m 59| [39m      [35mconst[39m authStore [33m=[39m [34museAuthStore[39m()[33m;[39m
    [90m 60| [39m      [35mconst[39m { getPendingOffers } [33m=[39m [34museCase[39m()[33m;[39m
    [90m   | [39m                                   [31m^[39m
    [90m 61| [39m
    [90m 62| [39m      [35mif[39m ([33m![39mauthStore[33m.[39misAuthenticated [33m||[39m [33m![39mauthStore[33m.[39muser) [35mreturn[39m[33m;[39m
[90m [2mÔØ»[22m Proxy.wrappedAction node_modules/pinia/dist/pinia.mjs:[2m1399:26[22m[39m
[90m [2mÔØ»[22m tests/unit/stores/notifications.store.test.ts:[2m252:19[22m[39m

[31m[2mÔÄ»ÔÄ»ÔÄ»ÔÄ»ÔÄ»ÔÄ»ÔÄ»ÔÄ»ÔÄ»ÔÄ»ÔÄ»ÔÄ»ÔÄ»ÔÄ»ÔÄ»ÔÄ»ÔÄ»ÔÄ»ÔÄ»ÔÄ»ÔÄ»ÔÄ»[39/41]ÔÄ»[22m[39m

[31m[1m[7m FAIL [27m[22m[39m tests/unit/stores/notifications.store.test.ts[2m > [22mNotifications Store[2m > [22mEdge Cases[2m > [22mshould handle empty 
notifications array
[31m[1mReferenceError[22m: useCase is not defined[39m
[36m [2mÔØ»[22m Proxy.fetchNotifications stores/notifications.ts:[2m60:36[22m[39m
    [90m 58| [39m    [35masync[39m [34mfetchNotifications[39m() {
    [90m 59| [39m      [35mconst[39m authStore [33m=[39m [34museAuthStore[39m()[33m;[39m
    [90m 60| [39m      [35mconst[39m { getPendingOffers } [33m=[39m [34museCase[39m()[33m;[39m
    [90m   | [39m                                   [31m^[39m
    [90m 61| [39m
    [90m 62| [39m      [35mif[39m ([33m![39mauthStore[33m.[39misAuthenticated [33m||[39m [33m![39mauthStore[33m.[39muser) [35mreturn[39m[33m;[39m
[90m [2mÔØ»[22m Proxy.wrappedAction node_modules/pinia/dist/pinia.mjs:[2m1399:26[22m[39m
[90m [2mÔØ»[22m tests/unit/stores/notifications.store.test.ts:[2m268:19[22m[39m

[31m[2mÔÄ»ÔÄ»ÔÄ»ÔÄ»ÔÄ»ÔÄ»ÔÄ»ÔÄ»ÔÄ»ÔÄ»ÔÄ»ÔÄ»ÔÄ»ÔÄ»ÔÄ»ÔÄ»ÔÄ»ÔÄ»ÔÄ»ÔÄ»ÔÄ»ÔÄ»[40/41]ÔÄ»[22m[39m

[31m[1m[7m FAIL [27m[22m[39m tests/unit/stores/notifications.store.test.ts[2m > [22mNotifications Store[2m > [22mEdge Cases[2m > [22mshould handle concurrent 
notification fetches
[31m[1mReferenceError[22m: useCase is not defined[39m
[36m [2mÔØ»[22m Proxy.fetchNotifications stores/notifications.ts:[2m60:36[22m[39m
    [90m 58| [39m    [35masync[39m [34mfetchNotifications[39m() {
    [90m 59| [39m      [35mconst[39m authStore [33m=[39m [34museAuthStore[39m()[33m;[39m
    [90m 60| [39m      [35mconst[39m { getPendingOffers } [33m=[39m [34museCase[39m()[33m;[39m
    [90m   | [39m                                   [31m^[39m
    [90m 61| [39m
    [90m 62| [39m      [35mif[39m ([33m![39mauthStore[33m.[39misAuthenticated [33m||[39m [33m![39mauthStore[33m.[39muser) [35mreturn[39m[33m;[39m
[90m [2mÔØ»[22m Proxy.wrappedAction node_modules/pinia/dist/pinia.mjs:[2m1399:26[22m[39m
[90m [2mÔØ»[22m tests/unit/stores/notifications.store.test.ts:[2m286:30[22m[39m

[31m[2mÔÄ»ÔÄ»ÔÄ»ÔÄ»ÔÄ»ÔÄ»ÔÄ»ÔÄ»ÔÄ»ÔÄ»ÔÄ»ÔÄ»ÔÄ»ÔÄ»ÔÄ»ÔÄ»ÔÄ»ÔÄ»ÔÄ»ÔÄ»ÔÄ»ÔÄ»[41/41]ÔÄ»[22m[39m

[2m Test Files [22m [1m[31m6 failed[39m[22m[2m | [22m[1m[32m2 passed[39m[22m[90m (8)[39m
[2m      Tests [22m [1m[31m41 failed[39m[22m[2m | [22m[1m[32m106 passed[39m[22m[90m (147)[39m
[2m   Start at [22m 16:05:09
[2m   Duration [22m 1.72s


[1m[7m[31m FAIL [39m[27m[22m[31m Tests failed. Watching for file changes...[39m
       [2mpress [22m[1mh[22m[2m to show help[22m[2m, [22m[2mpress [22m[1mq[22m[2m to quit[22m
[3Jc
[7m[1m[34m RERUN [39m[22m[27m[2m rerun all tests[22m

 [33mÔØ»[39m tests/unit/composables/useClient.test.ts [2m ([22m[2m14 tests[22m [2m|[22m [31m7 failed[39m[2m)[22m[90m 28[2mms[22m[39m
[31m   [33mÔØ»[31m tests/unit/composables/useClient.test.ts[2m > [22museClient Composable[2m > [22mGet Client[2m > [22mshould fetch client by ID[39m
[31m     ÔåÆ useApi is not defined[39m
[31m   [33mÔØ»[31m tests/unit/composables/useClient.test.ts[2m > [22museClient Composable[2m > [22mGet Client[2m > [22mshould handle not found error[39m
[31m     ÔåÆ useApi is not defined[39m
[31m   [33mÔØ»[31m tests/unit/composables/useClient.test.ts[2m > [22museClient Composable[2m > [22mCreate Client[2m > [22mshould create client successfully[39m
[31m     ÔåÆ useApi is not defined[39m
[31m   [33mÔØ»[31m tests/unit/composables/useClient.test.ts[2m > [22museClient Composable[2m > [22mCreate Client[2m > [22mshould handle duplicate email error[39m
[31m     ÔåÆ useApi is not defined[39m
[31m   [33mÔØ»[31m tests/unit/composables/useClient.test.ts[2m > [22museClient Composable[2m > [22mUpdate Client[2m > [22mshould update client successfully[39m
[31m     ÔåÆ useApi is not defined[39m
[31m   [33mÔØ»[31m tests/unit/composables/useClient.test.ts[2m > [22museClient Composable[2m > [22mDelete Client[2m > [22mshould delete client successfully[39m
[31m     ÔåÆ useApi is not defined[39m
[31m   [33mÔØ»[31m tests/unit/composables/useClient.test.ts[2m > [22museClient Composable[2m > [22mEdge Cases[2m > [22mshould handle empty client list[39m
[31m     ÔåÆ useApi is not defined[39m
 [33mÔØ»[39m tests/unit/composables/useCase.test.ts [2m ([22m[2m9 tests[22m [2m|[22m [31m2 failed[39m[2m)[22m[90m 29[2mms[22m[39m
[31m   [33mÔØ»[31m tests/unit/composables/useCase.test.ts[2m > [22museCase Composable[2m > [22mGet Cases[2m > [22mshould fetch all cases[39m
[31m     ÔåÆ expected { success: true, ÔÇª(2) } to have property 'length'[39m
[31m   [33mÔØ»[31m tests/unit/composables/useCase.test.ts[2m > [22museCase Composable[2m > [22mEdge Cases[2m > [22mshould handle empty cases list[39m
[31m     ÔåÆ expected { success: true, data: [], ÔÇª(1) } to deeply equal [][39m
[90mstderr[2m | tests/unit/composables/useCase.test.ts[2m > [22m[2museCase Composable[2m > [22m[2mCreate Case[2m > [22m[2mshould handle validation errors[22m[39m
Error creating case: Error: Validation error
    at Module.mockFetchError [90m(C:\Users\ahmat\OneDrive\Bureau\Application-de-gestion-juridique\frontend\[39mtests\helpers\test-utils.ts:67:22[90m)[39m
    at [90mC:\Users\ahmat\OneDrive\Bureau\Application-de-gestion-juridique\frontend\[39mtests\unit\composables\useCase.test.ts:47:7
    at [90mfile:///C:/Users/ahmat/OneDrive/Bureau/Application-de-gestion-juridique/frontend/[39mnode_modules/[4m@vitest[24m/runner/dist/index.js:135:14
    at [90mfile:///C:/Users/ahmat/OneDrive/Bureau/Application-de-gestion-juridique/frontend/[39mnode_modules/[4m@vitest[24m/runner/dist/index.js:60:26
    at runTest [90m(file:///C:/Users/ahmat/OneDrive/Bureau/Application-de-gestion-juridique/frontend/[39mnode_modules/[4m@vitest[24m/runner/dist/index.js:781:17[90m)[39m
    at runSuite [90m(file:///C:/Users/ahmat/OneDrive/Bureau/Application-de-gestion-juridique/frontend/[39mnode_modules/[4m@vitest[24m/runner/dist/index.js:909:15[90m)[39m
    at runSuite [90m(file:///C:/Users/ahmat/OneDrive/Bureau/Application-de-gestion-juridique/frontend/[39mnode_modules/[4m@vitest[24m/runner/dist/index.js:909:15[90m)[39m
    at runSuite [90m(file:///C:/Users/ahmat/OneDrive/Bureau/Application-de-gestion-juridique/frontend/[39mnode_modules/[4m@vitest[24m/runner/dist/index.js:909:15[90m)[39m
    at runFiles [90m(file:///C:/Users/ahmat/OneDrive/Bureau/Application-de-gestion-juridique/frontend/[39mnode_modules/[4m@vitest[24m/runner/dist/index.js:958:5[90m)[39m
    at startTests [90m(file:///C:/Users/ahmat/OneDrive/Bureau/Application-de-gestion-juridique/frontend/[39mnode_modules/[4m@vitest[24m/runner/dist/index.js:967:3[90m)[39m 
{
  status: [33m400[39m,
  statusCode: [33m400[39m,
  data: { message: [32m'Validation error'[39m }
}

[90mstderr[2m | tests/unit/composables/useCase.test.ts[2m > [22m[2museCase Composable[2m > [22m[2mEdge Cases[2m > [22m[2mshould handle unauthorized access[22m[39m
Error fetching cases: Error: Unauthorized
    at Module.mockFetchError [90m(C:\Users\ahmat\OneDrive\Bureau\Application-de-gestion-juridique\frontend\[39mtests\helpers\test-utils.ts:67:22[90m)[39m
    at [90mC:\Users\ahmat\OneDrive\Bureau\Application-de-gestion-juridique\frontend\[39mtests\unit\composables\useCase.test.ts:129:7
    at [90mfile:///C:/Users/ahmat/OneDrive/Bureau/Application-de-gestion-juridique/frontend/[39mnode_modules/[4m@vitest[24m/runner/dist/index.js:135:14
    at [90mfile:///C:/Users/ahmat/OneDrive/Bureau/Application-de-gestion-juridique/frontend/[39mnode_modules/[4m@vitest[24m/runner/dist/index.js:60:26
    at runTest [90m(file:///C:/Users/ahmat/OneDrive/Bureau/Application-de-gestion-juridique/frontend/[39mnode_modules/[4m@vitest[24m/runner/dist/index.js:781:17[90m)[39m
    at runSuite [90m(file:///C:/Users/ahmat/OneDrive/Bureau/Application-de-gestion-juridique/frontend/[39mnode_modules/[4m@vitest[24m/runner/dist/index.js:909:15[90m)[39m
    at runSuite [90m(file:///C:/Users/ahmat/OneDrive/Bureau/Application-de-gestion-juridique/frontend/[39mnode_modules/[4m@vitest[24m/runner/dist/index.js:909:15[90m)[39m
    at runSuite [90m(file:///C:/Users/ahmat/OneDrive/Bureau/Application-de-gestion-juridique/frontend/[39mnode_modules/[4m@vitest[24m/runner/dist/index.js:909:15[90m)[39m
    at runFiles [90m(file:///C:/Users/ahmat/OneDrive/Bureau/Application-de-gestion-juridique/frontend/[39mnode_modules/[4m@vitest[24m/runner/dist/index.js:958:5[90m)[39m
    at startTests [90m(file:///C:/Users/ahmat/OneDrive/Bureau/Application-de-gestion-juridique/frontend/[39mnode_modules/[4m@vitest[24m/runner/dist/index.js:967:3[90m)[39m 
{
  status: [33m401[39m,
  statusCode: [33m401[39m,
  data: { message: [32m'Unauthorized'[39m }
}

 [33mÔØ»[39m tests/unit/composables/useLawyer.test.ts [2m ([22m[2m22 tests[22m [2m|[22m [31m11 failed[39m[2m)[22m[90m 36[2mms[22m[39m
[31m   [33mÔØ»[31m tests/unit/composables/useLawyer.test.ts[2m > [22museLawyer Composable[2m > [22mGet Lawyers[2m > [22mshould fetch all lawyers[39m
[31m     ÔåÆ useApi is not defined[39m
[31m   [33mÔØ»[31m tests/unit/composables/useLawyer.test.ts[2m > [22museLawyer Composable[2m > [22mGet Lawyers[2m > [22mshould fetch lawyers with filters[39m
[31m     ÔåÆ useApi is not defined[39m
[31m   [33mÔØ»[31m tests/unit/composables/useLawyer.test.ts[2m > [22museLawyer Composable[2m > [22mGet Lawyer by ID[2m > [22mshould fetch lawyer profile[39m
[31m     ÔåÆ useApi is not defined[39m
[31m   [33mÔØ»[31m tests/unit/composables/useLawyer.test.ts[2m > [22museLawyer Composable[2m > [22mGet Lawyer by ID[2m > [22mshould handle not found error[39m
[31m     ÔåÆ useApi is not defined[39m
[31m   [33mÔØ»[31m tests/unit/composables/useLawyer.test.ts[2m > [22museLawyer Composable[2m > [22mLawyer Requests[2m > [22mshould create lawyer request successfully[39m
[31m     ÔåÆ useApi is not defined[39m
[31m   [33mÔØ»[31m tests/unit/composables/useLawyer.test.ts[2m > [22museLawyer Composable[2m > [22mLawyer Requests[2m > [22mshould handle validation errors[39m
[31m     ÔåÆ useApi is not defined[39m
[31m   [33mÔØ»[31m tests/unit/composables/useLawyer.test.ts[2m > [22museLawyer Composable[2m > [22mUpdate Lawyer Profile[2m > [22mshould update profile successfully[39m
[31m     ÔåÆ useApi is not defined[39m
[31m   [33mÔØ»[31m tests/unit/composables/useLawyer.test.ts[2m > [22museLawyer Composable[2m > [22mLawyer Availability[2m > [22mshould check lawyer availability[39m
[31m     ÔåÆ useApi is not defined[39m
[31m   [33mÔØ»[31m tests/unit/composables/useLawyer.test.ts[2m > [22museLawyer Composable[2m > [22mLawyer Availability[2m > [22mshould handle unavailable slots[39m
[31m     ÔåÆ useApi is not defined[39m
[31m   [33mÔØ»[31m tests/unit/composables/useLawyer.test.ts[2m > [22museLawyer Composable[2m > [22mEdge Cases[2m > [22mshould handle empty lawyers list[39m
[31m     ÔåÆ useApi is not defined[39m
[31m   [33mÔØ»[31m tests/unit/composables/useLawyer.test.ts[2m > [22museLawyer Composable[2m > [22mEdge Cases[2m > [22mshould handle unauthorized access[39m
[31m     ÔåÆ useApi is not defined[39m
 [33mÔØ»[39m tests/unit/composables/useDocument.test.ts [2m ([22m[2m22 tests[22m [2m|[22m [31m1 failed[39m[2m)[22m[90m 57[2mms[22m[39m
[31m   [33mÔØ»[31m tests/unit/composables/useDocument.test.ts[2m > [22museDocument Composable[2m > [22mEdge Cases[2m > [22mshould handle network errors during upload[39m
[31m     ÔåÆ expected true to be false // Object.is equality[39m
[90mstdout[2m | tests/unit/composables/useDocument.test.ts[2m > [22m[2museDocument Composable[2m > [22m[2mUpload Document[2m > [22m[2mshould upload document successfully[22m[39m
Tentative d'upload vers: http://localhost:3000/api/documents
FormData - file: File {}
FormData - case_id: case-1

[90mstdout[2m | tests/unit/composables/useDocument.test.ts[2m > [22m[2museDocument Composable[2m > [22m[2mUpload Document[2m > [22m[2mshould handle upload errors[22m[39m
Tentative d'upload vers: http://localhost:3000/api/documents

[90mstderr[2m | tests/unit/composables/useDocument.test.ts[2m > [22m[2museDocument Composable[2m > [22m[2mUpload Document[2m > [22m[2mshould handle upload 
errors[22m[39m
D├®tails erreur 404: [90mundefined[39m

[90mstdout[2m | tests/unit/composables/useDocument.test.ts[2m > [22m[2museDocument Composable[2m > [22m[2mUpload Document[2m > [22m[2mshould handle file size validation error[22m[39m
Tentative d'upload vers: http://localhost:3000/api/documents

[90mstderr[2m | tests/unit/composables/useDocument.test.ts[2m > [22m[2museDocument Composable[2m > [22m[2mUpload Document[2m > [22m[2mshould handle file size 
validation error[22m[39m
D├®tails erreur 404: [90mundefined[39m

[90mstderr[2m | tests/unit/composables/useDocument.test.ts[2m > [22m[2museDocument Composable[2m > [22m[2mDelete Document[2m > [22m[2mshould handle unauthorized 
delete[22m[39m
Erreur suppression document: Error: Forbidden
    at Module.mockFetchError [90m(C:\Users\ahmat\OneDrive\Bureau\Application-de-gestion-juridique\frontend\[39mtests\helpers\test-utils.ts:67:22[90m)[39m
    at [90mC:\Users\ahmat\OneDrive\Bureau\Application-de-gestion-juridique\frontend\[39mtests\unit\composables\useDocument.test.ts:183:7
    at [90mfile:///C:/Users/ahmat/OneDrive/Bureau/Application-de-gestion-juridique/frontend/[39mnode_modules/[4m@vitest[24m/runner/dist/index.js:135:14
    at [90mfile:///C:/Users/ahmat/OneDrive/Bureau/Application-de-gestion-juridique/frontend/[39mnode_modules/[4m@vitest[24m/runner/dist/index.js:60:26
    at runTest [90m(file:///C:/Users/ahmat/OneDrive/Bureau/Application-de-gestion-juridique/frontend/[39mnode_modules/[4m@vitest[24m/runner/dist/index.js:781:17[90m)[39m
    at runSuite [90m(file:///C:/Users/ahmat/OneDrive/Bureau/Application-de-gestion-juridique/frontend/[39mnode_modules/[4m@vitest[24m/runner/dist/index.js:909:15[90m)[39m
    at runSuite [90m(file:///C:/Users/ahmat/OneDrive/Bureau/Application-de-gestion-juridique/frontend/[39mnode_modules/[4m@vitest[24m/runner/dist/index.js:909:15[90m)[39m
    at runSuite [90m(file:///C:/Users/ahmat/OneDrive/Bureau/Application-de-gestion-juridique/frontend/[39mnode_modules/[4m@vitest[24m/runner/dist/index.js:909:15[90m)[39m
    at runFiles [90m(file:///C:/Users/ahmat/OneDrive/Bureau/Application-de-gestion-juridique/frontend/[39mnode_modules/[4m@vitest[24m/runner/dist/index.js:958:5[90m)[39m
    at startTests [90m(file:///C:/Users/ahmat/OneDrive/Bureau/Application-de-gestion-juridique/frontend/[39mnode_modules/[4m@vitest[24m/runner/dist/index.js:967:3[90m)[39m 
{
  status: [33m403[39m,
  statusCode: [33m403[39m,
  data: { message: [32m'Forbidden'[39m }
}

[90mstdout[2m | tests/unit/composables/useDocument.test.ts[2m > [22m[2museDocument Composable[2m > [22m[2mEdge Cases[2m > [22m[2mshould handle network errors during upload[22m[39m
Tentative d'upload vers: http://localhost:3000/api/documents

 [33mÔØ»[39m tests/unit/composables/useApi.test.ts [2m ([22m[2m23 tests[22m [2m|[22m [31m8 failed[39m[2m)[22m[90m 68[2mms[22m[39m
[31m   [33mÔØ»[31m tests/unit/composables/useApi.test.ts[2m > [22museApi Composable[2m > [22mError Handling[2m > [22mshould handle 401 errors with TOKEN_EXPIRED code[39m
[31m     ÔåÆ Token expired[39m
[31m   [33mÔØ»[31m tests/unit/composables/useApi.test.ts[2m > [22museApi Composable[2m > [22mError Handling[2m > [22mshould clear auth and redirect on 401 without refresh[39m
[31m     ÔåÆ promise resolved "{ data: 'success' }" instead of rejecting[39m
[31m   [33mÔØ»[31m tests/unit/composables/useApi.test.ts[2m > [22museApi Composable[2m > [22mError Handling[2m > [22mshould clear auth and redirect on 401 without TOKEN_EXPIRED code[39m
[31m     ÔåÆ expected "spy" to be called at least once[39m
[31m   [33mÔØ»[31m tests/unit/composables/useApi.test.ts[2m > [22museApi Composable[2m > [22mError Handling[2m > [22mshould handle network errors[39m
[31m     ÔåÆ expected [Function] to throw error including 'Network error' but got 'Internal Server Error'[39m
[31m   [33mÔØ»[31m tests/unit/composables/useApi.test.ts[2m > [22museApi Composable[2m > [22mRequest Options[2m > [22mshould pass through custom options[39m
[31m     ÔåÆ Network error[39m
[31m   [33mÔØ»[31m tests/unit/composables/useApi.test.ts[2m > [22museApi Composable[2m > [22mType Safety[2m > [22mshould return typed response[39m
[31m     ÔåÆ expected undefined to be '123' // Object.is equality[39m
[31m   [33mÔØ»[31m tests/unit/composables/useApi.test.ts[2m > [22museApi Composable[2m > [22mEdge Cases[2m > [22mshould handle empty response[39m
[31m     ÔåÆ expected { success: true, ÔÇª(2) } to be null[39m
[31m   [33mÔØ»[31m tests/unit/composables/useApi.test.ts[2m > [22museApi Composable[2m > [22mEdge Cases[2m > [22mshould handle token refresh failure during retry[39m
[31m     ÔåÆ promise resolved "{ success: true, ÔÇª(2) }" instead of rejecting[39m
 [33mÔØ»[39m tests/unit/stores/notifications.store.test.ts [2m ([22m[2m19 tests[22m [2m|[22m [31m12 failed[39m[2m)[22m[90m 47[2mms[22m[39m
[31m   [33mÔØ»[31m tests/unit/stores/notifications.store.test.ts[2m > [22mNotifications Store[2m > [22mNotification Retrieval[2m > [22mshould fetch notifications successfully[39m
[31m     ÔåÆ useCase is not defined[39m
[31m   [33mÔØ»[31m tests/unit/stores/notifications.store.test.ts[2m > [22mNotifications Store[2m > [22mNotification Retrieval[2m > [22mshould handle fetch errors gracefully[39m
[31m     ÔåÆ useCase is not defined[39m
[31m   [33mÔØ»[31m tests/unit/stores/notifications.store.test.ts[2m > [22mNotifications Store[2m > [22mNotification Retrieval[2m > [22mshould set loading state during fetch[39m
[31m     ÔåÆ useCase is not defined[39m
[31m   [33mÔØ»[31m tests/unit/stores/notifications.store.test.ts[2m > [22mNotifications Store[2m > [22mUnread Count[2m > [22mshould calculate unread count correctly[39m
[31m     ÔåÆ useCase is not defined[39m
[31m   [33mÔØ»[31m tests/unit/stores/notifications.store.test.ts[2m > [22mNotifications Store[2m > [22mUnread Count[2m > [22mshould return zero when all notifications are read[39m
[31m     ÔåÆ useCase is not defined[39m
[31m   [33mÔØ»[31m tests/unit/stores/notifications.store.test.ts[2m > [22mNotifications Store[2m > [22mMark as Read[2m > [22mshould mark a notification as read[39m
[31m     ÔåÆ useCase is not defined[39m
[31m   [33mÔØ»[31m tests/unit/stores/notifications.store.test.ts[2m > [22mNotifications Store[2m > [22mFilter Notifications[2m > [22mshould filter by read status[39m
[31m     ÔåÆ useCase is not defined[39m
[31m   [33mÔØ»[31m tests/unit/stores/notifications.store.test.ts[2m > [22mNotifications Store[2m > [22mFilter Notifications[2m > [22mshould filter by notification type[39m
[31m     ÔåÆ useCase is not defined[39m
[31m   [33mÔØ»[31m tests/unit/stores/notifications.store.test.ts[2m > [22mNotifications Store[2m > [22mMark All as Read[2m > [22mshould mark all notifications as read[39m
[31m     ÔåÆ useCase is not defined[39m
[31m   [33mÔØ»[31m tests/unit/stores/notifications.store.test.ts[2m > [22mNotifications Store[2m > [22mDelete Notification[2m > [22mshould delete a notification[39m
[31m     ÔåÆ useCase is not defined[39m
[31m   [33mÔØ»[31m tests/unit/stores/notifications.store.test.ts[2m > [22mNotifications Store[2m > [22mEdge Cases[2m > [22mshould handle empty notifications array[39m
[31m     ÔåÆ useCase is not defined[39m
[31m   [33mÔØ»[31m tests/unit/stores/notifications.store.test.ts[2m > [22mNotifications Store[2m > [22mEdge Cases[2m > [22mshould handle concurrent notification fetches[39m
[31m     ÔåÆ useCase is not defined[39m
 [32mÔ£ô[39m tests/unit/composables/useAppointment.test.ts [2m ([22m[2m17 tests[22m[2m)[22m[90m 33[2mms[22m[39m
[90mstderr[2m | tests/unit/composables/useAppointment.test.ts[2m > [22m[2museAppointment Composable[2m > [22m[2mCreate Appointment[2m > [22m[2mshould handle 
validation errors[22m[39m
Error creating appointment: Error: Validation error
    at Module.mockFetchError [90m(C:\Users\ahmat\OneDrive\Bureau\Application-de-gestion-juridique\frontend\[39mtests\helpers\test-utils.ts:67:22[90m)[39m
    at [90mC:\Users\ahmat\OneDrive\Bureau\Application-de-gestion-juridique\frontend\[39mtests\unit\composables\useAppointment.test.ts:61:7
    at [90mfile:///C:/Users/ahmat/OneDrive/Bureau/Application-de-gestion-juridique/frontend/[39mnode_modules/[4m@vitest[24m/runner/dist/index.js:135:14
    at [90mfile:///C:/Users/ahmat/OneDrive/Bureau/Application-de-gestion-juridique/frontend/[39mnode_modules/[4m@vitest[24m/runner/dist/index.js:60:26
    at runTest [90m(file:///C:/Users/ahmat/OneDrive/Bureau/Application-de-gestion-juridique/frontend/[39mnode_modules/[4m@vitest[24m/runner/dist/index.js:781:17[90m)[39m
    at runSuite [90m(file:///C:/Users/ahmat/OneDrive/Bureau/Application-de-gestion-juridique/frontend/[39mnode_modules/[4m@vitest[24m/runner/dist/index.js:909:15[90m)[39m
    at runSuite [90m(file:///C:/Users/ahmat/OneDrive/Bureau/Application-de-gestion-juridique/frontend/[39mnode_modules/[4m@vitest[24m/runner/dist/index.js:909:15[90m)[39m
    at runSuite [90m(file:///C:/Users/ahmat/OneDrive/Bureau/Application-de-gestion-juridique/frontend/[39mnode_modules/[4m@vitest[24m/runner/dist/index.js:909:15[90m)[39m
    at runFiles [90m(file:///C:/Users/ahmat/OneDrive/Bureau/Application-de-gestion-juridique/frontend/[39mnode_modules/[4m@vitest[24m/runner/dist/index.js:958:5[90m)[39m
    at startTests [90m(file:///C:/Users/ahmat/OneDrive/Bureau/Application-de-gestion-juridique/frontend/[39mnode_modules/[4m@vitest[24m/runner/dist/index.js:967:3[90m)[39m 
{
  status: [33m400[39m,
  statusCode: [33m400[39m,
  data: { message: [32m'Validation error'[39m }
}

[90mstderr[2m | tests/unit/composables/useAppointment.test.ts[2m > [22m[2museAppointment Composable[2m > [22m[2mCreate Appointment[2m > [22m[2mshould handle conflict 
errors[22m[39m
Error creating appointment: Error: Time slot already booked
    at Module.mockFetchError [90m(C:\Users\ahmat\OneDrive\Bureau\Application-de-gestion-juridique\frontend\[39mtests\helpers\test-utils.ts:67:22[90m)[39m
    at [90mC:\Users\ahmat\OneDrive\Bureau\Application-de-gestion-juridique\frontend\[39mtests\unit\composables\useAppointment.test.ts:71:7
    at [90mfile:///C:/Users/ahmat/OneDrive/Bureau/Application-de-gestion-juridique/frontend/[39mnode_modules/[4m@vitest[24m/runner/dist/index.js:135:14
    at [90mfile:///C:/Users/ahmat/OneDrive/Bureau/Application-de-gestion-juridique/frontend/[39mnode_modules/[4m@vitest[24m/runner/dist/index.js:60:26
    at runTest [90m(file:///C:/Users/ahmat/OneDrive/Bureau/Application-de-gestion-juridique/frontend/[39mnode_modules/[4m@vitest[24m/runner/dist/index.js:781:17[90m)[39m
    at runSuite [90m(file:///C:/Users/ahmat/OneDrive/Bureau/Application-de-gestion-juridique/frontend/[39mnode_modules/[4m@vitest[24m/runner/dist/index.js:909:15[90m)[39m
    at runSuite [90m(file:///C:/Users/ahmat/OneDrive/Bureau/Application-de-gestion-juridique/frontend/[39mnode_modules/[4m@vitest[24m/runner/dist/index.js:909:15[90m)[39m
    at runSuite [90m(file:///C:/Users/ahmat/OneDrive/Bureau/Application-de-gestion-juridique/frontend/[39mnode_modules/[4m@vitest[24m/runner/dist/index.js:909:15[90m)[39m
    at runFiles [90m(file:///C:/Users/ahmat/OneDrive/Bureau/Application-de-gestion-juridique/frontend/[39mnode_modules/[4m@vitest[24m/runner/dist/index.js:958:5[90m)[39m
    at startTests [90m(file:///C:/Users/ahmat/OneDrive/Bureau/Application-de-gestion-juridique/frontend/[39mnode_modules/[4m@vitest[24m/runner/dist/index.js:967:3[90m)[39m 
{
  status: [33m409[39m,
  statusCode: [33m409[39m,
  data: { message: [32m'Time slot already booked'[39m }
}

[90mstderr[2m | tests/unit/composables/useAppointment.test.ts[2m > [22m[2museAppointment Composable[2m > [22m[2mUpdate Appointment[2m > [22m[2mshould handle not found 
errors[22m[39m
Error updating appointment: Error: Appointment not found
    at Module.mockFetchError [90m(C:\Users\ahmat\OneDrive\Bureau\Application-de-gestion-juridique\frontend\[39mtests\helpers\test-utils.ts:67:22[90m)[39m
    at [90mC:\Users\ahmat\OneDrive\Bureau\Application-de-gestion-juridique\frontend\[39mtests\unit\composables\useAppointment.test.ts:159:7
    at [90mfile:///C:/Users/ahmat/OneDrive/Bureau/Application-de-gestion-juridique/frontend/[39mnode_modules/[4m@vitest[24m/runner/dist/index.js:135:14
    at [90mfile:///C:/Users/ahmat/OneDrive/Bureau/Application-de-gestion-juridique/frontend/[39mnode_modules/[4m@vitest[24m/runner/dist/index.js:60:26
    at runTest [90m(file:///C:/Users/ahmat/OneDrive/Bureau/Application-de-gestion-juridique/frontend/[39mnode_modules/[4m@vitest[24m/runner/dist/index.js:781:17[90m)[39m
    at runSuite [90m(file:///C:/Users/ahmat/OneDrive/Bureau/Application-de-gestion-juridique/frontend/[39mnode_modules/[4m@vitest[24m/runner/dist/index.js:909:15[90m)[39m
    at runSuite [90m(file:///C:/Users/ahmat/OneDrive/Bureau/Application-de-gestion-juridique/frontend/[39mnode_modules/[4m@vitest[24m/runner/dist/index.js:909:15[90m)[39m
    at runSuite [90m(file:///C:/Users/ahmat/OneDrive/Bureau/Application-de-gestion-juridique/frontend/[39mnode_modules/[4m@vitest[24m/runner/dist/index.js:909:15[90m)[39m
    at runFiles [90m(file:///C:/Users/ahmat/OneDrive/Bureau/Application-de-gestion-juridique/frontend/[39mnode_modules/[4m@vitest[24m/runner/dist/index.js:958:5[90m)[39m
    at startTests [90m(file:///C:/Users/ahmat/OneDrive/Bureau/Application-de-gestion-juridique/frontend/[39mnode_modules/[4m@vitest[24m/runner/dist/index.js:967:3[90m)[39m 
{
  status: [33m404[39m,
  statusCode: [33m404[39m,
  data: { message: [32m'Appointment not found'[39m }
}

[90mstderr[2m | tests/unit/composables/useAppointment.test.ts[2m > [22m[2museAppointment Composable[2m > [22m[2mEdge Cases[2m > [22m[2mshould handle unauthorized 
access[22m[39m
Error fetching appointments: Error: Unauthorized
    at Module.mockFetchError [90m(C:\Users\ahmat\OneDrive\Bureau\Application-de-gestion-juridique\frontend\[39mtests\helpers\test-utils.ts:67:22[90m)[39m
    at [90mC:\Users\ahmat\OneDrive\Bureau\Application-de-gestion-juridique\frontend\[39mtests\unit\composables\useAppointment.test.ts:271:7
    at [90mfile:///C:/Users/ahmat/OneDrive/Bureau/Application-de-gestion-juridique/frontend/[39mnode_modules/[4m@vitest[24m/runner/dist/index.js:135:14
    at [90mfile:///C:/Users/ahmat/OneDrive/Bureau/Application-de-gestion-juridique/frontend/[39mnode_modules/[4m@vitest[24m/runner/dist/index.js:60:26
    at runTest [90m(file:///C:/Users/ahmat/OneDrive/Bureau/Application-de-gestion-juridique/frontend/[39mnode_modules/[4m@vitest[24m/runner/dist/index.js:781:17[90m)[39m
    at runSuite [90m(file:///C:/Users/ahmat/OneDrive/Bureau/Application-de-gestion-juridique/frontend/[39mnode_modules/[4m@vitest[24m/runner/dist/index.js:909:15[90m)[39m
    at runSuite [90m(file:///C:/Users/ahmat/OneDrive/Bureau/Application-de-gestion-juridique/frontend/[39mnode_modules/[4m@vitest[24m/runner/dist/index.js:909:15[90m)[39m
    at runSuite [90m(file:///C:/Users/ahmat/OneDrive/Bureau/Application-de-gestion-juridique/frontend/[39mnode_modules/[4m@vitest[24m/runner/dist/index.js:909:15[90m)[39m
    at runFiles [90m(file:///C:/Users/ahmat/OneDrive/Bureau/Application-de-gestion-juridique/frontend/[39mnode_modules/[4m@vitest[24m/runner/dist/index.js:958:5[90m)[39m
    at startTests [90m(file:///C:/Users/ahmat/OneDrive/Bureau/Application-de-gestion-juridique/frontend/[39mnode_modules/[4m@vitest[24m/runner/dist/index.js:967:3[90m)[39m 
{
  status: [33m401[39m,
  statusCode: [33m401[39m,
  data: { message: [32m'Unauthorized'[39m }
}

[90mstderr[2m | tests/unit/composables/useAppointment.test.ts[2m > [22m[2museAppointment Composable[2m > [22m[2mEdge Cases[2m > [22m[2mshould handle network 
timeouts[22m[39m
Error creating appointment: Error: Network timeout
    at [90mC:\Users\ahmat\OneDrive\Bureau\Application-de-gestion-juridique\frontend\[39mtests\unit\composables\useAppointment.test.ts:281:26
    at [90mfile:///C:/Users/ahmat/OneDrive/Bureau/Application-de-gestion-juridique/frontend/[39mnode_modules/[4m@vitest[24m/runner/dist/index.js:135:14
    at [90mfile:///C:/Users/ahmat/OneDrive/Bureau/Application-de-gestion-juridique/frontend/[39mnode_modules/[4m@vitest[24m/runner/dist/index.js:60:26
    at runTest [90m(file:///C:/Users/ahmat/OneDrive/Bureau/Application-de-gestion-juridique/frontend/[39mnode_modules/[4m@vitest[24m/runner/dist/index.js:781:17[90m)[39m
    at runSuite [90m(file:///C:/Users/ahmat/OneDrive/Bureau/Application-de-gestion-juridique/frontend/[39mnode_modules/[4m@vitest[24m/runner/dist/index.js:909:15[90m)[39m
    at runSuite [90m(file:///C:/Users/ahmat/OneDrive/Bureau/Application-de-gestion-juridique/frontend/[39mnode_modules/[4m@vitest[24m/runner/dist/index.js:909:15[90m)[39m
    at runSuite [90m(file:///C:/Users/ahmat/OneDrive/Bureau/Application-de-gestion-juridique/frontend/[39mnode_modules/[4m@vitest[24m/runner/dist/index.js:909:15[90m)[39m
    at runFiles [90m(file:///C:/Users/ahmat/OneDrive/Bureau/Application-de-gestion-juridique/frontend/[39mnode_modules/[4m@vitest[24m/runner/dist/index.js:958:5[90m)[39m
    at startTests [90m(file:///C:/Users/ahmat/OneDrive/Bureau/Application-de-gestion-juridique/frontend/[39mnode_modules/[4m@vitest[24m/runner/dist/index.js:967:3[90m)[39m
    at [90mfile:///C:/Users/ahmat/OneDrive/Bureau/Application-de-gestion-juridique/frontend/[39mnode_modules/[4mvitest[24m/dist/chunks/runtime-runBaseTests.oAvMKtQC.js:116:7 
{
  code: [32m'ETIMEDOUT'[39m
}

[90mstderr[2m | tests/unit/stores/auth.store.test.ts[2m > [22m[2mAuth Store[2m > [22m[2mRegistration[2m > [22m[2mshould handle registration validation errors[22m[39m
AuthStore: Register error: Error: Validation error
    at Module.mockFetchError [90m(C:\Users\ahmat\OneDrive\Bureau\Application-de-gestion-juridique\frontend\[39mtests\helpers\test-utils.ts:67:22[90m)[39m
    at [90mC:\Users\ahmat\OneDrive\Bureau\Application-de-gestion-juridique\frontend\[39mtests\unit\stores\auth.store.test.ts:225:7
    at [90mfile:///C:/Users/ahmat/OneDrive/Bureau/Application-de-gestion-juridique/frontend/[39mnode_modules/[4m@vitest[24m/runner/dist/index.js:135:14
    at [90mfile:///C:/Users/ahmat/OneDrive/Bureau/Application-de-gestion-juridique/frontend/[39mnode_modules/[4m@vitest[24m/runner/dist/index.js:60:26
    at runTest [90m(file:///C:/Users/ahmat/OneDrive/Bureau/Application-de-gestion-juridique/frontend/[39mnode_modules/[4m@vitest[24m/runner/dist/index.js:781:17[90m)[39m
    at runSuite [90m(file:///C:/Users/ahmat/OneDrive/Bureau/Application-de-gestion-juridique/frontend/[39mnode_modules/[4m@vitest[24m/runner/dist/index.js:909:15[90m)[39m
    at runSuite [90m(file:///C:/Users/ahmat/OneDrive/Bureau/Application-de-gestion-juridique/frontend/[39mnode_modules/[4m@vitest[24m/runner/dist/index.js:909:15[90m)[39m
    at runSuite [90m(file:///C:/Users/ahmat/OneDrive/Bureau/Application-de-gestion-juridique/frontend/[39mnode_modules/[4m@vitest[24m/runner/dist/index.js:909:15[90m)[39m
    at runFiles [90m(file:///C:/Users/ahmat/OneDrive/Bureau/Application-de-gestion-juridique/frontend/[39mnode_modules/[4m@vitest[24m/runner/dist/index.js:958:5[90m)[39m
    at startTests [90m(file:///C:/Users/ahmat/OneDrive/Bureau/Application-de-gestion-juridique/frontend/[39mnode_modules/[4m@vitest[24m/runner/dist/index.js:967:3[90m)[39m 
{
  status: [33m400[39m,
  statusCode: [33m400[39m,
  data: { message: [32m'Validation error'[39m }
}
AuthStore: Error data: { message: [32m'Validation error'[39m }
AuthStore: Error status: [33m400[39m

[90mstderr[2m | tests/unit/stores/auth.store.test.ts[2m > [22m[2mAuth Store[2m > [22m[2mRegistration[2m > [22m[2mshould handle duplicate email error[22m[39m
AuthStore: Register error: Error: User with this email already exists
    at Module.mockFetchError [90m(C:\Users\ahmat\OneDrive\Bureau\Application-de-gestion-juridique\frontend\[39mtests\helpers\test-utils.ts:67:22[90m)[39m
    at [90mC:\Users\ahmat\OneDrive\Bureau\Application-de-gestion-juridique\frontend\[39mtests\unit\stores\auth.store.test.ts:247:7
    at [90mfile:///C:/Users/ahmat/OneDrive/Bureau/Application-de-gestion-juridique/frontend/[39mnode_modules/[4m@vitest[24m/runner/dist/index.js:135:14
    at [90mfile:///C:/Users/ahmat/OneDrive/Bureau/Application-de-gestion-juridique/frontend/[39mnode_modules/[4m@vitest[24m/runner/dist/index.js:60:26
    at runTest [90m(file:///C:/Users/ahmat/OneDrive/Bureau/Application-de-gestion-juridique/frontend/[39mnode_modules/[4m@vitest[24m/runner/dist/index.js:781:17[90m)[39m
    at runSuite [90m(file:///C:/Users/ahmat/OneDrive/Bureau/Application-de-gestion-juridique/frontend/[39mnode_modules/[4m@vitest[24m/runner/dist/index.js:909:15[90m)[39m
    at runSuite [90m(file:///C:/Users/ahmat/OneDrive/Bureau/Application-de-gestion-juridique/frontend/[39mnode_modules/[4m@vitest[24m/runner/dist/index.js:909:15[90m)[39m
    at runSuite [90m(file:///C:/Users/ahmat/OneDrive/Bureau/Application-de-gestion-juridique/frontend/[39mnode_modules/[4m@vitest[24m/runner/dist/index.js:909:15[90m)[39m
    at runFiles [90m(file:///C:/Users/ahmat/OneDrive/Bureau/Application-de-gestion-juridique/frontend/[39mnode_modules/[4m@vitest[24m/runner/dist/index.js:958:5[90m)[39m
    at startTests [90m(file:///C:/Users/ahmat/OneDrive/Bureau/Application-de-gestion-juridique/frontend/[39mnode_modules/[4m@vitest[24m/runner/dist/index.js:967:3[90m)[39m 
{
  status: [33m409[39m,
  statusCode: [33m409[39m,
  data: { message: [32m'User with this email already exists'[39m }
}
AuthStore: Error data: { message: [32m'User with this email already exists'[39m }
AuthStore: Error status: [33m409[39m

[90mstderr[2m | tests/unit/stores/auth.store.test.ts[2m > [22m[2mAuth Store[2m > [22m[2mLogin[2m > [22m[2mshould handle invalid credentials[22m[39m
Login error: Error: Invalid email or password
    at Module.mockFetchError [90m(C:\Users\ahmat\OneDrive\Bureau\Application-de-gestion-juridique\frontend\[39mtests\helpers\test-utils.ts:67:22[90m)[39m
    at [90mC:\Users\ahmat\OneDrive\Bureau\Application-de-gestion-juridique\frontend\[39mtests\unit\stores\auth.store.test.ts:318:7
    at [90mfile:///C:/Users/ahmat/OneDrive/Bureau/Application-de-gestion-juridique/frontend/[39mnode_modules/[4m@vitest[24m/runner/dist/index.js:135:14
    at [90mfile:///C:/Users/ahmat/OneDrive/Bureau/Application-de-gestion-juridique/frontend/[39mnode_modules/[4m@vitest[24m/runner/dist/index.js:60:26
    at runTest [90m(file:///C:/Users/ahmat/OneDrive/Bureau/Application-de-gestion-juridique/frontend/[39mnode_modules/[4m@vitest[24m/runner/dist/index.js:781:17[90m)[39m
    at runSuite [90m(file:///C:/Users/ahmat/OneDrive/Bureau/Application-de-gestion-juridique/frontend/[39mnode_modules/[4m@vitest[24m/runner/dist/index.js:909:15[90m)[39m
    at runSuite [90m(file:///C:/Users/ahmat/OneDrive/Bureau/Application-de-gestion-juridique/frontend/[39mnode_modules/[4m@vitest[24m/runner/dist/index.js:909:15[90m)[39m
    at runSuite [90m(file:///C:/Users/ahmat/OneDrive/Bureau/Application-de-gestion-juridique/frontend/[39mnode_modules/[4m@vitest[24m/runner/dist/index.js:909:15[90m)[39m
    at runFiles [90m(file:///C:/Users/ahmat/OneDrive/Bureau/Application-de-gestion-juridique/frontend/[39mnode_modules/[4m@vitest[24m/runner/dist/index.js:958:5[90m)[39m
    at startTests [90m(file:///C:/Users/ahmat/OneDrive/Bureau/Application-de-gestion-juridique/frontend/[39mnode_modules/[4m@vitest[24m/runner/dist/index.js:967:3[90m)[39m 
{
  status: [33m401[39m,
  statusCode: [33m401[39m,
  data: { message: [32m'Invalid email or password'[39m }
}

[90mstderr[2m | tests/unit/stores/auth.store.test.ts[2m > [22m[2mAuth Store[2m > [22m[2mLogin[2m > [22m[2mshould handle deactivated account[22m[39m
Login error: Error: Account is deactivated
    at Module.mockFetchError [90m(C:\Users\ahmat\OneDrive\Bureau\Application-de-gestion-juridique\frontend\[39mtests\helpers\test-utils.ts:67:22[90m)[39m
    at [90mC:\Users\ahmat\OneDrive\Bureau\Application-de-gestion-juridique\frontend\[39mtests\unit\stores\auth.store.test.ts:337:7
    at [90mfile:///C:/Users/ahmat/OneDrive/Bureau/Application-de-gestion-juridique/frontend/[39mnode_modules/[4m@vitest[24m/runner/dist/index.js:135:14
    at [90mfile:///C:/Users/ahmat/OneDrive/Bureau/Application-de-gestion-juridique/frontend/[39mnode_modules/[4m@vitest[24m/runner/dist/index.js:60:26
    at runTest [90m(file:///C:/Users/ahmat/OneDrive/Bureau/Application-de-gestion-juridique/frontend/[39mnode_modules/[4m@vitest[24m/runner/dist/index.js:781:17[90m)[39m
    at runSuite [90m(file:///C:/Users/ahmat/OneDrive/Bureau/Application-de-gestion-juridique/frontend/[39mnode_modules/[4m@vitest[24m/runner/dist/index.js:909:15[90m)[39m
    at runSuite [90m(file:///C:/Users/ahmat/OneDrive/Bureau/Application-de-gestion-juridique/frontend/[39mnode_modules/[4m@vitest[24m/runner/dist/index.js:909:15[90m)[39m
    at runSuite [90m(file:///C:/Users/ahmat/OneDrive/Bureau/Application-de-gestion-juridique/frontend/[39mnode_modules/[4m@vitest[24m/runner/dist/index.js:909:15[90m)[39m
    at runFiles [90m(file:///C:/Users/ahmat/OneDrive/Bureau/Application-de-gestion-juridique/frontend/[39mnode_modules/[4m@vitest[24m/runner/dist/index.js:958:5[90m)[39m
    at startTests [90m(file:///C:/Users/ahmat/OneDrive/Bureau/Application-de-gestion-juridique/frontend/[39mnode_modules/[4m@vitest[24m/runner/dist/index.js:967:3[90m)[39m 
{
  status: [33m403[39m,
  statusCode: [33m403[39m,
  data: { message: [32m'Account is deactivated'[39m }
}

[90mstderr[2m | tests/unit/stores/auth.store.test.ts[2m > [22m[2mAuth Store[2m > [22m[2mEdge Cases[2m > [22m[2mshould handle network errors gracefully[22m[39m
Login error: Error: Network error
    at [90mC:\Users\ahmat\OneDrive\Bureau\Application-de-gestion-juridique\frontend\[39mtests\unit\stores\auth.store.test.ts:371:26
    at [90mfile:///C:/Users/ahmat/OneDrive/Bureau/Application-de-gestion-juridique/frontend/[39mnode_modules/[4m@vitest[24m/runner/dist/index.js:135:14
    at [90mfile:///C:/Users/ahmat/OneDrive/Bureau/Application-de-gestion-juridique/frontend/[39mnode_modules/[4m@vitest[24m/runner/dist/index.js:60:26
    at runTest [90m(file:///C:/Users/ahmat/OneDrive/Bureau/Application-de-gestion-juridique/frontend/[39mnode_modules/[4m@vitest[24m/runner/dist/index.js:781:17[90m)[39m
    at runSuite [90m(file:///C:/Users/ahmat/OneDrive/Bureau/Application-de-gestion-juridique/frontend/[39mnode_modules/[4m@vitest[24m/runner/dist/index.js:909:15[90m)[39m
    at runSuite [90m(file:///C:/Users/ahmat/OneDrive/Bureau/Application-de-gestion-juridique/frontend/[39mnode_modules/[4m@vitest[24m/runner/dist/index.js:909:15[90m)[39m
    at runSuite [90m(file:///C:/Users/ahmat/OneDrive/Bureau/Application-de-gestion-juridique/frontend/[39mnode_modules/[4m@vitest[24m/runner/dist/index.js:909:15[90m)[39m
    at runFiles [90m(file:///C:/Users/ahmat/OneDrive/Bureau/Application-de-gestion-juridique/frontend/[39mnode_modules/[4m@vitest[24m/runner/dist/index.js:958:5[90m)[39m
    at startTests [90m(file:///C:/Users/ahmat/OneDrive/Bureau/Application-de-gestion-juridique/frontend/[39mnode_modules/[4m@vitest[24m/runner/dist/index.js:967:3[90m)[39m
    at [90mfile:///C:/Users/ahmat/OneDrive/Bureau/Application-de-gestion-juridique/frontend/[39mnode_modules/[4mvitest[24m/dist/chunks/runtime-runBaseTests.oAvMKtQC.js:116:7 
{
  status: [33m0[39m
}

 [32mÔ£ô[39m tests/unit/stores/auth.store.test.ts [2m ([22m[2m21 tests[22m[2m)[22m[90m 42[2mms[22m[39m

[31mÔÄ»ÔÄ»ÔÄ»ÔÄ»ÔÄ»ÔÄ»[1m[7m Failed Tests 41 [27m[22mÔÄ»ÔÄ»ÔÄ»ÔÄ»ÔÄ»ÔÄ»ÔÄ»[39m

[31m[1m[7m FAIL [27m[22m[39m tests/unit/composables/useApi.test.ts[2m > [22museApi Composable[2m > [22mError Handling[2m > [22mshould handle 401 errors with 
TOKEN_EXPIRED code
[31m[1mError[22m: Token expired[39m
[36m [2mÔØ»[22m tests/unit/composables/useApi.test.ts:[2m178:26[22m[39m
    [90m176| [39m      mockAuthStore[33m.[39maccessToken [33m=[39m [32m'new-token'[39m[33m;[39m
    [90m177| [39m
    [90m178| [39m      [35mconst[39m error[33m:[39m any [33m=[39m [35mnew[39m [33mError[39m([32m'Token expired'[39m)[33m;[39m
    [90m   | [39m                         [31m^[39m
    [90m179| [39m      error[33m.[39mstatus [33m=[39m [34m401[39m[33m;[39m
    [90m180| [39m      error[33m.[39mdata [33m=[39m { code[33m:[39m [32m'TOKEN_EXPIRED'[39m }[33m;[39m

[31m[2mÔÄ»ÔÄ»ÔÄ»ÔÄ»ÔÄ»ÔÄ»ÔÄ»ÔÄ»ÔÄ»ÔÄ»ÔÄ»ÔÄ»ÔÄ»ÔÄ»ÔÄ»ÔÄ»ÔÄ»ÔÄ»ÔÄ»ÔÄ»ÔÄ»ÔÄ»ÔÄ»ÔÄ»ÔÄ»ÔÄ»ÔÄ»ÔÄ»ÔÄ»ÔÄ»[22m[39m
[31m[1mSerialized Error:[22m[39m [90m{ status: 401, data: { code: 'TOKEN_EXPIRED' } }[39m
[31m[2mÔÄ»ÔÄ»ÔÄ»ÔÄ»ÔÄ»ÔÄ»ÔÄ»ÔÄ»ÔÄ»ÔÄ»ÔÄ»ÔÄ»ÔÄ»ÔÄ»ÔÄ»ÔÄ»ÔÄ»ÔÄ»ÔÄ»ÔÄ»ÔÄ»ÔÄ»ÔÄ»[1/41]ÔÄ»[22m[39m

[31m[1m[7m FAIL [27m[22m[39m tests/unit/composables/useApi.test.ts[2m > [22museApi Composable[2m > [22mError Handling[2m > [22mshould clear auth and redirect on 401 
without refresh
[31m[1mAssertionError[22m: promise resolved "{ data: 'success' }" instead of rejecting[39m

[32m- Expected[39m
[31m+ Received[39m

[32m- [Error: rejected promise][39m
[31m+ Object {[39m
[31m+   "data": "success",[39m
[31m+ }[39m

[36m [2mÔØ»[22m tests/unit/composables/useApi.test.ts:[2m205:51[22m[39m
    [90m203| [39m      (globalThis [35mas[39m any)[33m.[39mnavigateTo [33m=[39m navigateTo[33m;[39m
    [90m204| [39m
    [90m205| [39m      [35mawait[39m [34mexpect[39m([34mapiFetch[39m([32m'/protected-endpoint'[39m))[33m.[39mrejects[33m.[39m[34mtoThrow[39m()[33m;[39m
    [90m   | [39m                                                  [31m^[39m
    [90m206| [39m      [34mexpect[39m(mockAuthStore[33m.[39mclearAuth)[33m.[39m[34mtoHaveBeenCalled[39m()[33m;[39m
    [90m207| [39m      [34mexpect[39m(navigateTo)[33m.[39m[34mtoHaveBeenCalledWith[39m([32m'/auth/login'[39m)[33m;[39m

[31m[2mÔÄ»ÔÄ»ÔÄ»ÔÄ»ÔÄ»ÔÄ»ÔÄ»ÔÄ»ÔÄ»ÔÄ»ÔÄ»ÔÄ»ÔÄ»ÔÄ»ÔÄ»ÔÄ»ÔÄ»ÔÄ»ÔÄ»ÔÄ»ÔÄ»ÔÄ»ÔÄ»[2/41]ÔÄ»[22m[39m

[31m[1m[7m FAIL [27m[22m[39m tests/unit/composables/useApi.test.ts[2m > [22museApi Composable[2m > [22mError Handling[2m > [22mshould clear auth and redirect on 401 
without TOKEN_EXPIRED code
[31m[1mAssertionError[22m: expected "spy" to be called at least once[39m
[36m [2mÔØ»[22m tests/unit/composables/useApi.test.ts:[2m221:39[22m[39m
    [90m219| [39m
    [90m220| [39m      [35mawait[39m [34mexpect[39m([34mapiFetch[39m([32m'/protected-endpoint'[39m))[33m.[39mrejects[33m.[39m[34mtoThrow[39m()[33m;[39m
    [90m221| [39m      [34mexpect[39m(mockAuthStore[33m.[39mclearAuth)[33m.[39m[34mtoHaveBeenCalled[39m()[33m;[39m
    [90m   | [39m                                      [31m^[39m
    [90m222| [39m      [34mexpect[39m(navigateTo)[33m.[39m[34mtoHaveBeenCalledWith[39m([32m'/auth/login'[39m)[33m;[39m
    [90m223| [39m    })[33m;[39m

[31m[2mÔÄ»ÔÄ»ÔÄ»ÔÄ»ÔÄ»ÔÄ»ÔÄ»ÔÄ»ÔÄ»ÔÄ»ÔÄ»ÔÄ»ÔÄ»ÔÄ»ÔÄ»ÔÄ»ÔÄ»ÔÄ»ÔÄ»ÔÄ»ÔÄ»ÔÄ»ÔÄ»[3/41]ÔÄ»[22m[39m

[31m[1m[7m FAIL [27m[22m[39m tests/unit/composables/useApi.test.ts[2m > [22museApi Composable[2m > [22mError Handling[2m > [22mshould handle network errors
[31m[1mAssertionError[22m: expected [Function] to throw error including 'Network error' but got 'Internal Server Error'[39m

[32m- Expected[39m
[31m+ Received[39m

[32m- Network error[39m
[31m+ Internal Server Error[39m

[36m [2mÔØ»[22m tests/unit/composables/useApi.test.ts:[2m251:7[22m[39m
    [90m249| [39m      vi[33m.[39m[34mmocked[39m($fetch)[33m.[39m[34mmockRejectedValueOnce[39m(networkError)[33m;[39m
    [90m250| [39m
    [90m251| [39m      [35mawait[39m [34mexpect[39m([34mapiFetch[39m([32m'/endpoint'[39m))[33m.[39mrejects[33m.[39m[34mtoThrow[39m([32m'Network err[39mÔÇª
    [90m   | [39m      [31m^[39m
    [90m252| [39m    })[33m;[39m
    [90m253| [39m  })[33m;[39m

[31m[2mÔÄ»ÔÄ»ÔÄ»ÔÄ»ÔÄ»ÔÄ»ÔÄ»ÔÄ»ÔÄ»ÔÄ»ÔÄ»ÔÄ»ÔÄ»ÔÄ»ÔÄ»ÔÄ»ÔÄ»ÔÄ»ÔÄ»ÔÄ»ÔÄ»ÔÄ»ÔÄ»[4/41]ÔÄ»[22m[39m

[31m[1m[7m FAIL [27m[22m[39m tests/unit/composables/useApi.test.ts[2m > [22museApi Composable[2m > [22mRequest Options[2m > [22mshould pass through custom options
[31m[1mError[22m: Network error[39m
[36m [2mÔØ»[22m tests/unit/composables/useApi.test.ts:[2m248:28[22m[39m
    [90m246| [39m    [34mit[39m([32m'should handle network errors'[39m[33m,[39m [35masync[39m () [33m=>[39m {
    [90m247| [39m      [35mconst[39m { apiFetch } [33m=[39m [34museApi[39m()[33m;[39m
    [90m248| [39m      [35mconst[39m networkError [33m=[39m [35mnew[39m [33mError[39m([32m'Network error'[39m)[33m;[39m
    [90m   | [39m                           [31m^[39m
    [90m249| [39m      vi[33m.[39m[34mmocked[39m($fetch)[33m.[39m[34mmockRejectedValueOnce[39m(networkError)[33m;[39m
    [90m250| [39m

[31m[2mÔÄ»ÔÄ»ÔÄ»ÔÄ»ÔÄ»ÔÄ»ÔÄ»ÔÄ»ÔÄ»ÔÄ»ÔÄ»ÔÄ»ÔÄ»ÔÄ»ÔÄ»ÔÄ»ÔÄ»ÔÄ»ÔÄ»ÔÄ»ÔÄ»ÔÄ»ÔÄ»[5/41]ÔÄ»[22m[39m

[31m[1m[7m FAIL [27m[22m[39m tests/unit/composables/useApi.test.ts[2m > [22museApi Composable[2m > [22mType Safety[2m > [22mshould return typed response
[31m[1mAssertionError[22m: expected undefined to be '123' // Object.is equality[39m

[32m- Expected:[39m 
"123"

[31m+ Received:[39m 
undefined

[36m [2mÔØ»[22m tests/unit/composables/useApi.test.ts:[2m305:30[22m[39m
    [90m303| [39m      [35mconst[39m result [33m=[39m [35mawait[39m apiFetch[33m<[39many[33m>[39m([32m'/users/123'[39m)[33m;[39m
    [90m304| [39m
    [90m305| [39m      [34mexpect[39m(result[33m.[39mdata[33m.[39mid)[33m.[39m[34mtoBe[39m([32m'123'[39m)[33m;[39m
    [90m   | [39m                             [31m^[39m
    [90m306| [39m      [34mexpect[39m(result[33m.[39mdata[33m.[39mname)[33m.[39m[34mtoBe[39m([32m'Test User'[39m)[33m;[39m
    [90m307| [39m    })[33m;[39m

[31m[2mÔÄ»ÔÄ»ÔÄ»ÔÄ»ÔÄ»ÔÄ»ÔÄ»ÔÄ»ÔÄ»ÔÄ»ÔÄ»ÔÄ»ÔÄ»ÔÄ»ÔÄ»ÔÄ»ÔÄ»ÔÄ»ÔÄ»ÔÄ»ÔÄ»ÔÄ»ÔÄ»[6/41]ÔÄ»[22m[39m

[31m[1m[7m FAIL [27m[22m[39m tests/unit/composables/useApi.test.ts[2m > [22museApi Composable[2m > [22mEdge Cases[2m > [22mshould handle empty response
[31m[1mAssertionError[22m: expected { success: true, ÔÇª(2) } to be null[39m
[36m [2mÔØ»[22m tests/unit/composables/useApi.test.ts:[2m317:22[22m[39m
    [90m315| [39m      [35mconst[39m result [33m=[39m [35mawait[39m [34mapiFetch[39m([32m'/endpoint'[39m)[33m;[39m
    [90m316| [39m
    [90m317| [39m      [34mexpect[39m(result)[33m.[39m[34mtoBeNull[39m()[33m;[39m
    [90m   | [39m                     [31m^[39m
    [90m318| [39m    })[33m;[39m
    [90m319| [39m

[31m[2mÔÄ»ÔÄ»ÔÄ»ÔÄ»ÔÄ»ÔÄ»ÔÄ»ÔÄ»ÔÄ»ÔÄ»ÔÄ»ÔÄ»ÔÄ»ÔÄ»ÔÄ»ÔÄ»ÔÄ»ÔÄ»ÔÄ»ÔÄ»ÔÄ»ÔÄ»ÔÄ»[7/41]ÔÄ»[22m[39m

[31m[1m[7m FAIL [27m[22m[39m tests/unit/composables/useApi.test.ts[2m > [22museApi Composable[2m > [22mEdge Cases[2m > [22mshould handle token refresh failure during 
retry
[31m[1mAssertionError[22m: promise resolved "{ success: true, ÔÇª(2) }" instead of rejecting[39m

[32m- Expected[39m
[31m+ Received[39m

[32m- [Error: rejected promise][39m
[31m+ Object {[39m
[31m+   "data": Object {[39m
[31m+     "data": "2",[39m
[31m+   },[39m
[31m+   "message": "Operation successful",[39m
[31m+   "success": true,[39m
[31m+ }[39m

[36m [2mÔØ»[22m tests/unit/composables/useApi.test.ts:[2m346:51[22m[39m
    [90m344| [39m        [33m.[39m[34mmockRejectedValueOnce[39m(error)[33m;[39m
    [90m345| [39m
    [90m346| [39m      [35mawait[39m [34mexpect[39m([34mapiFetch[39m([32m'/protected-endpoint'[39m))[33m.[39mrejects[33m.[39m[34mtoThrow[39m()[33m;[39m
    [90m   | [39m                                                  [31m^[39m
    [90m347| [39m    })[33m;[39m
    [90m348| [39m  })[33m;[39m

[31m[2mÔÄ»ÔÄ»ÔÄ»ÔÄ»ÔÄ»ÔÄ»ÔÄ»ÔÄ»ÔÄ»ÔÄ»ÔÄ»ÔÄ»ÔÄ»ÔÄ»ÔÄ»ÔÄ»ÔÄ»ÔÄ»ÔÄ»ÔÄ»ÔÄ»ÔÄ»ÔÄ»[8/41]ÔÄ»[22m[39m

[31m[1m[7m FAIL [27m[22m[39m tests/unit/composables/useCase.test.ts[2m > [22museCase Composable[2m > [22mGet Cases[2m > [22mshould fetch all cases
[31m[1mAssertionError[22m: expected { success: true, ÔÇª(2) } to have property 'length'[39m
[36m [2mÔØ»[22m tests/unit/composables/useCase.test.ts:[2m63:27[22m[39m
    [90m 61| [39m      [35mconst[39m result [33m=[39m [35mawait[39m [34mgetCases[39m()[33m;[39m
    [90m 62| [39m
    [90m 63| [39m      [34mexpect[39m(result[33m.[39mdata)[33m.[39m[34mtoHaveLength[39m([34m2[39m)[33m;[39m
    [90m   | [39m                          [31m^[39m
    [90m 64| [39m      [34mexpect[39m(result[33m.[39msuccess)[33m.[39m[34mtoBe[39m([35mtrue[39m)[33m;[39m
    [90m 65| [39m    })[33m;[39m

[31m[2mÔÄ»ÔÄ»ÔÄ»ÔÄ»ÔÄ»ÔÄ»ÔÄ»ÔÄ»ÔÄ»ÔÄ»ÔÄ»ÔÄ»ÔÄ»ÔÄ»ÔÄ»ÔÄ»ÔÄ»ÔÄ»ÔÄ»ÔÄ»ÔÄ»ÔÄ»ÔÄ»[9/41]ÔÄ»[22m[39m

[31m[1m[7m FAIL [27m[22m[39m tests/unit/composables/useCase.test.ts[2m > [22museCase Composable[2m > [22mEdge Cases[2m > [22mshould handle empty cases list
[31m[1mAssertionError[22m: expected { success: true, data: [], ÔÇª(1) } to deeply equal [][39m

[32m- Expected:[39m 
Array []

[31m+ Received:[39m 
Object {
  "data": Array [],
  "message": "Success",
  "success": true,
}

[36m [2mÔØ»[22m tests/unit/composables/useCase.test.ts:[2m123:27[22m[39m
    [90m121| [39m      [35mconst[39m result [33m=[39m [35mawait[39m [34mgetCases[39m()[33m;[39m
    [90m122| [39m
    [90m123| [39m      [34mexpect[39m(result[33m.[39mdata)[33m.[39m[34mtoEqual[39m([])[33m;[39m
    [90m   | [39m                          [31m^[39m
    [90m124| [39m      [34mexpect[39m(result[33m.[39msuccess)[33m.[39m[34mtoBe[39m([35mtrue[39m)[33m;[39m
    [90m125| [39m    })[33m;[39m

[31m[2mÔÄ»ÔÄ»ÔÄ»ÔÄ»ÔÄ»ÔÄ»ÔÄ»ÔÄ»ÔÄ»ÔÄ»ÔÄ»ÔÄ»ÔÄ»ÔÄ»ÔÄ»ÔÄ»ÔÄ»ÔÄ»ÔÄ»ÔÄ»ÔÄ»ÔÄ»[10/41]ÔÄ»[22m[39m

[31m[1m[7m FAIL [27m[22m[39m tests/unit/composables/useClient.test.ts[2m > [22museClient Composable[2m > [22mGet Client[2m > [22mshould fetch client by ID
[31m[1mReferenceError[22m: useApi is not defined[39m
[36m [2mÔØ»[22m Module.useClient composables/useClient.ts:[2m10:24[22m[39m
    [90m  8| [39m
    [90m  9| [39m[35mexport[39m [35mconst[39m useClient [33m=[39m () [33m=>[39m {
    [90m 10| [39m  [35mconst[39m { apiFetch } [33m=[39m [34museApi[39m()[33m;[39m
    [90m   | [39m                       [31m^[39m
    [90m 11| [39m
    [90m 12| [39m
[90m [2mÔØ»[22m tests/unit/composables/useClient.test.ts:[2m75:29[22m[39m

[31m[2mÔÄ»ÔÄ»ÔÄ»ÔÄ»ÔÄ»ÔÄ»ÔÄ»ÔÄ»ÔÄ»ÔÄ»ÔÄ»ÔÄ»ÔÄ»ÔÄ»ÔÄ»ÔÄ»ÔÄ»ÔÄ»ÔÄ»ÔÄ»ÔÄ»ÔÄ»[11/41]ÔÄ»[22m[39m

[31m[1m[7m FAIL [27m[22m[39m tests/unit/composables/useClient.test.ts[2m > [22museClient Composable[2m > [22mGet Client[2m > [22mshould handle not found error
[31m[1mReferenceError[22m: useApi is not defined[39m
[36m [2mÔØ»[22m Module.useClient composables/useClient.ts:[2m10:24[22m[39m
    [90m  8| [39m
    [90m  9| [39m[35mexport[39m [35mconst[39m useClient [33m=[39m () [33m=>[39m {
    [90m 10| [39m  [35mconst[39m { apiFetch } [33m=[39m [34museApi[39m()[33m;[39m
    [90m   | [39m                       [31m^[39m
    [90m 11| [39m
    [90m 12| [39m
[90m [2mÔØ»[22m tests/unit/composables/useClient.test.ts:[2m86:29[22m[39m

[31m[2mÔÄ»ÔÄ»ÔÄ»ÔÄ»ÔÄ»ÔÄ»ÔÄ»ÔÄ»ÔÄ»ÔÄ»ÔÄ»ÔÄ»ÔÄ»ÔÄ»ÔÄ»ÔÄ»ÔÄ»ÔÄ»ÔÄ»ÔÄ»ÔÄ»ÔÄ»[12/41]ÔÄ»[22m[39m

[31m[1m[7m FAIL [27m[22m[39m tests/unit/composables/useClient.test.ts[2m > [22museClient Composable[2m > [22mCreate Client[2m > [22mshould create client successfully
[31m[1mReferenceError[22m: useApi is not defined[39m
[36m [2mÔØ»[22m Module.useClient composables/useClient.ts:[2m10:24[22m[39m
    [90m  8| [39m
    [90m  9| [39m[35mexport[39m [35mconst[39m useClient [33m=[39m () [33m=>[39m {
    [90m 10| [39m  [35mconst[39m { apiFetch } [33m=[39m [34museApi[39m()[33m;[39m
    [90m   | [39m                       [31m^[39m
    [90m 11| [39m
    [90m 12| [39m
[90m [2mÔØ»[22m tests/unit/composables/useClient.test.ts:[2m130:32[22m[39m

[31m[2mÔÄ»ÔÄ»ÔÄ»ÔÄ»ÔÄ»ÔÄ»ÔÄ»ÔÄ»ÔÄ»ÔÄ»ÔÄ»ÔÄ»ÔÄ»ÔÄ»ÔÄ»ÔÄ»ÔÄ»ÔÄ»ÔÄ»ÔÄ»ÔÄ»ÔÄ»[13/41]ÔÄ»[22m[39m

[31m[1m[7m FAIL [27m[22m[39m tests/unit/composables/useClient.test.ts[2m > [22museClient Composable[2m > [22mCreate Client[2m > [22mshould handle duplicate email 
error
[31m[1mReferenceError[22m: useApi is not defined[39m
[36m [2mÔØ»[22m Module.useClient composables/useClient.ts:[2m10:24[22m[39m
    [90m  8| [39m
    [90m  9| [39m[35mexport[39m [35mconst[39m useClient [33m=[39m () [33m=>[39m {
    [90m 10| [39m  [35mconst[39m { apiFetch } [33m=[39m [34museApi[39m()[33m;[39m
    [90m   | [39m                       [31m^[39m
    [90m 11| [39m
    [90m 12| [39m
[90m [2mÔØ»[22m tests/unit/composables/useClient.test.ts:[2m147:32[22m[39m

[31m[2mÔÄ»ÔÄ»ÔÄ»ÔÄ»ÔÄ»ÔÄ»ÔÄ»ÔÄ»ÔÄ»ÔÄ»ÔÄ»ÔÄ»ÔÄ»ÔÄ»ÔÄ»ÔÄ»ÔÄ»ÔÄ»ÔÄ»ÔÄ»ÔÄ»ÔÄ»[14/41]ÔÄ»[22m[39m

[31m[1m[7m FAIL [27m[22m[39m tests/unit/composables/useClient.test.ts[2m > [22museClient Composable[2m > [22mUpdate Client[2m > [22mshould update client successfully
[31m[1mReferenceError[22m: useApi is not defined[39m
[36m [2mÔØ»[22m Module.useClient composables/useClient.ts:[2m10:24[22m[39m
    [90m  8| [39m
    [90m  9| [39m[35mexport[39m [35mconst[39m useClient [33m=[39m () [33m=>[39m {
    [90m 10| [39m  [35mconst[39m { apiFetch } [33m=[39m [34museApi[39m()[33m;[39m
    [90m   | [39m                       [31m^[39m
    [90m 11| [39m
    [90m 12| [39m
[90m [2mÔØ»[22m tests/unit/composables/useClient.test.ts:[2m162:32[22m[39m

[31m[2mÔÄ»ÔÄ»ÔÄ»ÔÄ»ÔÄ»ÔÄ»ÔÄ»ÔÄ»ÔÄ»ÔÄ»ÔÄ»ÔÄ»ÔÄ»ÔÄ»ÔÄ»ÔÄ»ÔÄ»ÔÄ»ÔÄ»ÔÄ»ÔÄ»ÔÄ»[15/41]ÔÄ»[22m[39m

[31m[1m[7m FAIL [27m[22m[39m tests/unit/composables/useClient.test.ts[2m > [22museClient Composable[2m > [22mDelete Client[2m > [22mshould delete client successfully
[31m[1mReferenceError[22m: useApi is not defined[39m
[36m [2mÔØ»[22m Module.useClient composables/useClient.ts:[2m10:24[22m[39m
    [90m  8| [39m
    [90m  9| [39m[35mexport[39m [35mconst[39m useClient [33m=[39m () [33m=>[39m {
    [90m 10| [39m  [35mconst[39m { apiFetch } [33m=[39m [34museApi[39m()[33m;[39m
    [90m   | [39m                       [31m^[39m
    [90m 11| [39m
    [90m 12| [39m
[90m [2mÔØ»[22m tests/unit/composables/useClient.test.ts:[2m175:32[22m[39m

[31m[2mÔÄ»ÔÄ»ÔÄ»ÔÄ»ÔÄ»ÔÄ»ÔÄ»ÔÄ»ÔÄ»ÔÄ»ÔÄ»ÔÄ»ÔÄ»ÔÄ»ÔÄ»ÔÄ»ÔÄ»ÔÄ»ÔÄ»ÔÄ»ÔÄ»ÔÄ»[16/41]ÔÄ»[22m[39m

[31m[1m[7m FAIL [27m[22m[39m tests/unit/composables/useClient.test.ts[2m > [22museClient Composable[2m > [22mEdge Cases[2m > [22mshould handle empty client list
[31m[1mReferenceError[22m: useApi is not defined[39m
[36m [2mÔØ»[22m Module.useClient composables/useClient.ts:[2m10:24[22m[39m
    [90m  8| [39m
    [90m  9| [39m[35mexport[39m [35mconst[39m useClient [33m=[39m () [33m=>[39m {
    [90m 10| [39m  [35mconst[39m { apiFetch } [33m=[39m [34museApi[39m()[33m;[39m
    [90m   | [39m                       [31m^[39m
    [90m 11| [39m
    [90m 12| [39m
[90m [2mÔØ»[22m tests/unit/composables/useClient.test.ts:[2m186:30[22m[39m

[31m[2mÔÄ»ÔÄ»ÔÄ»ÔÄ»ÔÄ»ÔÄ»ÔÄ»ÔÄ»ÔÄ»ÔÄ»ÔÄ»ÔÄ»ÔÄ»ÔÄ»ÔÄ»ÔÄ»ÔÄ»ÔÄ»ÔÄ»ÔÄ»ÔÄ»ÔÄ»[17/41]ÔÄ»[22m[39m

[31m[1m[7m FAIL [27m[22m[39m tests/unit/composables/useDocument.test.ts[2m > [22museDocument Composable[2m > [22mEdge Cases[2m > [22mshould handle network errors 
during upload
[31m[1mAssertionError[22m: expected true to be false // Object.is equality[39m

[32m- Expected[39m
[31m+ Received[39m

[32m- false[39m
[31m+ true[39m

[36m [2mÔØ»[22m tests/unit/composables/useDocument.test.ts:[2m252:30[22m[39m
    [90m250| [39m      [35mconst[39m result [33m=[39m [35mawait[39m [34muploadDocument[39m([35mnew[39m [33mFormData[39m())[33m;[39m
    [90m251| [39m
    [90m252| [39m      [34mexpect[39m(result[33m.[39msuccess)[33m.[39m[34mtoBe[39m([35mfalse[39m)[33m;[39m
    [90m   | [39m                             [31m^[39m
    [90m253| [39m    })[33m;[39m
    [90m254| [39m  })[33m;[39m

[31m[2mÔÄ»ÔÄ»ÔÄ»ÔÄ»ÔÄ»ÔÄ»ÔÄ»ÔÄ»ÔÄ»ÔÄ»ÔÄ»ÔÄ»ÔÄ»ÔÄ»ÔÄ»ÔÄ»ÔÄ»ÔÄ»ÔÄ»ÔÄ»ÔÄ»ÔÄ»[18/41]ÔÄ»[22m[39m

[31m[1m[7m FAIL [27m[22m[39m tests/unit/composables/useLawyer.test.ts[2m > [22museLawyer Composable[2m > [22mGet Lawyers[2m > [22mshould fetch all lawyers
[31m[1mReferenceError[22m: useApi is not defined[39m
[36m [2mÔØ»[22m Module.useLawyer composables/useLawyer.ts:[2m11:24[22m[39m
    [90m  9| [39m
    [90m 10| [39m[35mexport[39m [35mconst[39m useLawyer [33m=[39m () [33m=>[39m {
    [90m 11| [39m  [35mconst[39m { apiFetch } [33m=[39m [34museApi[39m()[33m;[39m
    [90m   | [39m                       [31m^[39m
    [90m 12| [39m
    [90m 13| [39m
[90m [2mÔØ»[22m tests/unit/composables/useLawyer.test.ts:[2m107:30[22m[39m

[31m[2mÔÄ»ÔÄ»ÔÄ»ÔÄ»ÔÄ»ÔÄ»ÔÄ»ÔÄ»ÔÄ»ÔÄ»ÔÄ»ÔÄ»ÔÄ»ÔÄ»ÔÄ»ÔÄ»ÔÄ»ÔÄ»ÔÄ»ÔÄ»ÔÄ»ÔÄ»[19/41]ÔÄ»[22m[39m

[31m[1m[7m FAIL [27m[22m[39m tests/unit/composables/useLawyer.test.ts[2m > [22museLawyer Composable[2m > [22mGet Lawyers[2m > [22mshould fetch lawyers with filters
[31m[1mReferenceError[22m: useApi is not defined[39m
[36m [2mÔØ»[22m Module.useLawyer composables/useLawyer.ts:[2m11:24[22m[39m
    [90m  9| [39m
    [90m 10| [39m[35mexport[39m [35mconst[39m useLawyer [33m=[39m () [33m=>[39m {
    [90m 11| [39m  [35mconst[39m { apiFetch } [33m=[39m [34museApi[39m()[33m;[39m
    [90m   | [39m                       [31m^[39m
    [90m 12| [39m
    [90m 13| [39m
[90m [2mÔØ»[22m tests/unit/composables/useLawyer.test.ts:[2m121:30[22m[39m

[31m[2mÔÄ»ÔÄ»ÔÄ»ÔÄ»ÔÄ»ÔÄ»ÔÄ»ÔÄ»ÔÄ»ÔÄ»ÔÄ»ÔÄ»ÔÄ»ÔÄ»ÔÄ»ÔÄ»ÔÄ»ÔÄ»ÔÄ»ÔÄ»ÔÄ»ÔÄ»[20/41]ÔÄ»[22m[39m

[31m[1m[7m FAIL [27m[22m[39m tests/unit/composables/useLawyer.test.ts[2m > [22museLawyer Composable[2m > [22mGet Lawyer by ID[2m > [22mshould fetch lawyer profile
[31m[1mReferenceError[22m: useApi is not defined[39m
[36m [2mÔØ»[22m Module.useLawyer composables/useLawyer.ts:[2m11:24[22m[39m
    [90m  9| [39m
    [90m 10| [39m[35mexport[39m [35mconst[39m useLawyer [33m=[39m () [33m=>[39m {
    [90m 11| [39m  [35mconst[39m { apiFetch } [33m=[39m [34museApi[39m()[33m;[39m
    [90m   | [39m                       [31m^[39m
    [90m 12| [39m
    [90m 13| [39m
[90m [2mÔØ»[22m tests/unit/composables/useLawyer.test.ts:[2m141:29[22m[39m

[31m[2mÔÄ»ÔÄ»ÔÄ»ÔÄ»ÔÄ»ÔÄ»ÔÄ»ÔÄ»ÔÄ»ÔÄ»ÔÄ»ÔÄ»ÔÄ»ÔÄ»ÔÄ»ÔÄ»ÔÄ»ÔÄ»ÔÄ»ÔÄ»ÔÄ»ÔÄ»[21/41]ÔÄ»[22m[39m

[31m[1m[7m FAIL [27m[22m[39m tests/unit/composables/useLawyer.test.ts[2m > [22museLawyer Composable[2m > [22mGet Lawyer by ID[2m > [22mshould handle not found error
[31m[1mReferenceError[22m: useApi is not defined[39m
[36m [2mÔØ»[22m Module.useLawyer composables/useLawyer.ts:[2m11:24[22m[39m
    [90m  9| [39m
    [90m 10| [39m[35mexport[39m [35mconst[39m useLawyer [33m=[39m () [33m=>[39m {
    [90m 11| [39m  [35mconst[39m { apiFetch } [33m=[39m [34museApi[39m()[33m;[39m
    [90m   | [39m                       [31m^[39m
    [90m 12| [39m
    [90m 13| [39m
[90m [2mÔØ»[22m tests/unit/composables/useLawyer.test.ts:[2m152:29[22m[39m

[31m[2mÔÄ»ÔÄ»ÔÄ»ÔÄ»ÔÄ»ÔÄ»ÔÄ»ÔÄ»ÔÄ»ÔÄ»ÔÄ»ÔÄ»ÔÄ»ÔÄ»ÔÄ»ÔÄ»ÔÄ»ÔÄ»ÔÄ»ÔÄ»ÔÄ»ÔÄ»[22/41]ÔÄ»[22m[39m

[31m[1m[7m FAIL [27m[22m[39m tests/unit/composables/useLawyer.test.ts[2m > [22museLawyer Composable[2m > [22mLawyer Requests[2m > [22mshould create lawyer request 
successfully
[31m[1mReferenceError[22m: useApi is not defined[39m
[36m [2mÔØ»[22m Module.useLawyer composables/useLawyer.ts:[2m11:24[22m[39m
    [90m  9| [39m
    [90m 10| [39m[35mexport[39m [35mconst[39m useLawyer [33m=[39m () [33m=>[39m {
    [90m 11| [39m  [35mconst[39m { apiFetch } [33m=[39m [34museApi[39m()[33m;[39m
    [90m   | [39m                       [31m^[39m
    [90m 12| [39m
    [90m 13| [39m
[90m [2mÔØ»[22m tests/unit/composables/useLawyer.test.ts:[2m161:39[22m[39m

[31m[2mÔÄ»ÔÄ»ÔÄ»ÔÄ»ÔÄ»ÔÄ»ÔÄ»ÔÄ»ÔÄ»ÔÄ»ÔÄ»ÔÄ»ÔÄ»ÔÄ»ÔÄ»ÔÄ»ÔÄ»ÔÄ»ÔÄ»ÔÄ»ÔÄ»ÔÄ»[23/41]ÔÄ»[22m[39m

[31m[1m[7m FAIL [27m[22m[39m tests/unit/composables/useLawyer.test.ts[2m > [22museLawyer Composable[2m > [22mLawyer Requests[2m > [22mshould handle validation errors
[31m[1mReferenceError[22m: useApi is not defined[39m
[36m [2mÔØ»[22m Module.useLawyer composables/useLawyer.ts:[2m11:24[22m[39m
    [90m  9| [39m
    [90m 10| [39m[35mexport[39m [35mconst[39m useLawyer [33m=[39m () [33m=>[39m {
    [90m 11| [39m  [35mconst[39m { apiFetch } [33m=[39m [34museApi[39m()[33m;[39m
    [90m   | [39m                       [31m^[39m
    [90m 12| [39m
    [90m 13| [39m
[90m [2mÔØ»[22m tests/unit/composables/useLawyer.test.ts:[2m179:39[22m[39m

[31m[2mÔÄ»ÔÄ»ÔÄ»ÔÄ»ÔÄ»ÔÄ»ÔÄ»ÔÄ»ÔÄ»ÔÄ»ÔÄ»ÔÄ»ÔÄ»ÔÄ»ÔÄ»ÔÄ»ÔÄ»ÔÄ»ÔÄ»ÔÄ»ÔÄ»ÔÄ»[24/41]ÔÄ»[22m[39m

[31m[1m[7m FAIL [27m[22m[39m tests/unit/composables/useLawyer.test.ts[2m > [22museLawyer Composable[2m > [22mUpdate Lawyer Profile[2m > [22mshould update profile 
successfully
[31m[1mReferenceError[22m: useApi is not defined[39m
[36m [2mÔØ»[22m Module.useLawyer composables/useLawyer.ts:[2m11:24[22m[39m
    [90m  9| [39m
    [90m 10| [39m[35mexport[39m [35mconst[39m useLawyer [33m=[39m () [33m=>[39m {
    [90m 11| [39m  [35mconst[39m { apiFetch } [33m=[39m [34museApi[39m()[33m;[39m
    [90m   | [39m                       [31m^[39m
    [90m 12| [39m
    [90m 13| [39m
[90m [2mÔØ»[22m tests/unit/composables/useLawyer.test.ts:[2m215:39[22m[39m

[31m[2mÔÄ»ÔÄ»ÔÄ»ÔÄ»ÔÄ»ÔÄ»ÔÄ»ÔÄ»ÔÄ»ÔÄ»ÔÄ»ÔÄ»ÔÄ»ÔÄ»ÔÄ»ÔÄ»ÔÄ»ÔÄ»ÔÄ»ÔÄ»ÔÄ»ÔÄ»[25/41]ÔÄ»[22m[39m

[31m[1m[7m FAIL [27m[22m[39m tests/unit/composables/useLawyer.test.ts[2m > [22museLawyer Composable[2m > [22mLawyer Availability[2m > [22mshould check lawyer 
availability
[31m[1mReferenceError[22m: useApi is not defined[39m
[36m [2mÔØ»[22m Module.useLawyer composables/useLawyer.ts:[2m11:24[22m[39m
    [90m  9| [39m
    [90m 10| [39m[35mexport[39m [35mconst[39m useLawyer [33m=[39m () [33m=>[39m {
    [90m 11| [39m  [35mconst[39m { apiFetch } [33m=[39m [34museApi[39m()[33m;[39m
    [90m   | [39m                       [31m^[39m
    [90m 12| [39m
    [90m 13| [39m
[90m [2mÔØ»[22m tests/unit/composables/useLawyer.test.ts:[2m231:37[22m[39m

[31m[2mÔÄ»ÔÄ»ÔÄ»ÔÄ»ÔÄ»ÔÄ»ÔÄ»ÔÄ»ÔÄ»ÔÄ»ÔÄ»ÔÄ»ÔÄ»ÔÄ»ÔÄ»ÔÄ»ÔÄ»ÔÄ»ÔÄ»ÔÄ»ÔÄ»ÔÄ»[26/41]ÔÄ»[22m[39m

[31m[1m[7m FAIL [27m[22m[39m tests/unit/composables/useLawyer.test.ts[2m > [22museLawyer Composable[2m > [22mLawyer Availability[2m > [22mshould handle unavailable 
slots
[31m[1mReferenceError[22m: useApi is not defined[39m
[36m [2mÔØ»[22m Module.useLawyer composables/useLawyer.ts:[2m11:24[22m[39m
    [90m  9| [39m
    [90m 10| [39m[35mexport[39m [35mconst[39m useLawyer [33m=[39m () [33m=>[39m {
    [90m 11| [39m  [35mconst[39m { apiFetch } [33m=[39m [34museApi[39m()[33m;[39m
    [90m   | [39m                       [31m^[39m
    [90m 12| [39m
    [90m 13| [39m
[90m [2mÔØ»[22m tests/unit/composables/useLawyer.test.ts:[2m245:37[22m[39m

[31m[2mÔÄ»ÔÄ»ÔÄ»ÔÄ»ÔÄ»ÔÄ»ÔÄ»ÔÄ»ÔÄ»ÔÄ»ÔÄ»ÔÄ»ÔÄ»ÔÄ»ÔÄ»ÔÄ»ÔÄ»ÔÄ»ÔÄ»ÔÄ»ÔÄ»ÔÄ»[27/41]ÔÄ»[22m[39m

[31m[1m[7m FAIL [27m[22m[39m tests/unit/composables/useLawyer.test.ts[2m > [22museLawyer Composable[2m > [22mEdge Cases[2m > [22mshould handle empty lawyers list
[31m[1mReferenceError[22m: useApi is not defined[39m
[36m [2mÔØ»[22m Module.useLawyer composables/useLawyer.ts:[2m11:24[22m[39m
    [90m  9| [39m
    [90m 10| [39m[35mexport[39m [35mconst[39m useLawyer [33m=[39m () [33m=>[39m {
    [90m 11| [39m  [35mconst[39m { apiFetch } [33m=[39m [34museApi[39m()[33m;[39m
    [90m   | [39m                       [31m^[39m
    [90m 12| [39m
    [90m 13| [39m
[90m [2mÔØ»[22m tests/unit/composables/useLawyer.test.ts:[2m289:30[22m[39m

[31m[2mÔÄ»ÔÄ»ÔÄ»ÔÄ»ÔÄ»ÔÄ»ÔÄ»ÔÄ»ÔÄ»ÔÄ»ÔÄ»ÔÄ»ÔÄ»ÔÄ»ÔÄ»ÔÄ»ÔÄ»ÔÄ»ÔÄ»ÔÄ»ÔÄ»ÔÄ»[28/41]ÔÄ»[22m[39m

[31m[1m[7m FAIL [27m[22m[39m tests/unit/composables/useLawyer.test.ts[2m > [22museLawyer Composable[2m > [22mEdge Cases[2m > [22mshould handle unauthorized access
[31m[1mReferenceError[22m: useApi is not defined[39m
[36m [2mÔØ»[22m Module.useLawyer composables/useLawyer.ts:[2m11:24[22m[39m
    [90m  9| [39m
    [90m 10| [39m[35mexport[39m [35mconst[39m useLawyer [33m=[39m () [33m=>[39m {
    [90m 11| [39m  [35mconst[39m { apiFetch } [33m=[39m [34museApi[39m()[33m;[39m
    [90m   | [39m                       [31m^[39m
    [90m 12| [39m
    [90m 13| [39m
[90m [2mÔØ»[22m tests/unit/composables/useLawyer.test.ts:[2m307:30[22m[39m

[31m[2mÔÄ»ÔÄ»ÔÄ»ÔÄ»ÔÄ»ÔÄ»ÔÄ»ÔÄ»ÔÄ»ÔÄ»ÔÄ»ÔÄ»ÔÄ»ÔÄ»ÔÄ»ÔÄ»ÔÄ»ÔÄ»ÔÄ»ÔÄ»ÔÄ»ÔÄ»[29/41]ÔÄ»[22m[39m

[31m[1m[7m FAIL [27m[22m[39m tests/unit/stores/notifications.store.test.ts[2m > [22mNotifications Store[2m > [22mNotification Retrieval[2m > [22mshould fetch 
notifications successfully
[31m[1mReferenceError[22m: useCase is not defined[39m
[36m [2mÔØ»[22m Proxy.fetchNotifications stores/notifications.ts:[2m60:36[22m[39m
    [90m 58| [39m    [35masync[39m [34mfetchNotifications[39m() {
    [90m 59| [39m      [35mconst[39m authStore [33m=[39m [34museAuthStore[39m()[33m;[39m
    [90m 60| [39m      [35mconst[39m { getPendingOffers } [33m=[39m [34museCase[39m()[33m;[39m
    [90m   | [39m                                   [31m^[39m
    [90m 61| [39m
    [90m 62| [39m      [35mif[39m ([33m![39mauthStore[33m.[39misAuthenticated [33m||[39m [33m![39mauthStore[33m.[39muser) [35mreturn[39m[33m;[39m
[90m [2mÔØ»[22m Proxy.wrappedAction node_modules/pinia/dist/pinia.mjs:[2m1399:26[22m[39m
[90m [2mÔØ»[22m tests/unit/stores/notifications.store.test.ts:[2m53:19[22m[39m

[31m[2mÔÄ»ÔÄ»ÔÄ»ÔÄ»ÔÄ»ÔÄ»ÔÄ»ÔÄ»ÔÄ»ÔÄ»ÔÄ»ÔÄ»ÔÄ»ÔÄ»ÔÄ»ÔÄ»ÔÄ»ÔÄ»ÔÄ»ÔÄ»ÔÄ»ÔÄ»[30/41]ÔÄ»[22m[39m

[31m[1m[7m FAIL [27m[22m[39m tests/unit/stores/notifications.store.test.ts[2m > [22mNotifications Store[2m > [22mNotification Retrieval[2m > [22mshould handle fetch 
errors gracefully
[31m[1mReferenceError[22m: useCase is not defined[39m
[36m [2mÔØ»[22m Proxy.fetchNotifications stores/notifications.ts:[2m60:36[22m[39m
    [90m 58| [39m    [35masync[39m [34mfetchNotifications[39m() {
    [90m 59| [39m      [35mconst[39m authStore [33m=[39m [34museAuthStore[39m()[33m;[39m
    [90m 60| [39m      [35mconst[39m { getPendingOffers } [33m=[39m [34museCase[39m()[33m;[39m
    [90m   | [39m                                   [31m^[39m
    [90m 61| [39m
    [90m 62| [39m      [35mif[39m ([33m![39mauthStore[33m.[39misAuthenticated [33m||[39m [33m![39mauthStore[33m.[39muser) [35mreturn[39m[33m;[39m
[90m [2mÔØ»[22m Proxy.wrappedAction node_modules/pinia/dist/pinia.mjs:[2m1399:26[22m[39m
[90m [2mÔØ»[22m tests/unit/stores/notifications.store.test.ts:[2m63:19[22m[39m

[31m[2mÔÄ»ÔÄ»ÔÄ»ÔÄ»ÔÄ»ÔÄ»ÔÄ»ÔÄ»ÔÄ»ÔÄ»ÔÄ»ÔÄ»ÔÄ»ÔÄ»ÔÄ»ÔÄ»ÔÄ»ÔÄ»ÔÄ»ÔÄ»ÔÄ»ÔÄ»[31/41]ÔÄ»[22m[39m

[31m[1m[7m FAIL [27m[22m[39m tests/unit/stores/notifications.store.test.ts[2m > [22mNotifications Store[2m > [22mNotification Retrieval[2m > [22mshould set loading 
state during fetch
[31m[1mReferenceError[22m: useCase is not defined[39m
[36m [2mÔØ»[22m Proxy.fetchNotifications stores/notifications.ts:[2m60:36[22m[39m
    [90m 58| [39m    [35masync[39m [34mfetchNotifications[39m() {
    [90m 59| [39m      [35mconst[39m authStore [33m=[39m [34museAuthStore[39m()[33m;[39m
    [90m 60| [39m      [35mconst[39m { getPendingOffers } [33m=[39m [34museCase[39m()[33m;[39m
    [90m   | [39m                                   [31m^[39m
    [90m 61| [39m
    [90m 62| [39m      [35mif[39m ([33m![39mauthStore[33m.[39misAuthenticated [33m||[39m [33m![39mauthStore[33m.[39muser) [35mreturn[39m[33m;[39m
[90m [2mÔØ»[22m Proxy.wrappedAction node_modules/pinia/dist/pinia.mjs:[2m1399:26[22m[39m
[90m [2mÔØ»[22m tests/unit/stores/notifications.store.test.ts:[2m79:19[22m[39m

[31m[2mÔÄ»ÔÄ»ÔÄ»ÔÄ»ÔÄ»ÔÄ»ÔÄ»ÔÄ»ÔÄ»ÔÄ»ÔÄ»ÔÄ»ÔÄ»ÔÄ»ÔÄ»ÔÄ»ÔÄ»ÔÄ»ÔÄ»ÔÄ»ÔÄ»ÔÄ»[32/41]ÔÄ»[22m[39m

[31m[1m[7m FAIL [27m[22m[39m tests/unit/stores/notifications.store.test.ts[2m > [22mNotifications Store[2m > [22mUnread Count[2m > [22mshould calculate unread count 
correctly
[31m[1mReferenceError[22m: useCase is not defined[39m
[36m [2mÔØ»[22m Proxy.fetchNotifications stores/notifications.ts:[2m60:36[22m[39m
    [90m 58| [39m    [35masync[39m [34mfetchNotifications[39m() {
    [90m 59| [39m      [35mconst[39m authStore [33m=[39m [34museAuthStore[39m()[33m;[39m
    [90m 60| [39m      [35mconst[39m { getPendingOffers } [33m=[39m [34museCase[39m()[33m;[39m
    [90m   | [39m                                   [31m^[39m
    [90m 61| [39m
    [90m 62| [39m      [35mif[39m ([33m![39mauthStore[33m.[39misAuthenticated [33m||[39m [33m![39mauthStore[33m.[39muser) [35mreturn[39m[33m;[39m
[90m [2mÔØ»[22m Proxy.wrappedAction node_modules/pinia/dist/pinia.mjs:[2m1399:26[22m[39m
[90m [2mÔØ»[22m tests/unit/stores/notifications.store.test.ts:[2m96:19[22m[39m

[31m[2mÔÄ»ÔÄ»ÔÄ»ÔÄ»ÔÄ»ÔÄ»ÔÄ»ÔÄ»ÔÄ»ÔÄ»ÔÄ»ÔÄ»ÔÄ»ÔÄ»ÔÄ»ÔÄ»ÔÄ»ÔÄ»ÔÄ»ÔÄ»ÔÄ»ÔÄ»[33/41]ÔÄ»[22m[39m

[31m[1m[7m FAIL [27m[22m[39m tests/unit/stores/notifications.store.test.ts[2m > [22mNotifications Store[2m > [22mUnread Count[2m > [22mshould return zero when all 
notifications are read
[31m[1mReferenceError[22m: useCase is not defined[39m
[36m [2mÔØ»[22m Proxy.fetchNotifications stores/notifications.ts:[2m60:36[22m[39m
    [90m 58| [39m    [35masync[39m [34mfetchNotifications[39m() {
    [90m 59| [39m      [35mconst[39m authStore [33m=[39m [34museAuthStore[39m()[33m;[39m
    [90m 60| [39m      [35mconst[39m { getPendingOffers } [33m=[39m [34museCase[39m()[33m;[39m
    [90m   | [39m                                   [31m^[39m
    [90m 61| [39m
    [90m 62| [39m      [35mif[39m ([33m![39mauthStore[33m.[39misAuthenticated [33m||[39m [33m![39mauthStore[33m.[39muser) [35mreturn[39m[33m;[39m
[90m [2mÔØ»[22m Proxy.wrappedAction node_modules/pinia/dist/pinia.mjs:[2m1399:26[22m[39m
[90m [2mÔØ»[22m tests/unit/stores/notifications.store.test.ts:[2m110:19[22m[39m

[31m[2mÔÄ»ÔÄ»ÔÄ»ÔÄ»ÔÄ»ÔÄ»ÔÄ»ÔÄ»ÔÄ»ÔÄ»ÔÄ»ÔÄ»ÔÄ»ÔÄ»ÔÄ»ÔÄ»ÔÄ»ÔÄ»ÔÄ»ÔÄ»ÔÄ»ÔÄ»[34/41]ÔÄ»[22m[39m

[31m[1m[7m FAIL [27m[22m[39m tests/unit/stores/notifications.store.test.ts[2m > [22mNotifications Store[2m > [22mMark as Read[2m > [22mshould mark a notification as 
read
[31m[1mReferenceError[22m: useCase is not defined[39m
[36m [2mÔØ»[22m Proxy.fetchNotifications stores/notifications.ts:[2m60:36[22m[39m
    [90m 58| [39m    [35masync[39m [34mfetchNotifications[39m() {
    [90m 59| [39m      [35mconst[39m authStore [33m=[39m [34museAuthStore[39m()[33m;[39m
    [90m 60| [39m      [35mconst[39m { getPendingOffers } [33m=[39m [34museCase[39m()[33m;[39m
    [90m   | [39m                                   [31m^[39m
    [90m 61| [39m
    [90m 62| [39m      [35mif[39m ([33m![39mauthStore[33m.[39misAuthenticated [33m||[39m [33m![39mauthStore[33m.[39muser) [35mreturn[39m[33m;[39m
[90m [2mÔØ»[22m Proxy.wrappedAction node_modules/pinia/dist/pinia.mjs:[2m1399:26[22m[39m
[90m [2mÔØ»[22m tests/unit/stores/notifications.store.test.ts:[2m125:19[22m[39m

[31m[2mÔÄ»ÔÄ»ÔÄ»ÔÄ»ÔÄ»ÔÄ»ÔÄ»ÔÄ»ÔÄ»ÔÄ»ÔÄ»ÔÄ»ÔÄ»ÔÄ»ÔÄ»ÔÄ»ÔÄ»ÔÄ»ÔÄ»ÔÄ»ÔÄ»ÔÄ»[35/41]ÔÄ»[22m[39m

[31m[1m[7m FAIL [27m[22m[39m tests/unit/stores/notifications.store.test.ts[2m > [22mNotifications Store[2m > [22mFilter Notifications[2m > [22mshould filter by read 
status
[31m[1mReferenceError[22m: useCase is not defined[39m
[36m [2mÔØ»[22m Proxy.fetchNotifications stores/notifications.ts:[2m60:36[22m[39m
    [90m 58| [39m    [35masync[39m [34mfetchNotifications[39m() {
    [90m 59| [39m      [35mconst[39m authStore [33m=[39m [34museAuthStore[39m()[33m;[39m
    [90m 60| [39m      [35mconst[39m { getPendingOffers } [33m=[39m [34museCase[39m()[33m;[39m
    [90m   | [39m                                   [31m^[39m
    [90m 61| [39m
    [90m 62| [39m      [35mif[39m ([33m![39mauthStore[33m.[39misAuthenticated [33m||[39m [33m![39mauthStore[33m.[39muser) [35mreturn[39m[33m;[39m
[90m [2mÔØ»[22m Proxy.wrappedAction node_modules/pinia/dist/pinia.mjs:[2m1399:26[22m[39m
[90m [2mÔØ»[22m tests/unit/stores/notifications.store.test.ts:[2m197:19[22m[39m

[31m[2mÔÄ»ÔÄ»ÔÄ»ÔÄ»ÔÄ»ÔÄ»ÔÄ»ÔÄ»ÔÄ»ÔÄ»ÔÄ»ÔÄ»ÔÄ»ÔÄ»ÔÄ»ÔÄ»ÔÄ»ÔÄ»ÔÄ»ÔÄ»ÔÄ»ÔÄ»[36/41]ÔÄ»[22m[39m

[31m[1m[7m FAIL [27m[22m[39m tests/unit/stores/notifications.store.test.ts[2m > [22mNotifications Store[2m > [22mFilter Notifications[2m > [22mshould filter by 
notification type
[31m[1mReferenceError[22m: useCase is not defined[39m
[36m [2mÔØ»[22m Proxy.fetchNotifications stores/notifications.ts:[2m60:36[22m[39m
    [90m 58| [39m    [35masync[39m [34mfetchNotifications[39m() {
    [90m 59| [39m      [35mconst[39m authStore [33m=[39m [34museAuthStore[39m()[33m;[39m
    [90m 60| [39m      [35mconst[39m { getPendingOffers } [33m=[39m [34museCase[39m()[33m;[39m
    [90m   | [39m                                   [31m^[39m
    [90m 61| [39m
    [90m 62| [39m      [35mif[39m ([33m![39mauthStore[33m.[39misAuthenticated [33m||[39m [33m![39mauthStore[33m.[39muser) [35mreturn[39m[33m;[39m
[90m [2mÔØ»[22m Proxy.wrappedAction node_modules/pinia/dist/pinia.mjs:[2m1399:26[22m[39m
[90m [2mÔØ»[22m tests/unit/stores/notifications.store.test.ts:[2m213:19[22m[39m

[31m[2mÔÄ»ÔÄ»ÔÄ»ÔÄ»ÔÄ»ÔÄ»ÔÄ»ÔÄ»ÔÄ»ÔÄ»ÔÄ»ÔÄ»ÔÄ»ÔÄ»ÔÄ»ÔÄ»ÔÄ»ÔÄ»ÔÄ»ÔÄ»ÔÄ»ÔÄ»[37/41]ÔÄ»[22m[39m

[31m[1m[7m FAIL [27m[22m[39m tests/unit/stores/notifications.store.test.ts[2m > [22mNotifications Store[2m > [22mMark All as Read[2m > [22mshould mark all 
notifications as read
[31m[1mReferenceError[22m: useCase is not defined[39m
[36m [2mÔØ»[22m Proxy.fetchNotifications stores/notifications.ts:[2m60:36[22m[39m
    [90m 58| [39m    [35masync[39m [34mfetchNotifications[39m() {
    [90m 59| [39m      [35mconst[39m authStore [33m=[39m [34museAuthStore[39m()[33m;[39m
    [90m 60| [39m      [35mconst[39m { getPendingOffers } [33m=[39m [34museCase[39m()[33m;[39m
    [90m   | [39m                                   [31m^[39m
    [90m 61| [39m
    [90m 62| [39m      [35mif[39m ([33m![39mauthStore[33m.[39misAuthenticated [33m||[39m [33m![39mauthStore[33m.[39muser) [35mreturn[39m[33m;[39m
[90m [2mÔØ»[22m Proxy.wrappedAction node_modules/pinia/dist/pinia.mjs:[2m1399:26[22m[39m
[90m [2mÔØ»[22m tests/unit/stores/notifications.store.test.ts:[2m231:19[22m[39m

[31m[2mÔÄ»ÔÄ»ÔÄ»ÔÄ»ÔÄ»ÔÄ»ÔÄ»ÔÄ»ÔÄ»ÔÄ»ÔÄ»ÔÄ»ÔÄ»ÔÄ»ÔÄ»ÔÄ»ÔÄ»ÔÄ»ÔÄ»ÔÄ»ÔÄ»ÔÄ»[38/41]ÔÄ»[22m[39m

[31m[1m[7m FAIL [27m[22m[39m tests/unit/stores/notifications.store.test.ts[2m > [22mNotifications Store[2m > [22mDelete Notification[2m > [22mshould delete a 
notification
[31m[1mReferenceError[22m: useCase is not defined[39m
[36m [2mÔØ»[22m Proxy.fetchNotifications stores/notifications.ts:[2m60:36[22m[39m
    [90m 58| [39m    [35masync[39m [34mfetchNotifications[39m() {
    [90m 59| [39m      [35mconst[39m authStore [33m=[39m [34museAuthStore[39m()[33m;[39m
    [90m 60| [39m      [35mconst[39m { getPendingOffers } [33m=[39m [34museCase[39m()[33m;[39m
    [90m   | [39m                                   [31m^[39m
    [90m 61| [39m
    [90m 62| [39m      [35mif[39m ([33m![39mauthStore[33m.[39misAuthenticated [33m||[39m [33m![39mauthStore[33m.[39muser) [35mreturn[39m[33m;[39m
[90m [2mÔØ»[22m Proxy.wrappedAction node_modules/pinia/dist/pinia.mjs:[2m1399:26[22m[39m
[90m [2mÔØ»[22m tests/unit/stores/notifications.store.test.ts:[2m252:19[22m[39m

[31m[2mÔÄ»ÔÄ»ÔÄ»ÔÄ»ÔÄ»ÔÄ»ÔÄ»ÔÄ»ÔÄ»ÔÄ»ÔÄ»ÔÄ»ÔÄ»ÔÄ»ÔÄ»ÔÄ»ÔÄ»ÔÄ»ÔÄ»ÔÄ»ÔÄ»ÔÄ»[39/41]ÔÄ»[22m[39m

[31m[1m[7m FAIL [27m[22m[39m tests/unit/stores/notifications.store.test.ts[2m > [22mNotifications Store[2m > [22mEdge Cases[2m > [22mshould handle empty 
notifications array
[31m[1mReferenceError[22m: useCase is not defined[39m
[36m [2mÔØ»[22m Proxy.fetchNotifications stores/notifications.ts:[2m60:36[22m[39m
    [90m 58| [39m    [35masync[39m [34mfetchNotifications[39m() {
    [90m 59| [39m      [35mconst[39m authStore [33m=[39m [34museAuthStore[39m()[33m;[39m
    [90m 60| [39m      [35mconst[39m { getPendingOffers } [33m=[39m [34museCase[39m()[33m;[39m
    [90m   | [39m                                   [31m^[39m
    [90m 61| [39m
    [90m 62| [39m      [35mif[39m ([33m![39mauthStore[33m.[39misAuthenticated [33m||[39m [33m![39mauthStore[33m.[39muser) [35mreturn[39m[33m;[39m
[90m [2mÔØ»[22m Proxy.wrappedAction node_modules/pinia/dist/pinia.mjs:[2m1399:26[22m[39m
[90m [2mÔØ»[22m tests/unit/stores/notifications.store.test.ts:[2m268:19[22m[39m

[31m[2mÔÄ»ÔÄ»ÔÄ»ÔÄ»ÔÄ»ÔÄ»ÔÄ»ÔÄ»ÔÄ»ÔÄ»ÔÄ»ÔÄ»ÔÄ»ÔÄ»ÔÄ»ÔÄ»ÔÄ»ÔÄ»ÔÄ»ÔÄ»ÔÄ»ÔÄ»[40/41]ÔÄ»[22m[39m

[31m[1m[7m FAIL [27m[22m[39m tests/unit/stores/notifications.store.test.ts[2m > [22mNotifications Store[2m > [22mEdge Cases[2m > [22mshould handle concurrent 
notification fetches
[31m[1mReferenceError[22m: useCase is not defined[39m
[36m [2mÔØ»[22m Proxy.fetchNotifications stores/notifications.ts:[2m60:36[22m[39m
    [90m 58| [39m    [35masync[39m [34mfetchNotifications[39m() {
    [90m 59| [39m      [35mconst[39m authStore [33m=[39m [34museAuthStore[39m()[33m;[39m
    [90m 60| [39m      [35mconst[39m { getPendingOffers } [33m=[39m [34museCase[39m()[33m;[39m
    [90m   | [39m                                   [31m^[39m
    [90m 61| [39m
    [90m 62| [39m      [35mif[39m ([33m![39mauthStore[33m.[39misAuthenticated [33m||[39m [33m![39mauthStore[33m.[39muser) [35mreturn[39m[33m;[39m
[90m [2mÔØ»[22m Proxy.wrappedAction node_modules/pinia/dist/pinia.mjs:[2m1399:26[22m[39m
[90m [2mÔØ»[22m tests/unit/stores/notifications.store.test.ts:[2m286:30[22m[39m

[31m[2mÔÄ»ÔÄ»ÔÄ»ÔÄ»ÔÄ»ÔÄ»ÔÄ»ÔÄ»ÔÄ»ÔÄ»ÔÄ»ÔÄ»ÔÄ»ÔÄ»ÔÄ»ÔÄ»ÔÄ»ÔÄ»ÔÄ»ÔÄ»ÔÄ»ÔÄ»[41/41]ÔÄ»[22m[39m

[2m Test Files [22m [1m[31m6 failed[39m[22m[2m | [22m[1m[32m2 passed[39m[22m[90m (8)[39m
[2m      Tests [22m [1m[31m41 failed[39m[22m[2m | [22m[1m[32m106 passed[39m[22m[90m (147)[39m
[2m   Start at [22m 16:05:26
[2m   Duration [22m 1.69s


[1m[7m[31m FAIL [39m[27m[22m[31m Tests failed. Watching for file changes...[39m
       [2mpress [22m[1mh[22m[2m to show help[22m[2m, [22m[2mpress [22m[1mq[22m[2m to quit[22m
